Component: Arm Compiler for Embedded 6.21 Tool: armlink [5ec1fa00]

==============================================================================

Section Cross References

    attitudethread.o(.text.AttitudeThread) refers to cmsis_os.o(.text.osDelay) for osDelay
    attitudethread.o(.text.AttitudeThread) refers to bmi088driver.o(.text.BMI088_init) for BMI088_init
    attitudethread.o(.text.AttitudeThread) refers to attitudethread.o(.bss.bmi088_real_data) for bmi088_real_data
    attitudethread.o(.text.AttitudeThread) refers to bmi088driver.o(.text.BMI088_read) for BMI088_read
    attitudethread.o(.text.AttitudeThread) refers to attitudethread.o(.bss.imu_temp_pid) for imu_temp_pid
    attitudethread.o(.text.AttitudeThread) refers to attitudethread.o(.rodata.imu_temp_PID) for imu_temp_PID
    attitudethread.o(.text.AttitudeThread) refers to pid.o(.text.PID_init) for PID_init
    attitudethread.o(.text.AttitudeThread) refers to spi.o(.bss.hspi1) for hspi1
    attitudethread.o(.text.AttitudeThread) refers to stm32f4xx_hal_spi.o(.text.HAL_SPI_Init) for HAL_SPI_Init
    attitudethread.o(.text.AttitudeThread) refers to main.o(.text.Error_Handler) for Error_Handler
    attitudethread.o(.text.AttitudeThread) refers to attitudethread.o(.data.gyro_dma_tx_buf) for gyro_dma_tx_buf
    attitudethread.o(.text.AttitudeThread) refers to attitudethread.o(.bss.gyro_dma_rx_buf) for gyro_dma_rx_buf
    attitudethread.o(.text.AttitudeThread) refers to bsp_spi.o(.text.SPI1_DMA_init) for SPI1_DMA_init
    attitudethread.o(.text.AttitudeThread) refers to attitudethread.o(.bss.imu_start_dma_flag) for imu_start_dma_flag
    attitudethread.o(.text.AttitudeThread) refers to attitudethread.o(.data.INS_quat) for INS_quat
    attitudethread.o(.text.AttitudeThread) refers to attitudethread.o(.text.AHRS_update) for AHRS_update
    attitudethread.o(.text.AttitudeThread) refers to attitudethread.o(.bss.INS_angle) for INS_angle
    attitudethread.o(.text.AttitudeThread) refers to attitudethread.o(.text.get_angle) for get_angle
    attitudethread.o(.ARM.exidx.text.AttitudeThread) refers to attitudethread.o(.text.AttitudeThread) for [Anonymous Symbol]
    attitudethread.o(.text.AHRS_update) refers to mahonyahrs.o(.text.MahonyAHRSupdate) for MahonyAHRSupdate
    attitudethread.o(.text.AHRS_update) refers to attitudethread.o(.bss.temp_bias) for temp_bias
    attitudethread.o(.text.AHRS_update) refers to attitudethread.o(.data.n) for n
    attitudethread.o(.text.AHRS_update) refers to dflt_clz.o(x$fpl$dflt) for __aeabi_i2d
    attitudethread.o(.text.AHRS_update) refers to f2d.o(x$fpl$f2d) for __aeabi_f2d
    attitudethread.o(.text.AHRS_update) refers to dmul.o(x$fpl$dmul) for __aeabi_dmul
    attitudethread.o(.text.AHRS_update) refers to daddsub_clz.o(x$fpl$dsub) for __aeabi_dsub
    attitudethread.o(.text.AHRS_update) refers to ddiv.o(x$fpl$ddiv) for __aeabi_ddiv
    attitudethread.o(.ARM.exidx.text.AHRS_update) refers to attitudethread.o(.text.AHRS_update) for [Anonymous Symbol]
    attitudethread.o(.text.get_angle) refers to atan2f.o(i.__hardfp_atan2f) for __hardfp_atan2f
    attitudethread.o(.text.get_angle) refers to asinf.o(i.__hardfp_asinf) for __hardfp_asinf
    attitudethread.o(.ARM.exidx.text.get_angle) refers to attitudethread.o(.text.get_angle) for [Anonymous Symbol]
    attitudethread.o(.text.get_gyro_data_point) refers to attitudethread.o(.bss.bmi088_real_data) for bmi088_real_data
    attitudethread.o(.ARM.exidx.text.get_gyro_data_point) refers to attitudethread.o(.text.get_gyro_data_point) for [Anonymous Symbol]
    attitudethread.o(.text.get_INS_angle_point) refers to attitudethread.o(.bss.INS_angle) for INS_angle
    attitudethread.o(.ARM.exidx.text.get_INS_angle_point) refers to attitudethread.o(.text.get_INS_angle_point) for [Anonymous Symbol]
    attitudethread.o(.text.GetCurrentQuaternion) refers to attitudethread.o(.data.INS_quat) for INS_quat
    attitudethread.o(.ARM.exidx.text.GetCurrentQuaternion) refers to attitudethread.o(.text.GetCurrentQuaternion) for [Anonymous Symbol]
    attitudethread.o(.text.GimbalEulerSystemMeasureUpdate) refers to attitudethread.o(.bss.INS_angle) for INS_angle
    attitudethread.o(.text.GimbalEulerSystemMeasureUpdate) refers to attitudethread.o(.bss.INS_palstance) for INS_palstance
    attitudethread.o(.ARM.exidx.text.GimbalEulerSystemMeasureUpdate) refers to attitudethread.o(.text.GimbalEulerSystemMeasureUpdate) for [Anonymous Symbol]
    attitudethread.o(.text.HAL_GPIO_EXTI_Callback) refers to attitudethread.o(.bss.accel_update_flag) for accel_update_flag
    attitudethread.o(.text.HAL_GPIO_EXTI_Callback) refers to attitudethread.o(.bss.accel_temp_update_flag) for accel_temp_update_flag
    attitudethread.o(.text.HAL_GPIO_EXTI_Callback) refers to attitudethread.o(.bss.imu_start_dma_flag) for imu_start_dma_flag
    attitudethread.o(.text.HAL_GPIO_EXTI_Callback) refers to attitudethread.o(.text.imu_cmd_spi_dma) for imu_cmd_spi_dma
[...]
    0x080002de   0x080002de   0x00000006   Code   RO         2936    .ARM.Collect$$libinit$$00000011  c_w.l(libinit2.o)
    0x080002e4   0x080002e4   0x00000000   Code   RO         2938    .ARM.Collect$$libinit$$00000013  c_w.l(libinit2.o)
    0x080002e4   0x080002e4   0x0000000c   Code   RO         2939    .ARM.Collect$$libinit$$00000014  c_w.l(libinit2.o)
    0x080002f0   0x080002f0   0x00000000   Code   RO         2940    .ARM.Collect$$libinit$$00000015  c_w.l(libinit2.o)
    0x080002f0   0x080002f0   0x00000000   Code   RO         2942    .ARM.Collect$$libinit$$00000017  c_w.l(libinit2.o)
    0x080002f0   0x080002f0   0x0000000a   Code   RO         2943    .ARM.Collect$$libinit$$00000018  c_w.l(libinit2.o)
    0x080002fa   0x080002fa   0x00000000   Code   RO         2944    .ARM.Collect$$libinit$$00000019  c_w.l(libinit2.o)
    0x080002fa   0x080002fa   0x00000000   Code   RO         2946    .ARM.Collect$$libinit$$0000001B  c_w.l(libinit2.o)
    0x080002fa   0x080002fa   0x00000000   Code   RO         2948    .ARM.Collect$$libinit$$0000001D  c_w.l(libinit2.o)
    0x080002fa   0x080002fa   0x00000000   Code   RO         2950    .ARM.Collect$$libinit$$0000001F  c_w.l(libinit2.o)
    0x080002fa   0x080002fa   0x00000000   Code   RO         2952    .ARM.Collect$$libinit$$00000021  c_w.l(libinit2.o)
    0x080002fa   0x080002fa   0x00000000   Code   RO         2954    .ARM.Collect$$libinit$$00000023  c_w.l(libinit2.o)
    0x080002fa   0x080002fa   0x00000000   Code   RO         2956    .ARM.Collect$$libinit$$00000025  c_w.l(libinit2.o)
    0x080002fa   0x080002fa   0x00000000   Code   RO         2958    .ARM.Collect$$libinit$$00000027  c_w.l(libinit2.o)
    0x080002fa   0x080002fa   0x00000000   Code   RO         2962    .ARM.Collect$$libinit$$0000002E  c_w.l(libinit2.o)
    0x080002fa   0x080002fa   0x00000000   Code   RO         2964    .ARM.Collect$$libinit$$00000030  c_w.l(libinit2.o)
    0x080002fa   0x080002fa   0x00000000   Code   RO         2966    .ARM.Collect$$libinit$$00000032  c_w.l(libinit2.o)
    0x080002fa   0x080002fa   0x00000000   Code   RO         2968    .ARM.Collect$$libinit$$00000034  c_w.l(libinit2.o)
    0x080002fa   0x080002fa   0x00000002   Code   RO         2969    .ARM.Collect$$libinit$$00000035  c_w.l(libinit2.o)
    0x080002fc   0x080002fc   0x00000002   Code   RO         3221    .ARM.Collect$$libshutdown$$00000000  c_w.l(libshutdown.o)
    0x080002fe   0x080002fe   0x00000000   Code   RO         3175    .ARM.Collect$$libshutdown$$00000002  c_w.l(libshutdown2.o)
    0x080002fe   0x080002fe   0x00000000   Code   RO         3177    .ARM.Collect$$libshutdown$$00000004  c_w.l(libshutdown2.o)
    0x080002fe   0x080002fe   0x00000000   Code   RO         3180    .ARM.Collect$$libshutdown$$00000007  c_w.l(libshutdown2.o)
    0x080002fe   0x080002fe   0x00000000   Code   RO         3183    .ARM.Collect$$libshutdown$$0000000A  c_w.l(libshutdown2.o)
    0x080002fe   0x080002fe   0x00000000   Code   RO         3185    .ARM.Collect$$libshutdown$$0000000C  c_w.l(libshutdown2.o)
    0x080002fe   0x080002fe   0x00000000   Code   RO         3188    .ARM.Collect$$libshutdown$$0000000F  c_w.l(libshutdown2.o)
    0x080002fe   0x080002fe   0x00000002   Code   RO         3189    .ARM.Collect$$libshutdown$$00000010  c_w.l(libshutdown2.o)
    0x08000300   0x08000300   0x00000000   Code   RO         2796    .ARM.Collect$$rtentry$$00000000  c_w.l(__rtentry.o)
    0x08000300   0x08000300   0x00000000   Code   RO         3019    .ARM.Collect$$rtentry$$00000002  c_w.l(__rtentry2.o)
    0x08000300   0x08000300   0x00000006   Code   RO         3031    .ARM.Collect$$rtentry$$00000004  c_w.l(__rtentry4.o)
    0x08000306   0x08000306   0x00000000   Code   RO         3021    .ARM.Collect$$rtentry$$00000009  c_w.l(__rtentry2.o)
    0x08000306   0x08000306   0x00000004   Code   RO         3022    .ARM.Collect$$rtentry$$0000000A  c_w.l(__rtentry2.o)
    0x0800030a   0x0800030a   0x00000000   Code   RO         3024    .ARM.Collect$$rtentry$$0000000C  c_w.l(__rtentry2.o)
    0x0800030a   0x0800030a   0x00000008   Code   RO         3025    .ARM.Collect$$rtentry$$0000000D  c_w.l(__rtentry2.o)
    0x08000312   0x08000312   0x00000002   Code   RO         3155    .ARM.Collect$$rtexit$$00000000  c_w.l(rtexit.o)
    0x08000314   0x08000314   0x00000000   Code   RO         3195    .ARM.Collect$$rtexit$$00000002  c_w.l(rtexit2.o)
    0x08000314   0x08000314   0x00000004   Code   RO         3196    .ARM.Collect$$rtexit$$00000003  c_w.l(rtexit2.o)
    0x08000318   0x08000318   0x00000006   Code   RO         3197    .ARM.Collect$$rtexit$$00000004  c_w.l(rtexit2.o)
    0x0800031e   0x0800031e   0x00000002   PAD
    0x08000320   0x08000320   0x00000040   Code   RO          290    .text               startup_stm32f407xx.o
    0x08000360   0x08000360   0x000000f0   Code   RO         2740    .text               c_w.l(lludivv7m.o)
    0x08000450   0x08000450   0x0000002c   Code   RO         2742    .text               c_w.l(sprintf.o)
    0x0800047c   0x0800047c   0x0000008a   Code   RO         2744    .text               c_w.l(rt_memcpy_v6.o)
    0x08000506   0x08000506   0x0000004e   Code   RO         2748    .text               c_w.l(rt_memclr_w.o)
    0x08000554   0x08000554   0x00000006   Code   RO         2750    .text               c_w.l(heapauxi.o)
    0x0800055a   0x0800055a   0x00000016   Code   RO         2824    .text               c_w.l(_rserrno.o)
    0x08000570   0x08000570   0x0000004e   Code   RO         2828    .text               c_w.l(_printf_pad.o)
    0x080005be   0x080005be   0x00000024   Code   RO         2830    .text               c_w.l(_printf_truncate.o)
    0x080005e2   0x080005e2   0x00000052   Code   RO         2832    .text               c_w.l(_printf_str.o)
    0x08000634   0x08000634   0x00000078   Code   RO         2834    .text               c_w.l(_printf_dec.o)
    0x080006ac   0x080006ac   0x00000028   Code   RO         2836    .text               c_w.l(_printf_charcount.o)
    0x080006d4   0x080006d4   0x00000030   Code   RO         2838    .text               c_w.l(_printf_char_common.o)
    0x08000704   0x08000704   0x0000000a   Code   RO         2840    .text               c_w.l(_sputc.o)
    0x0800070e   0x0800070e   0x00000002   PAD
    0x08000710   0x08000710   0x000000bc   Code   RO         2842    .text               c_w.l(_printf_wctomb.o)
    0x080007cc   0x080007cc   0x0000007c   Code   RO         2845    .text               c_w.l(_printf_longlong_dec.o)
    0x08000848   0x08000848   0x00000070   Code   RO         2851    .text               c_w.l(_printf_oct_int_ll.o)
    0x080008b8   0x080008b8   0x00000094   Code   RO         2871    .text               c_w.l(_printf_hex_int_ll_ptr.o)
    0x0800094c   0x0800094c   0x00000188   Code   RO         2891    .text               c_w.l(__printf_flags_ss_wp.o)
    0x08000ad4   0x08000ad4   0x00000064   Code   RO         2917    .text               c_w.l(rt_memcpy_w.o)
    0x08000b38   0x08000b38   0x00000008   Code   RO         3015    .text               c_w.l(libspace.o)
    0x08000b40   0x08000b40   0x00000008   Code   RO         3038    .text               c_w.l(rt_errno_addr_intlibspace.o)
    0x08000b48   0x08000b48   0x0000008a   Code   RO         3048    .text               c_w.l(lludiv10.o)
    0x08000bd2   0x08000bd2   0x000000b2   Code   RO         3050    .text               c_w.l(_printf_intcommon.o)
    0x08000c84   0x08000c84   0x0000041c   Code   RO         3052    .text               c_w.l(_printf_fp_dec.o)
    0x080010a0   0x080010a0   0x000002fc   Code   RO         3056    .text               c_w.l(_printf_fp_hex.o)
    0x0800139c   0x0800139c   0x0000002c   Code   RO         3061    .text               c_w.l(_printf_char.o)
    0x080013c8   0x080013c8   0x0000002c   Code   RO         3063    .text               c_w.l(_printf_wchar.o)
    0x080013f4   0x080013f4   0x00000048   Code   RO         3066    .text               c_w.l(_c16rtomb.o)
    0x0800143c   0x0800143c   0x00000002   Code   RO         3079    .text               c_w.l(use_no_semi.o)
    0x0800143e   0x0800143e   0x00000000   Code   RO         3081    .text               c_w.l(indicate_semi.o)
    0x0800143e   0x0800143e   0x0000004a   Code   RO         3082    .text               c_w.l(sys_stackheap_outer.o)
    0x08001488   0x08001488   0x00000010   Code   RO         3084    .text               c_w.l(rt_ctype_table.o)
    0x08001498   0x08001498   0x00000008   Code   RO         3091    .text               c_w.l(rt_locale_intlibspace.o)
    0x080014a0   0x080014a0   0x00000080   Code   RO         3095    .text               c_w.l(_printf_fp_infnan.o)
    0x08001520   0x08001520   0x000000e4   Code   RO         3097    .text               c_w.l(bigflt0.o)
    0x08001604   0x08001604   0x00000012   Code   RO         3127    .text               c_w.l(exit.o)
    0x08001616   0x08001616   0x00000002   PAD
    0x08001618   0x08001618   0x0000000c   Code   RO         3151    .text               c_w.l(sys_exit.o)
    0x08001624   0x08001624   0x00000004   PAD
    0x08001628   0x08001628   0x0000007c   Code   RO         3172    .text               c_w.l(strcmpv7em.o)
    0x080016a4   0x080016a4   0x00000104   Code   RO            4    .text.AHRS_update   attitudethread.o
    0x080017a8   0x080017a8   0x00000088   Code   RO         2560    .text.AimbotCommandUpdate  aimbotcan.o
    0x08001830   0x08001830   0x0000000e   Code   RO          147    .text.AimbotDataNodeOfflineCounterUpdate  interruptservice.o
    0x0800183e   0x0800183e   0x00000002   PAD
    0x08001840   0x08001840   0x0000000e   Code   RO          145    .text.AimbotStateNodeOfflineCounterUpdate  interruptservice.o
    0x0800184e   0x0800184e   0x00000002   PAD
    0x08001850   0x08001850   0x0000001c   Code   RO         2562    .text.AimbotStateUpdate  aimbotcan.o
    0x0800186c   0x0800186c   0x00000080   Code   RO           74    .text.AmmoCommandUpdate  calculatethread.o
    0x080018ec   0x080018ec   0x00000022   Code   RO           76    .text.AmmoCommandUpdate2  calculatethread.o
    0x0800190e   0x0800190e   0x00000002   PAD
    0x08001910   0x08001910   0x0000000e   Code   RO          141    .text.AmmoLeftMotorMotorOfflineCounterUpdate  interruptservice.o
    0x0800191e   0x0800191e   0x00000002   PAD
    0x08001920   0x08001920   0x0000005c   Code   RO           66    .text.AmmoPIDUpdate  calculatethread.o
    0x0800197c   0x0800197c   0x0000000e   Code   RO          143    .text.AmmoRightMotorMotorOfflineCounterUpdate  interruptservice.o
    0x0800198a   0x0800198a   0x00000002   PAD
    0x0800198c   0x0800198c   0x000000d8   Code   RO            2    .text.AttitudeThread  attitudethread.o
    0x08001a64   0x08001a64   0x00000012   Code   RO         2438    .text.BMI088_ACCEL_NS_H  bmi088middleware.o
    0x08001a76   0x08001a76   0x00000002   PAD
    0x08001a78   0x08001a78   0x00000012   Code   RO         2436    .text.BMI088_ACCEL_NS_L  bmi088middleware.o
    0x08001a8a   0x08001a8a   0x00000002   PAD
    0x08001a8c   0x08001a8c   0x00000002   Code   RO         2428    .text.BMI088_GPIO_init  bmi088middleware.o
    0x08001a8e   0x08001a8e   0x00000002   PAD
    0x08001a90   0x08001a90   0x00000014   Code   RO         2442    .text.BMI088_GYRO_NS_H  bmi088middleware.o
    0x08001aa4   0x08001aa4   0x00000014   Code   RO         2440    .text.BMI088_GYRO_NS_L  bmi088middleware.o
    0x08001ab8   0x08001ab8   0x000000b8   Code   RO         2402    .text.BMI088_accel_read_over  bmi088driver.o
    0x08001b70   0x08001b70   0x00000002   Code   RO         2430    .text.BMI088_com_init  bmi088middleware.o
    0x08001b72   0x08001b72   0x00000002   PAD
    0x08001b74   0x08001b74   0x00000014   Code   RO         2432    .text.BMI088_delay_ms  bmi088middleware.o
    0x08001b88   0x08001b88   0x00000014   Code   RO         2434    .text.BMI088_delay_us  bmi088middleware.o
    0x08001b9c   0x08001b9c   0x000000ec   Code   RO         2404    .text.BMI088_gyro_read_over  bmi088driver.o
    0x08001c88   0x08001c88   0x0000006a   Code   RO         2380    .text.BMI088_init   bmi088driver.o
    0x08001cf2   0x08001cf2   0x00000002   PAD
    0x08001cf4   0x08001cf4   0x000001c0   Code   RO         2406    .text.BMI088_read   bmi088driver.o
    0x08001eb4   0x08001eb4   0x00000044   Code   RO         2394    .text.BMI088_read_muli_reg  bmi088driver.o
    0x08001ef8   0x08001ef8   0x00000024   Code   RO         2392    .text.BMI088_read_single_reg  bmi088driver.o
    0x08001f1c   0x08001f1c   0x0000002e   Code   RO         2444    .text.BMI088_read_write_byte  bmi088middleware.o
    0x08001f4a   0x08001f4a   0x00000002   PAD
    0x08001f4c   0x08001f4c   0x00000056   Code   RO         2400    .text.BMI088_temperature_read_over  bmi088driver.o
    0x08001fa2   0x08001fa2   0x00000002   PAD
    0x08001fa4   0x08001fa4   0x00000020   Code   RO         2390    .text.BMI088_write_single_reg  bmi088driver.o
    0x08001fc4   0x08001fc4   0x00000004   Code   RO          457    .text.BusFault_Handler  stm32f4xx_it.o
    0x08001fc8   0x08001fc8   0x00000010   Code   RO          467    .text.CAN1_RX0_IRQHandler  stm32f4xx_it.o
    0x08001fd8   0x08001fd8   0x00000010   Code   RO          481    .text.CAN2_RX0_IRQHandler  stm32f4xx_it.o
    0x08001fe8   0x08001fe8   0x00000168   Code   RO           52    .text.CalculateThread  calculatethread.o
    0x08002150   0x08002150   0x00000054   Code   RO         2334    .text.CanSendMessage  bsp_can.o
    0x080021a4   0x080021a4   0x00000032   Code   RO         2511    .text.CheakKeyPress  remote.o
    0x080021d6   0x080021d6   0x00000002   PAD
    0x080021d8   0x080021d8   0x00000064   Code   RO          153    .text.CommuniteOfflineCounterUpdate  interruptservice.o
    0x0800223c   0x0800223c   0x000002ee   Code   RO          155    .text.CommuniteOfflineStateUpdate  interruptservice.o
    0x0800252a   0x0800252a   0x00000002   PAD
    0x0800252c   0x0800252c   0x00000010   Code   RO          465    .text.DMA1_Stream1_IRQHandler  stm32f4xx_it.o
    0x0800253c   0x0800253c   0x000010d2   Code   RO           20    .text.DMA2_Stream0_IRQHandler  attitudethread.o
    0x0800360e   0x0800360e   0x00000002   PAD
    0x08003610   0x08003610   0x00000010   Code   RO          475    .text.DMA2_Stream1_IRQHandler  stm32f4xx_it.o
    0x08003620   0x08003620   0x00000010   Code   RO          477    .text.DMA2_Stream2_IRQHandler  stm32f4xx_it.o
    0x08003630   0x08003630   0x00000010   Code   RO          479    .text.DMA2_Stream3_IRQHandler  stm32f4xx_it.o
    0x08003640   0x08003640   0x00000010   Code   RO          483    .text.DMA2_Stream6_IRQHandler  stm32f4xx_it.o
    0x08003650   0x08003650   0x00000010   Code   RO          485    .text.DMA2_Stream7_IRQHandler  stm32f4xx_it.o
    0x08003660   0x08003660   0x00000056   Code   RO          774    .text.DMA_CalcBaseAndBitshift  stm32f4xx_hal_dma.o
    0x080036b6   0x080036b6   0x00000002   PAD
    0x080036b8   0x080036b8   0x000000f0   Code   RO          772    .text.DMA_CheckFifoParam  stm32f4xx_hal_dma.o
    0x080037a8   0x080037a8   0x0000004e   Code   RO         2455    .text.DaMiaoCanSend  motor.o
    0x080037f6   0x080037f6   0x00000002   PAD
    0x080037f8   0x080037f8   0x00000002   Code   RO          461    .text.DebugMon_Handler  stm32f4xx_it.o
    0x080037fa   0x080037fa   0x00000002   PAD
    0x080037fc   0x080037fc   0x0000001a   Code   RO          173    .text.DeviceOfflineMonitorUpdate  interruptservice.o
    0x08003816   0x08003816   0x00000002   PAD
    0x08003818   0x08003818   0x00000016   Code   RO         2370    .text.Disable_Snail  bsp_snail.o
    0x0800382e   0x0800382e   0x00000002   PAD
    0x08003830   0x08003830   0x0000000a   Code   RO          463    .text.EXTI4_IRQHandler  stm32f4xx_it.o
    0x0800383a   0x0800383a   0x00000002   PAD
    0x0800383c   0x0800383c   0x0000000a   Code   RO          469    .text.EXTI9_5_IRQHandler  stm32f4xx_it.o
    0x08003846   0x08003846   0x00000002   PAD
    0x08003848   0x08003848   0x00000092   Code   RO         2578    .text.EnQueue       refereebehaviour.o
    0x080038da   0x080038da   0x00000002   PAD
    0x080038dc   0x080038dc   0x0000001e   Code   RO         2368    .text.Enable_Snail  bsp_snail.o
    0x080038fa   0x080038fa   0x00000002   PAD
    0x080038fc   0x080038fc   0x0000000e   Code   RO          301    .text.Error_Handler  main.o
    0x0800390a   0x0800390a   0x00000002   PAD
    0x0800390c   0x0800390c   0x0000002c   Code   RO         2564    .text.GetAimbotCommand  aimbotcan.o
    0x08003938   0x08003938   0x0000002c   Code   RO           12    .text.GetCurrentQuaternion  attitudethread.o
    0x08003964   0x08003964   0x000000f0   Code   RO           80    .text.GetGimbalRequestState  calculatethread.o
    0x08003a54   0x08003a54   0x00000004   PAD
    0x08003a58   0x08003a58   0x000004c4   Code   RO           70    .text.GimbalCommandUpdate  calculatethread.o
    0x08003f1c   0x08003f1c   0x00000138   Code   RO           58    .text.GimbalControlModeUpdate  calculatethread.o
    0x08004054   0x08004054   0x00000080   Code   RO           14    .text.GimbalEulerSystemMeasureUpdate  attitudethread.o
    0x080040d4   0x080040d4   0x00000064   Code   RO           60    .text.GimbalFireModeUpdate  calculatethread.o
    0x08004138   0x08004138   0x000000a4   Code   RO          159    .text.GimbalImuPacketSend  interruptservice.o
    0x080041dc   0x080041dc   0x00000026   Code   RO           68    .text.GimbalMeasureUpdate  calculatethread.o
    0x08004202   0x08004202   0x00000002   PAD
    0x08004204   0x08004204   0x000000b0   Code   RO         2453    .text.GimbalMotorControl  motor.o
    0x080042b4   0x080042b4   0x000000b0   Code   RO         2471    .text.GimbalMotorMeasureUpdate  motor.o
    0x08004364   0x08004364   0x00000210   Code   RO           62    .text.GimbalPIDUpdate  calculatethread.o
    0x08004574   0x08004574   0x00000010   Code   RO          163    .text.GimbalRequestStatePacketSend  interruptservice.o
    0x08004584   0x08004584   0x000001ec   Code   RO           56    .text.GimbalStateMachineUpdate  calculatethread.o
    0x08004770   0x08004770   0x00000052   Code   RO          551    .text.HAL_CAN_ActivateNotification  stm32f4xx_hal_can.o
    0x080047c2   0x080047c2   0x00000002   PAD
    0x080047c4   0x080047c4   0x00000170   Code   RO          537    .text.HAL_CAN_AddTxMessage  stm32f4xx_hal_can.o
    0x08004934   0x08004934   0x000001a4   Code   RO          527    .text.HAL_CAN_ConfigFilter  stm32f4xx_hal_can.o
    0x08004ad8   0x08004ad8   0x00000008   Code   RO          581    .text.HAL_CAN_ErrorCallback  stm32f4xx_hal_can.o
    0x08004ae0   0x08004ae0   0x000001f0   Code   RO          547    .text.HAL_CAN_GetRxMessage  stm32f4xx_hal_can.o
    0x08004cd0   0x08004cd0   0x000003f2   Code   RO          555    .text.HAL_CAN_IRQHandler  stm32f4xx_hal_can.o
    0x080050c2   0x080050c2   0x00000002   PAD
    0x080050c4   0x080050c4   0x000001de   Code   RO          517    .text.HAL_CAN_Init  stm32f4xx_hal_can.o
    0x080052a2   0x080052a2   0x00000002   PAD
    0x080052a4   0x080052a4   0x00000184   Code   RO          351    .text.HAL_CAN_MspInit  can.o
    0x08005428   0x08005428   0x00000008   Code   RO          569    .text.HAL_CAN_RxFifo0FullCallback  stm32f4xx_hal_can.o
    0x08005430   0x08005430   0x000000e8   Code   RO          133    .text.HAL_CAN_RxFifo0MsgPendingCallback  interruptservice.o
    0x08005518   0x08005518   0x00000008   Code   RO          573    .text.HAL_CAN_RxFifo1FullCallback  stm32f4xx_hal_can.o
    0x08005520   0x08005520   0x00000008   Code   RO          575    .text.HAL_CAN_RxFifo1MsgPendingCallback  stm32f4xx_hal_can.o
    0x08005528   0x08005528   0x00000008   Code   RO          577    .text.HAL_CAN_SleepCallback  stm32f4xx_hal_can.o
    0x08005530   0x08005530   0x0000008a   Code   RO          529    .text.HAL_CAN_Start  stm32f4xx_hal_can.o
    0x080055ba   0x080055ba   0x00000002   PAD
    0x080055bc   0x080055bc   0x00000008   Code   RO          559    .text.HAL_CAN_TxMailbox0AbortCallback  stm32f4xx_hal_can.o
    0x080055c4   0x080055c4   0x00000008   Code   RO          557    .text.HAL_CAN_TxMailbox0CompleteCallback  stm32f4xx_hal_can.o
    0x080055cc   0x080055cc   0x00000008   Code   RO          563    .text.HAL_CAN_TxMailbox1AbortCallback  stm32f4xx_hal_can.o
    0x080055d4   0x080055d4   0x00000008   Code   RO          561    .text.HAL_CAN_TxMailbox1CompleteCallback  stm32f4xx_hal_can.o
    0x080055dc   0x080055dc   0x00000008   Code   RO          567    .text.HAL_CAN_TxMailbox2AbortCallback  stm32f4xx_hal_can.o
    0x080055e4   0x080055e4   0x00000008   Code   RO          565    .text.HAL_CAN_TxMailbox2CompleteCallback  stm32f4xx_hal_can.o
    0x080055ec   0x080055ec   0x00000008   Code   RO          579    .text.HAL_CAN_WakeUpFromRxMsgCallback  stm32f4xx_hal_can.o
    0x080055f4   0x080055f4   0x0000031e   Code   RO          790    .text.HAL_DMA_IRQHandler  stm32f4xx_hal_dma.o
    0x08005912   0x08005912   0x00000002   PAD
    0x08005914   0x08005914   0x0000016e   Code   RO          770    .text.HAL_DMA_Init  stm32f4xx_hal_dma.o
    0x08005a82   0x08005a82   0x00000002   PAD
    0x08005a84   0x08005a84   0x00000042   Code   RO          959    .text.HAL_Delay     stm32f4xx_hal.o
    0x08005ac6   0x08005ac6   0x00000002   PAD
    0x08005ac8   0x08005ac8   0x0000007e   Code   RO           16    .text.HAL_GPIO_EXTI_Callback  attitudethread.o
    0x08005b46   0x08005b46   0x00000002   PAD
    0x08005b48   0x08005b48   0x00000038   Code   RO          744    .text.HAL_GPIO_EXTI_IRQHandler  stm32f4xx_hal_gpio.o
    0x08005b80   0x08005b80   0x000003b6   Code   RO          732    .text.HAL_GPIO_Init  stm32f4xx_hal_gpio.o
    0x08005f36   0x08005f36   0x00000002   PAD
    0x08005f38   0x08005f38   0x0000002e   Code   RO          738    .text.HAL_GPIO_WritePin  stm32f4xx_hal_gpio.o
    0x08005f66   0x08005f66   0x00000002   PAD
    0x08005f68   0x08005f68   0x0000000c   Code   RO          951    .text.HAL_GetTick   stm32f4xx_hal.o
    0x08005f74   0x08005f74   0x0000001a   Code   RO          949    .text.HAL_IncTick   stm32f4xx_hal.o
    0x08005f8e   0x08005f8e   0x00000002   PAD
    0x08005f90   0x08005f90   0x00000036   Code   RO          939    .text.HAL_Init      stm32f4xx_hal.o
    0x08005fc6   0x08005fc6   0x00000002   PAD
    0x08005fc8   0x08005fc8   0x000000f0   Code   RO          503    .text.HAL_InitTick  stm32f4xx_hal_timebase_tim.o
    0x080060b8   0x080060b8   0x00000058   Code   RO          495    .text.HAL_MspInit   stm32f4xx_hal_msp.o
    0x08006110   0x08006110   0x00000014   Code   RO          880    .text.HAL_NVIC_EnableIRQ  stm32f4xx_hal_cortex.o
    0x08006124   0x08006124   0x00000032   Code   RO          872    .text.HAL_NVIC_SetPriority  stm32f4xx_hal_cortex.o
    0x08006156   0x08006156   0x00000002   PAD
    0x08006158   0x08006158   0x00000010   Code   RO          868    .text.HAL_NVIC_SetPriorityGrouping  stm32f4xx_hal_cortex.o
    0x08006168   0x08006168   0x00000262   Code   RO          600    .text.HAL_RCC_ClockConfig  stm32f4xx_hal_rcc.o
    0x080063ca   0x080063ca   0x00000002   PAD
    0x080063cc   0x080063cc   0x00000054   Code   RO          618    .text.HAL_RCC_GetClockConfig  stm32f4xx_hal_rcc.o
    0x08006420   0x08006420   0x0000000c   Code   RO          610    .text.HAL_RCC_GetHCLKFreq  stm32f4xx_hal_rcc.o
    0x0800642c   0x0800642c   0x00000022   Code   RO          612    .text.HAL_RCC_GetPCLK1Freq  stm32f4xx_hal_rcc.o
    0x0800644e   0x0800644e   0x00000002   PAD
    0x08006450   0x08006450   0x00000022   Code   RO          614    .text.HAL_RCC_GetPCLK2Freq  stm32f4xx_hal_rcc.o
    0x08006472   0x08006472   0x00000002   PAD
    0x08006474   0x08006474   0x000000e6   Code   RO          602    .text.HAL_RCC_GetSysClockFreq  stm32f4xx_hal_rcc.o
    0x0800655a   0x0800655a   0x00000002   PAD
    0x0800655c   0x0800655c   0x000006be   Code   RO          598    .text.HAL_RCC_OscConfig  stm32f4xx_hal_rcc.o
    0x08006c1a   0x08006c1a   0x00000002   PAD
    0x08006c1c   0x08006c1c   0x00000100   Code   RO         1028    .text.HAL_SPI_Init  stm32f4xx_hal_spi.o
    0x08006d1c   0x08006d1c   0x00000194   Code   RO          375    .text.HAL_SPI_MspInit  spi.o
    0x08006eb0   0x08006eb0   0x00000366   Code   RO         1042    .text.HAL_SPI_TransmitReceive  stm32f4xx_hal_spi.o
    0x08007216   0x08007216   0x00000002   PAD
    0x08007218   0x08007218   0x00000008   Code   RO         1468    .text.HAL_TIMEx_BreakCallback  stm32f4xx_hal_tim_ex.o
    0x08007220   0x08007220   0x00000008   Code   RO         1464    .text.HAL_TIMEx_CommutCallback  stm32f4xx_hal_tim_ex.o
    0x08007228   0x08007228   0x000000b2   Code   RO         1460    .text.HAL_TIMEx_ConfigBreakDeadTime  stm32f4xx_hal_tim_ex.o
    0x080072da   0x080072da   0x00000002   PAD
    0x080072dc   0x080072dc   0x00000122   Code   RO         1458    .text.HAL_TIMEx_MasterConfigSynchronization  stm32f4xx_hal_tim_ex.o
    0x080073fe   0x080073fe   0x00000002   PAD
    0x08007400   0x08007400   0x0000009c   Code   RO         1145    .text.HAL_TIM_Base_Init  stm32f4xx_hal_tim.o
    0x0800749c   0x0800749c   0x0000021a   Code   RO          407    .text.HAL_TIM_Base_MspInit  tim.o
    0x080076b6   0x080076b6   0x00000002   PAD
    0x080076b8   0x080076b8   0x000000ea   Code   RO         1155    .text.HAL_TIM_Base_Start  stm32f4xx_hal_tim.o
    0x080077a2   0x080077a2   0x00000002   PAD
    0x080077a4   0x080077a4   0x000000f6   Code   RO         1159    .text.HAL_TIM_Base_Start_IT  stm32f4xx_hal_tim.o
    0x0800789a   0x0800789a   0x00000002   PAD
    0x0800789c   0x0800789c   0x00000184   Code   RO         1337    .text.HAL_TIM_ConfigClockSource  stm32f4xx_hal_tim.o
    0x08007a20   0x08007a20   0x00000008   Code   RO         1281    .text.HAL_TIM_IC_CaptureCallback  stm32f4xx_hal_tim.o
    0x08007a28   0x08007a28   0x0000027a   Code   RO         1279    .text.HAL_TIM_IRQHandler  stm32f4xx_hal_tim.o
    0x08007ca2   0x08007ca2   0x00000002   PAD
    0x08007ca4   0x08007ca4   0x0000016a   Code   RO          391    .text.HAL_TIM_MspPostInit  tim.o
    0x08007e0e   0x08007e0e   0x00000002   PAD
    0x08007e10   0x08007e10   0x00000008   Code   RO         1283    .text.HAL_TIM_OC_DelayElapsedCallback  stm32f4xx_hal_tim.o
    0x08007e18   0x08007e18   0x00000142   Code   RO         1311    .text.HAL_TIM_PWM_ConfigChannel  stm32f4xx_hal_tim.o
    0x08007f5a   0x08007f5a   0x00000002   PAD
    0x08007f5c   0x08007f5c   0x0000009c   Code   RO         1199    .text.HAL_TIM_PWM_Init  stm32f4xx_hal_tim.o
    0x08007ff8   0x08007ff8   0x00000008   Code   RO         1201    .text.HAL_TIM_PWM_MspInit  stm32f4xx_hal_tim.o
    0x08008000   0x08008000   0x00000008   Code   RO         1285    .text.HAL_TIM_PWM_PulseFinishedCallback  stm32f4xx_hal_tim.o
    0x08008008   0x08008008   0x000001ca   Code   RO         1207    .text.HAL_TIM_PWM_Start  stm32f4xx_hal_tim.o
    0x080081d2   0x080081d2   0x00000002   PAD
    0x080081d4   0x080081d4   0x00000022   Code   RO          303    .text.HAL_TIM_PeriodElapsedCallback  main.o
    0x080081f6   0x080081f6   0x00000002   PAD
    0x080081f8   0x080081f8   0x00000008   Code   RO         1289    .text.HAL_TIM_TriggerCallback  stm32f4xx_hal_tim.o
    0x08008200   0x08008200   0x0000009a   Code   RO         1481    .text.HAL_UART_Init  stm32f4xx_hal_uart.o
    0x0800829a   0x0800829a   0x00000002   PAD
    0x0800829c   0x0800829c   0x000003d0   Code   RO          432    .text.HAL_UART_MspInit  usart.o
    0x0800866c   0x0800866c   0x0000014e   Code   RO         1497    .text.HAL_UART_Transmit  stm32f4xx_hal_uart.o
    0x080087ba   0x080087ba   0x00000002   PAD
    0x080087bc   0x080087bc   0x00000004   Code   RO          453    .text.HardFault_Handler  stm32f4xx_it.o
    0x080087c0   0x080087c0   0x0000003c   Code   RO         2366    .text.Init_Snail    bsp_snail.o
    0x080087fc   0x080087fc   0x0000002a   Code   RO         2594    .text.IsFull        refereebehaviour.o
    0x08008826   0x08008826   0x00000002   PAD
    0x08008828   0x08008828   0x00000022   Code   RO         2181    .text.LoopFifoFp32_init  loop_fifo.o
    0x0800884a   0x0800884a   0x00000002   PAD
    0x0800884c   0x0800884c   0x00000054   Code   RO         2183    .text.LoopFifoFp32_push  loop_fifo.o
    0x080088a0   0x080088a0   0x0000004e   Code   RO          347    .text.MX_CAN1_Init  can.o
    0x080088ee   0x080088ee   0x00000002   PAD
    0x080088f0   0x080088f0   0x0000004e   Code   RO          349    .text.MX_CAN2_Init  can.o
    0x0800893e   0x0800893e   0x00000002   PAD
    0x08008940   0x08008940   0x000000ce   Code   RO          365    .text.MX_DMA_Init   dma.o
    0x08008a0e   0x08008a0e   0x00000002   PAD
    0x08008a10   0x08008a10   0x00000140   Code   RO          323    .text.MX_FREERTOS_Init  freertos.o
    0x08008b50   0x08008b50   0x00000250   Code   RO          313    .text.MX_GPIO_Init  gpio.o
    0x08008da0   0x08008da0   0x00000052   Code   RO          373    .text.MX_SPI1_Init  spi.o
    0x08008df2   0x08008df2   0x00000002   PAD
    0x08008df4   0x08008df4   0x0000008e   Code   RO          405    .text.MX_TIM10_Init  tim.o
    0x08008e82   0x08008e82   0x00000002   PAD
    0x08008e84   0x08008e84   0x00000170   Code   RO          389    .text.MX_TIM1_Init  tim.o
    0x08008ff4   0x08008ff4   0x0000007e   Code   RO          393    .text.MX_TIM2_Init  tim.o
    0x08009072   0x08009072   0x00000002   PAD
    0x08009074   0x08009074   0x00000084   Code   RO          395    .text.MX_TIM3_Init  tim.o
    0x080090f8   0x080090f8   0x00000084   Code   RO          397    .text.MX_TIM4_Init  tim.o
    0x0800917c   0x0800917c   0x00000084   Code   RO          399    .text.MX_TIM5_Init  tim.o
    0x08009200   0x08009200   0x0000005a   Code   RO          401    .text.MX_TIM6_Init  tim.o
    0x0800925a   0x0800925a   0x00000002   PAD
    0x0800925c   0x0800925c   0x00000156   Code   RO          403    .text.MX_TIM8_Init  tim.o
    0x080093b2   0x080093b2   0x00000002   PAD
    0x080093b4   0x080093b4   0x00000040   Code   RO          426    .text.MX_USART1_UART_Init  usart.o
    0x080093f4   0x080093f4   0x00000048   Code   RO          428    .text.MX_USART3_UART_Init  usart.o
    0x0800943c   0x0800943c   0x00000040   Code   RO          430    .text.MX_USART6_UART_Init  usart.o
    0x0800947c   0x0800947c   0x0000079c   Code   RO         2144    .text.MahonyAHRSupdate  mahonyahrs.o
    0x08009c18   0x08009c18   0x00000450   Code   RO         2146    .text.MahonyAHRSupdateIMU  mahonyahrs.o
    0x0800a068   0x0800a068   0x00000004   Code   RO          455    .text.MemManage_Handler  stm32f4xx_it.o
    0x0800a06c   0x0800a06c   0x000001bc   Code   RO         2465    .text.MotorProcess  motor.o
    0x0800a228   0x0800a228   0x00000024   Code   RO         2525    .text.MouseMoveX    remote.o
    0x0800a24c   0x0800a24c   0x00000024   Code   RO         2527    .text.MouseMoveY    remote.o
    0x0800a270   0x0800a270   0x0000000c   Code   RO         2529    .text.MousePressLeft  remote.o
    0x0800a27c   0x0800a27c   0x00000004   Code   RO          451    .text.NMI_Handler   stm32f4xx_it.o
    0x0800a280   0x0800a280   0x0000006c   Code   RO          878    .text.NVIC_EncodePriority  stm32f4xx_hal_cortex.o
    0x0800a2ec   0x0800a2ec   0x0000004a   Code   RO         2545    .text.NormalizedLimit  remote.o
    0x0800a336   0x0800a336   0x00000002   PAD
    0x0800a338   0x0800a338   0x0000024c   Code   RO         2166    .text.PID_calc      pid.o
    0x0800a584   0x0800a584   0x00000052   Code   RO         2162    .text.PID_init      pid.o
    0x0800a5d6   0x0800a5d6   0x0000000a   PAD
    0x0800a5e0   0x0800a5e0   0x00000064   Code   RO         2095    .text.PendSV_Handler  port.o
    0x0800a644   0x0800a644   0x0000000e   Code   RO          137    .text.PitchMotorOfflineCounterUpdate  interruptservice.o
    0x0800a652   0x0800a652   0x00000002   PAD
    0x0800a654   0x0800a654   0x00000022   Code   RO           54    .text.RefereeInfUpdate  calculatethread.o
    0x0800a676   0x0800a676   0x00000002   PAD
    0x0800a678   0x0800a678   0x00000052   Code   RO          269    .text.RefereeTask   refereethread.o
    0x0800a6ca   0x0800a6ca   0x00000002   PAD
    0x0800a6cc   0x0800a6cc   0x00000084   Code   RO         2519    .text.RemoteChannalLeftX  remote.o
    0x0800a750   0x0800a750   0x00000084   Code   RO         2521    .text.RemoteChannalLeftY  remote.o
    0x0800a7d4   0x0800a7d4   0x00000084   Code   RO         2523    .text.RemoteDial    remote.o
    0x0800a858   0x0800a858   0x0000000e   Code   RO          193    .text.RemoteOfflineCounterUpdate  interruptservice.o
    0x0800a866   0x0800a866   0x00000002   PAD
    0x0800a868   0x0800a868   0x0000008a   Code   RO           72    .text.RotorCommandUpdate  calculatethread.o
    0x0800a8f2   0x0800a8f2   0x00000002   PAD
    0x0800a8f4   0x0800a8f4   0x0000000e   Code   RO          139    .text.RotorMotorOfflineCounterUpdate  interruptservice.o
    0x0800a902   0x0800a902   0x00000002   PAD
    0x0800a904   0x0800a904   0x00000120   Code   RO           64    .text.RotorPIDUpdate  calculatethread.o
    0x0800aa24   0x0800aa24   0x0000539e   Code   RO         2323    .text.SPI1_DMA_enable  bsp_spi.o
    0x0800fdc2   0x0800fdc2   0x00000002   PAD
    0x0800fdc4   0x0800fdc4   0x00000226   Code   RO         2321    .text.SPI1_DMA_init  bsp_spi.o
    0x0800ffea   0x0800ffea   0x00000002   PAD
    0x0800ffec   0x0800ffec   0x000000a4   Code   RO         1038    .text.SPI_EndRxTxTransaction  stm32f4xx_hal_spi.o
    0x08010090   0x08010090   0x0000012a   Code   RO         1136    .text.SPI_WaitFlagStateUntilTimeout  stm32f4xx_hal_spi.o
    0x080101ba   0x080101ba   0x00000006   PAD
    0x080101c0   0x080101c0   0x00000024   Code   RO         2079    .text.SVC_Handler   port.o
    0x080101e4   0x080101e4   0x00000056   Code   RO         2473    .text.ShootMotorMeasureUpdate  motor.o
    0x0801023a   0x0801023a   0x00000002   PAD
    0x0801023c   0x0801023c   0x00000010   Code   RO          325    .text.StartDefaultTask  freertos.o
    0x0801024c   0x0801024c   0x0000003c   Code   RO         2097    .text.SysTick_Handler  port.o
    0x08010288   0x08010288   0x000000bc   Code   RO          299    .text.SystemClock_Config  main.o
    0x08010344   0x08010344   0x00000012   Code   RO         1610    .text.SystemInit    system_stm32f4xx.o
    0x08010356   0x08010356   0x00000002   PAD
    0x08010358   0x08010358   0x00000030   Code   RO          471    .text.TIM2_IRQHandler  stm32f4xx_it.o
    0x08010388   0x08010388   0x00000014   Code   RO          165    .text.TIM3_IRQHandler  interruptservice.o
    0x0801039c   0x0801039c   0x00000014   Code   RO          167    .text.TIM4_IRQHandler  interruptservice.o
    0x080103b0   0x080103b0   0x00000014   Code   RO          169    .text.TIM6_DAC_IRQHandler  interruptservice.o
    0x080103c4   0x080103c4   0x00000010   Code   RO          473    .text.TIM7_IRQHandler  stm32f4xx_it.o
    0x080103d4   0x080103d4   0x0000019a   Code   RO         1149    .text.TIM_Base_SetConfig  stm32f4xx_hal_tim.o
    0x0801056e   0x0801056e   0x00000002   PAD
    0x08010570   0x08010570   0x00000036   Code   RO         1183    .text.TIM_CCxChannelCmd  stm32f4xx_hal_tim.o
    0x080105a6   0x080105a6   0x00000002   PAD
    0x080105a8   0x080105a8   0x00000034   Code   RO         1335    .text.TIM_ETR_SetConfig  stm32f4xx_hal_tim.o
    0x080105dc   0x080105dc   0x0000002a   Code   RO         1341    .text.TIM_ITRx_SetConfig  stm32f4xx_hal_tim.o
    0x08010606   0x08010606   0x00000002   PAD
    0x08010608   0x08010608   0x000000ea   Code   RO         1293    .text.TIM_OC1_SetConfig  stm32f4xx_hal_tim.o
    0x080106f2   0x080106f2   0x00000002   PAD
    0x080106f4   0x080106f4   0x000000f4   Code   RO         1295    .text.TIM_OC2_SetConfig  stm32f4xx_hal_tim.o
    0x080107e8   0x080107e8   0x000000f2   Code   RO         1297    .text.TIM_OC3_SetConfig  stm32f4xx_hal_tim.o
    0x080108da   0x080108da   0x00000002   PAD
    0x080108dc   0x080108dc   0x000000a4   Code   RO         1299    .text.TIM_OC4_SetConfig  stm32f4xx_hal_tim.o
    0x08010980   0x08010980   0x00000050   Code   RO         1339    .text.TIM_TI1_ConfigInputStage  stm32f4xx_hal_tim.o
    0x080109d0   0x080109d0   0x00000052   Code   RO         1343    .text.TIM_TI2_ConfigInputStage  stm32f4xx_hal_tim.o
    0x08010a22   0x08010a22   0x00000002   PAD
    0x08010a24   0x08010a24   0x00000056   Code   RO          151    .text.TimerTaskLoop1000Hz  interruptservice.o
    0x08010a7a   0x08010a7a   0x00000002   PAD
    0x08010a7c   0x08010a7c   0x0000004a   Code   RO          161    .text.TimerTaskLoop100Hz  interruptservice.o
    0x08010ac6   0x08010ac6   0x00000002   PAD
    0x08010ac8   0x08010ac8   0x00000008   Code   RO          157    .text.TimerTaskLoop500Hz  interruptservice.o
    0x08010ad0   0x08010ad0   0x0000013a   Code   RO         1485    .text.UART_SetConfig  stm32f4xx_hal_uart.o
    0x08010c0a   0x08010c0a   0x00000002   PAD
    0x08010c0c   0x08010c0c   0x000000d2   Code   RO         1499    .text.UART_WaitOnFlagUntilTimeout  stm32f4xx_hal_uart.o
    0x08010cde   0x08010cde   0x00000002   PAD
    0x08010ce0   0x08010ce0   0x00000010   Code   RO          215    .text.UIThread      uithread.o
    0x08010cf0   0x08010cf0   0x00000132   Code   RO         2497    .text.USART3_IRQHandler  remote.o
    0x08010e22   0x08010e22   0x00000002   PAD
    0x08010e24   0x08010e24   0x0000011a   Code   RO          273    .text.USART6_IRQHandler  refereethread.o
    0x08010f3e   0x08010f3e   0x00000002   PAD
    0x08010f40   0x08010f40   0x00000004   Code   RO          459    .text.UsageFault_Handler  stm32f4xx_it.o
    0x08010f44   0x08010f44   0x0000000e   Code   RO          135    .text.YawMotorOfflineCounterUpdate  interruptservice.o
    0x08010f52   0x08010f52   0x00000002   PAD
    0x08010f54   0x08010f54   0x00000030   Code   RO          882    .text.__NVIC_EnableIRQ  stm32f4xx_hal_cortex.o
    0x08010f84   0x08010f84   0x00000010   Code   RO          874    .text.__NVIC_GetPriorityGrouping  stm32f4xx_hal_cortex.o
    0x08010f94   0x08010f94   0x00000042   Code   RO          876    .text.__NVIC_SetPriority  stm32f4xx_hal_cortex.o
    0x08010fd6   0x08010fd6   0x00000002   PAD
    0x08010fd8   0x08010fd8   0x0000003c   Code   RO          870    .text.__NVIC_SetPriorityGrouping  stm32f4xx_hal_cortex.o
    0x08011014   0x08011014   0x0000018e   Code   RO         2384    .text.bmi088_accel_init  bmi088driver.o
    0x080111a2   0x080111a2   0x00000002   PAD
    0x080111a4   0x080111a4   0x000003b2   Code   RO         2382    .text.bmi088_accel_self_test  bmi088driver.o
    0x08011556   0x08011556   0x00000002   PAD
    0x08011558   0x08011558   0x00000146   Code   RO         2388    .text.bmi088_gyro_init  bmi088driver.o
    0x0801169e   0x0801169e   0x00000002   PAD
    0x080116a0   0x080116a0   0x00000122   Code   RO         2386    .text.bmi088_gyro_self_test  bmi088driver.o
    0x080117c2   0x080117c2   0x00000002   PAD
    0x080117c4   0x080117c4   0x00000064   Code   RO         2332    .text.can_filter_init  bsp_can.o
    0x08011828   0x08011828   0x00000060   Code   RO         2168    .text.cascade_PID_calc  pid.o
    0x08011888   0x08011888   0x00000046   Code   RO         2164    .text.cascade_PID_init  pid.o
    0x080118ce   0x080118ce   0x00000002   PAD
    0x080118d0   0x080118d0   0x00000064   Code   RO         2463    .text.damiao_receive_data_process  motor.o
    0x08011934   0x08011934   0x000000ec   Code   RO         2457    .text.damiao_send_data_process  motor.o
    0x08011a20   0x08011a20   0x0000003e   Code   RO         2286    .text.delay_init    bsp_delay.o
    0x08011a5e   0x08011a5e   0x00000002   PAD
    0x08011a60   0x08011a60   0x00000096   Code   RO         2288    .text.delay_us      bsp_delay.o
    0x08011af6   0x08011af6   0x00000002   PAD
    0x08011af8   0x08011af8   0x0000003e   Code   RO         2467    .text.dm4310_enable  motor.o
    0x08011b36   0x08011b36   0x00000002   PAD
    0x08011b38   0x08011b38   0x00000064   Code   RO         2231    .text.fifo_s_get    fifo.o
    0x08011b9c   0x08011b9c   0x00000036   Code   RO         2221    .text.fifo_s_init   fifo.o
    0x08011bd2   0x08011bd2   0x00000002   PAD
    0x08011bd4   0x08011bd4   0x00000102   Code   RO         2227    .text.fifo_s_puts   fifo.o
    0x08011cd6   0x08011cd6   0x00000002   PAD
    0x08011cd8   0x08011cd8   0x0000000c   Code   RO         2245    .text.fifo_s_used   fifo.o
    0x08011ce4   0x08011ce4   0x0000004c   Code   RO         2117    .text.first_order_filter_cali  user_lib.o
    0x08011d30   0x08011d30   0x00000026   Code   RO         2115    .text.first_order_filter_init  user_lib.o
    0x08011d56   0x08011d56   0x00000002   PAD
    0x08011d58   0x08011d58   0x00000058   Code   RO         2459    .text.float_to_uint  motor.o
    0x08011db0   0x08011db0   0x00000050   Code   RO         2127    .text.fp32_constrain  user_lib.o
    0x08011e00   0x08011e00   0x00000066   Code   RO         2202    .text.get_CRC16_check_sum  crc8_crc16.o
    0x08011e66   0x08011e66   0x00000002   PAD
    0x08011e68   0x08011e68   0x00000044   Code   RO         2196    .text.get_CRC8_check_sum  crc8_crc16.o
    0x08011eac   0x08011eac   0x000000c8   Code   RO            6    .text.get_angle     attitudethread.o
    0x08011f74   0x08011f74   0x0000000a   Code   RO         2501    .text.get_remote_control_point  remote.o
    0x08011f7e   0x08011f7e   0x00000002   PAD
    0x08011f80   0x08011f80   0x0000022a   Code   RO           18    .text.imu_cmd_spi_dma  attitudethread.o
    0x080121aa   0x080121aa   0x00000002   PAD
    0x080121ac   0x080121ac   0x0000001a   Code   RO         2301    .text.imu_pwm_set   bsp_imu_pwm.o
    0x080121c6   0x080121c6   0x00000002   PAD
    0x080121c8   0x080121c8   0x000000d4   Code   RO           22    .text.imu_temp_control  attitudethread.o
    0x0801229c   0x0801229c   0x000000ec   Code   RO         2574    .text.init_referee_struct_data  refereebehaviour.o
    0x08012388   0x08012388   0x0000005a   Code   RO         2148    .text.invSqrt       mahonyahrs.o
    0x080123e2   0x080123e2   0x00000002   PAD
    0x080123e4   0x080123e4   0x000000d4   Code   RO         2131    .text.loop_fp32_constrain  user_lib.o
    0x080124b8   0x080124b8   0x00000102   Code   RO          297    .text.main          main.o
    0x080125ba   0x080125ba   0x00000002   PAD
    0x080125bc   0x080125bc   0x00000028   Code   RO         1934    .text.makeFreeRtosPriority  cmsis_os.o
    0x080125e4   0x080125e4   0x00000028   Code   RO         1948    .text.osDelay       cmsis_os.o
    0x0801260c   0x0801260c   0x0000000c   Code   RO         2014    .text.osDelayUntil  cmsis_os.o
    0x08012618   0x08012618   0x0000000a   Code   RO         1924    .text.osKernelStart  cmsis_os.o
    0x08012622   0x08012622   0x00000002   PAD
    0x08012624   0x08012624   0x000000ac   Code   RO         1932    .text.osThreadCreate  cmsis_os.o
    0x080126d0   0x080126d0   0x000000f4   Code   RO         1808    .text.prvAddCurrentTaskToDelayedList  tasks.o
    0x080127c4   0x080127c4   0x00000110   Code   RO         1794    .text.prvAddNewTaskToReadyList  tasks.o
    0x080128d4   0x080128d4   0x0000005a   Code   RO         1892    .text.prvCheckTasksWaitingTermination  tasks.o
    0x0801292e   0x0801292e   0x00000002   PAD
    0x08012930   0x08012930   0x0000005e   Code   RO         1800    .text.prvDeleteTCB  tasks.o
    0x0801298e   0x0801298e   0x00000002   PAD
    0x08012990   0x08012990   0x000000bc   Code   RO         2046    .text.prvHeapInit   heap_4.o
    0x08012a4c   0x08012a4c   0x00000038   Code   RO         1830    .text.prvIdleTask   tasks.o
    0x08012a84   0x08012a84   0x00000114   Code   RO         1792    .text.prvInitialiseNewTask  tasks.o
    0x08012b98   0x08012b98   0x0000008e   Code   RO         1890    .text.prvInitialiseTaskLists  tasks.o
    0x08012c26   0x08012c26   0x00000002   PAD
    0x08012c28   0x08012c28   0x000000c6   Code   RO         2048    .text.prvInsertBlockIntoFreeList  heap_4.o
    0x08012cee   0x08012cee   0x00000002   PAD
    0x08012cf0   0x08012cf0   0x00000028   Code   RO         2087    .text.prvPortStartFirstTask  port.o
    0x08012d18   0x08012d18   0x00000046   Code   RO         1802    .text.prvResetNextTaskUnblockTime  tasks.o
    0x08012d5e   0x08012d5e   0x00000002   PAD
    0x08012d60   0x08012d60   0x0000004c   Code   RO         2077    .text.prvTaskExitError  port.o
    0x08012dac   0x08012dac   0x000001ec   Code   RO         2044    .text.pvPortMalloc  heap_4.o
    0x08012f98   0x08012f98   0x0000005e   Code   RO         2075    .text.pxPortInitialiseStack  port.o
    0x08012ff6   0x08012ff6   0x00000002   PAD
    0x08012ff8   0x08012ff8   0x000003a8   Code   RO         2576    .text.referee_data_solve  refereebehaviour.o
    0x080133a0   0x080133a0   0x000001e4   Code   RO          271    .text.referee_unpack_fifo_data  refereethread.o
    0x08013584   0x08013584   0x00000016   Code   RO         2495    .text.remote_control_init  remote.o
    0x0801359a   0x0801359a   0x00000002   PAD
    0x0801359c   0x0801359c   0x000001ae   Code   RO         2499    .text.sbus_to_rc    remote.o
    0x0801374a   0x0801374a   0x00000002   PAD
    0x0801374c   0x0801374c   0x00000030   Code   RO         2584    .text.send_bullet_limit  refereebehaviour.o
    0x0801377c   0x0801377c   0x000000b6   Code   RO         2590    .text.send_bullet_speed  refereebehaviour.o
    0x08013832   0x08013832   0x00000002   PAD
    0x08013834   0x08013834   0x0000007e   Code   RO         2582    .text.send_enemy_information  refereebehaviour.o
    0x080138b2   0x080138b2   0x00000002   PAD
    0x080138b4   0x080138b4   0x00000052   Code   RO         2580    .text.send_game_status  refereebehaviour.o
    0x08013906   0x08013906   0x00000002   PAD
    0x08013908   0x08013908   0x00000088   Code   RO         2588    .text.send_power_heat_data  refereebehaviour.o
    0x08013990   0x08013990   0x0000005a   Code   RO         2586    .text.send_robot_information  refereebehaviour.o
    0x080139ea   0x080139ea   0x00000002   PAD
    0x080139ec   0x080139ec   0x00000052   Code   RO         2461    .text.uint_to_float  motor.o
    0x08013a3e   0x08013a3e   0x00000002   PAD
    0x08013a40   0x08013a40   0x000000a0   Code   RO         2345    .text.usart3_rx_dma_init  bsp_usart.o
    0x08013ae0   0x08013ae0   0x00000190   Code   RO         2355    .text.usart6_init   bsp_usart.o
    0x08013c70   0x08013c70   0x00000048   Code   RO         1662    .text.uxListRemove  list.o
    0x08013cb8   0x08013cb8   0x0000002a   Code   RO          321    .text.vApplicationGetIdleTaskMemory  freertos.o
    0x08013ce2   0x08013ce2   0x00000002   PAD
    0x08013ce4   0x08013ce4   0x0000002e   Code   RO         1654    .text.vListInitialise  list.o
    0x08013d12   0x08013d12   0x00000002   PAD
    0x08013d14   0x08013d14   0x0000000e   Code   RO         1656    .text.vListInitialiseItem  list.o
    0x08013d22   0x08013d22   0x00000002   PAD
    0x08013d24   0x08013d24   0x0000006a   Code   RO         1660    .text.vListInsert   list.o
    0x08013d8e   0x08013d8e   0x00000002   PAD
    0x08013d90   0x08013d90   0x0000003a   Code   RO         1658    .text.vListInsertEnd  list.o
    0x08013dca   0x08013dca   0x00000002   PAD
    0x08013dcc   0x08013dcc   0x00000014   Code   RO         2085    .text.vPortEnableVFP  port.o
    0x08013de0   0x08013de0   0x00000056   Code   RO         2091    .text.vPortEnterCritical  port.o
    0x08013e36   0x08013e36   0x00000002   PAD
    0x08013e38   0x08013e38   0x0000004a   Code   RO         2093    .text.vPortExitCritical  port.o
    0x08013e82   0x08013e82   0x00000002   PAD
    0x08013e84   0x08013e84   0x000000ce   Code   RO         2050    .text.vPortFree     heap_4.o
    0x08013f52   0x08013f52   0x00000002   PAD
    0x08013f54   0x08013f54   0x00000044   Code   RO         2083    .text.vPortSetupTimerInterrupt  port.o
    0x08013f98   0x08013f98   0x0000006e   Code   RO         1804    .text.vTaskDelay    tasks.o
    0x08014006   0x08014006   0x00000002   PAD
    0x08014008   0x08014008   0x000000ce   Code   RO         1828    .text.vTaskStartScheduler  tasks.o
    0x080140d6   0x080140d6   0x00000002   PAD
    0x080140d8   0x080140d8   0x00000010   Code   RO         1806    .text.vTaskSuspendAll  tasks.o
    0x080140e8   0x080140e8   0x000000be   Code   RO         1820    .text.vTaskSwitchContext  tasks.o
    0x080141a6   0x080141a6   0x00000002   PAD
    0x080141a8   0x080141a8   0x0000007c   Code   RO         2204    .text.verify_CRC16_check_sum  crc8_crc16.o
    0x08014224   0x08014224   0x00000052   Code   RO         2198    .text.verify_CRC8_check_sum  crc8_crc16.o
    0x08014276   0x08014276   0x00000002   PAD
    0x08014278   0x08014278   0x00000156   Code   RO         2081    .text.xPortStartScheduler  port.o
    0x080143ce   0x080143ce   0x00000002   PAD
    0x080143d0   0x080143d0   0x0000009e   Code   RO         1796    .text.xTaskCreate   tasks.o
    0x0801446e   0x0801446e   0x00000002   PAD
    0x08014470   0x08014470   0x000000ce   Code   RO         1790    .text.xTaskCreateStatic  tasks.o
    0x0801453e   0x0801453e   0x00000002   PAD
    0x08014540   0x08014540   0x000001b8   Code   RO         1834    .text.xTaskIncrementTick  tasks.o
    0x080146f8   0x080146f8   0x00000178   Code   RO         1810    .text.xTaskResumeAll  tasks.o
    0x08014870   0x08014870   0x0000003e   Code   RO         3100    CL$$btod_d2e        c_w.l(btod.o)
    0x080148ae   0x080148ae   0x00000046   Code   RO         3102    CL$$btod_d2e_denorm_low  c_w.l(btod.o)
    0x080148f4   0x080148f4   0x00000060   Code   RO         3101    CL$$btod_d2e_norm_op1  c_w.l(btod.o)
    0x08014954   0x08014954   0x00000338   Code   RO         3110    CL$$btod_div_common  c_w.l(btod.o)
    0x08014c8c   0x08014c8c   0x000000dc   Code   RO         3107    CL$$btod_e2e        c_w.l(btod.o)
    0x08014d68   0x08014d68   0x0000002a   Code   RO         3104    CL$$btod_ediv       c_w.l(btod.o)
    0x08014d92   0x08014d92   0x0000002a   Code   RO         3103    CL$$btod_emul       c_w.l(btod.o)
    0x08014dbc   0x08014dbc   0x00000244   Code   RO         3109    CL$$btod_mult_common  c_w.l(btod.o)
    0x08015000   0x08015000   0x00000030   Code   RO         3149    i.__ARM_fpclassify  m_wm.l(fpclassify.o)
    0x08015030   0x08015030   0x00000026   Code   RO         2989    i.__ARM_fpclassifyf  m_wm.l(fpclassifyf.o)
    0x08015056   0x08015056   0x00000002   PAD
    0x08015058   0x08015058   0x0000012c   Code   RO         2776    i.__hardfp_asinf    m_wm.l(asinf.o)
    0x08015184   0x08015184   0x000002ac   Code   RO         2782    i.__hardfp_atan2f   m_wm.l(atan2f.o)
    0x08015430   0x08015430   0x0000007a   Code   RO         2788    i.__hardfp_sqrt     m_wm.l(sqrt.o)
    0x080154aa   0x080154aa   0x00000006   Code   RO         2992    i.__mathlib_flt_infnan  m_wm.l(funder.o)
    0x080154b0   0x080154b0   0x00000006   Code   RO         2993    i.__mathlib_flt_infnan2  m_wm.l(funder.o)
    0x080154b6   0x080154b6   0x00000002   PAD
    0x080154b8   0x080154b8   0x00000010   Code   RO         2994    i.__mathlib_flt_invalid  m_wm.l(funder.o)
    0x080154c8   0x080154c8   0x00000010   Code   RO         2997    i.__mathlib_flt_underflow  m_wm.l(funder.o)
    0x080154d8   0x080154d8   0x0000000e   Code   RO         2884    i._is_digit         c_w.l(__printf_wp.o)
    0x080154e6   0x080154e6   0x0000003e   Code   RO         3007    i.sqrtf             m_wm.l(sqrtf.o)
    0x08015524   0x08015524   0x0000002c   Code   RO         3125    locale$$code        c_w.l(lc_numeric_c.o)
    0x08015550   0x08015550   0x0000002c   Code   RO         3164    locale$$code        c_w.l(lc_ctype_c.o)
    0x0801557c   0x0801557c   0x00000062   Code   RO         2754    x$fpl$d2f           fz_wm.l(d2f.o)
    0x080155de   0x080155de   0x00000002   PAD
    0x080155e0   0x080155e0   0x00000150   Code   RO         2756    x$fpl$dadd          fz_wm.l(daddsub_clz.o)
    0x08015730   0x08015730   0x000002b4   Code   RO         2763    x$fpl$ddiv          fz_wm.l(ddiv.o)
    0x080159e4   0x080159e4   0x0000002e   Code   RO         2767    x$fpl$dflt          fz_wm.l(dflt_clz.o)
    0x08015a12   0x08015a12   0x00000002   PAD
    0x08015a14   0x08015a14   0x00000154   Code   RO         2772    x$fpl$dmul          fz_wm.l(dmul.o)
    0x08015b68   0x08015b68   0x0000009c   Code   RO         2970    x$fpl$dnaninf       fz_wm.l(dnaninf.o)
    0x08015c04   0x08015c04   0x0000000c   Code   RO         2972    x$fpl$dretinf       fz_wm.l(dretinf.o)
    0x08015c10   0x08015c10   0x00000198   Code   RO         2974    x$fpl$dsqrt         fz_wm.l(dsqrt_umaal.o)
    0x08015da8   0x08015da8   0x000001dc   Code   RO         2758    x$fpl$dsub          fz_wm.l(daddsub_clz.o)
    0x08015f84   0x08015f84   0x00000056   Code   RO         2774    x$fpl$f2d           fz_wm.l(f2d.o)
    0x08015fda   0x08015fda   0x0000008c   Code   RO         2976    x$fpl$fnaninf       fz_wm.l(fnaninf.o)
    0x08016066   0x08016066   0x0000001a   Code   RO         3077    x$fpl$fpinit        fz_wm.l(fpinit.o)
    0x08016080   0x08016080   0x0000000a   Code   RO         2978    x$fpl$fretinf       fz_wm.l(fretinf.o)
    0x0801608a   0x0801608a   0x00000004   Code   RO         2980    x$fpl$printf1       fz_wm.l(printf1.o)
    0x0801608e   0x0801608e   0x00000004   Code   RO         2982    x$fpl$printf2       fz_wm.l(printf2.o)
    0x08016092   0x08016092   0x00000000   Code   RO         2988    x$fpl$usenofp       fz_wm.l(usenofp.o)
    0x08016092   0x08016092   0x00000002   PAD
    0x08016094   0x08016094   0x00000008   Data   RO         2843    .constdata          c_w.l(_printf_wctomb.o)
    0x0801609c   0x0801609c   0x00000028   Data   RO         2872    .constdata          c_w.l(_printf_hex_int_ll_ptr.o)
    0x080160c4   0x080160c4   0x00000011   Data   RO         2892    .constdata          c_w.l(__printf_flags_ss_wp.o)
    0x080160d5   0x080160d5   0x00000026   Data   RO         3057    .constdata          c_w.l(_printf_fp_hex.o)
    0x080160fb   0x080160fb   0x00000001   PAD
    0x080160fc   0x080160fc   0x00000094   Data   RO         3098    .constdata          c_w.l(bigflt0.o)
    0x08016190   0x08016190   0x0000001c   Data   RO          332    .rodata..L__const.MX_FREERTOS_Init.os_thread_def_Attitude  freertos.o
    0x080161ac   0x080161ac   0x0000001c   Data   RO          334    .rodata..L__const.MX_FREERTOS_Init.os_thread_def_Calculate  freertos.o
    0x080161c8   0x080161c8   0x0000001c   Data   RO          338    .rodata..L__const.MX_FREERTOS_Init.os_thread_def_Referee  freertos.o
    0x080161e4   0x080161e4   0x0000001c   Data   RO          336    .rodata..L__const.MX_FREERTOS_Init.os_thread_def_UI  freertos.o
    0x08016200   0x08016200   0x0000001c   Data   RO          330    .rodata..L__const.MX_FREERTOS_Init.os_thread_def_defaultTask  freertos.o
    0x0801621c   0x0801621c   0x00000010   Data   RO         1615    .rodata.AHBPrescTable  system_stm32f4xx.o
    0x0801622c   0x0801622c   0x00000008   Data   RO         1616    .rodata.APBPrescTable  system_stm32f4xx.o
    0x08016234   0x08016234   0x00000100   Data   RO         2209    .rodata.CRC8_table  crc8_crc16.o
    0x08016334   0x08016334   0x00000008   Data   RO          800    .rodata.DMA_CalcBaseAndBitshift.flagBitshiftOffset  stm32f4xx_hal_dma.o
    0x0801633c   0x0801633c   0x00000012   Data   RO         2420    .rodata.bmi088_accel_self_test.write_BMI088_ACCEL_self_test_Reg_Data_Error  bmi088driver.o
    0x0801634e   0x0801634e   0x00000002   PAD
    0x08016350   0x08016350   0x0000000c   Data   RO           37    .rodata.imu_temp_PID  attitudethread.o
    0x0801635c   0x0801635c   0x00000004   Data   RO          199    .rodata.str1.1      interruptservice.o
    0x08016360   0x08016360   0x0000002a   Data   RO          329    .rodata.str1.1      freertos.o
    0x0801638a   0x0801638a   0x00000005   Data   RO         1905    .rodata.str1.1      tasks.o
    0x0801638f   0x0801638f   0x00000001   PAD
    0x08016390   0x08016390   0x00000200   Data   RO         2211    .rodata.wCRC_table  crc8_crc16.o
    0x08016590   0x08016590   0x00000020   Data   RO         3223    Region$$Table       anon$$obj.o
    0x080165b0   0x080165b0   0x0000001c   Data   RO         3124    locale$$data        c_w.l(lc_numeric_c.o)
    0x080165cc   0x080165cc   0x00000110   Data   RO         3163    locale$$data        c_w.l(lc_ctype_c.o)


    Execution Region RW_IRAM1 (Exec base: 0x20000000, Load base: 0x080166e0, Size: 0x00009de8, Max: 0x0001c000, ABSOLUTE, COMPRESSED[0x000000a0])

    Exec Addr    Load Addr    Size         Type   Attr      Idx    E Section Name        Object

    0x20000000   COMPRESSED   0x0000000c   Data   RW           98    .data.AMMO_LEFT_SPEED_30MS  calculatethread.o
    0x2000000c   COMPRESSED   0x0000000c   Data   RW           99    .data.AMMO_RIGHT_SPEED_30MS  calculatethread.o
    0x20000018   COMPRESSED   0x00000004   Data   RW         2416    .data.BMI088_ACCEL_SEN  bmi088driver.o
    0x2000001c   COMPRESSED   0x00000004   Data   RW         2417    .data.BMI088_GYRO_SEN  bmi088driver.o
    0x20000020   COMPRESSED   0x00000002   Data   RW         2210    .data.CRC16_INIT    crc8_crc16.o
    0x20000022   COMPRESSED   0x00000001   Data   RW          119    .data.HEAT_CTRL_flag  calculatethread.o
    0x20000023   COMPRESSED   0x00000001   PAD
    0x20000024   COMPRESSED   0x00000010   Data   RW           32    .data.INS_quat      attitudethread.o
    0x20000034   COMPRESSED   0x0000000c   Data   RW           97    .data.PITCH_ANGLE_AIMBOT_OPERATE  calculatethread.o
    0x20000040   COMPRESSED   0x0000000c   Data   RW           93    .data.PITCH_ANGLE_MANUAL_OPERATE  calculatethread.o
    0x2000004c   COMPRESSED   0x0000000c   Data   RW           89    .data.PITCH_ANGLE_RESET_POSITION  calculatethread.o
    0x20000058   COMPRESSED   0x0000000c   Data   RW           92    .data.PITCH_SPEED_MANUAL_OPERATE  calculatethread.o
    0x20000064   COMPRESSED   0x0000000c   Data   RW           88    .data.PITCH_SPEED_RESET_POSITION  calculatethread.o
    0x20000070   COMPRESSED   0x0000000c   Data   RW          103    .data.ROTOR_BACK    calculatethread.o
    0x2000007c   COMPRESSED   0x0000000c   Data   RW          101    .data.ROTOR_FORWARD  calculatethread.o
    0x20000088   COMPRESSED   0x00000004   Data   RW         1614    .data.SystemCoreClock  system_stm32f4xx.o
    0x2000008c   COMPRESSED   0x0000000c   Data   RW           95    .data.YAW_ANGLE_AIMBOT_OPERATE  calculatethread.o
    0x20000098   COMPRESSED   0x0000000c   Data   RW           91    .data.YAW_ANGLE_MANUAL_OPERATE  calculatethread.o
    0x200000a4   COMPRESSED   0x0000000c   Data   RW           87    .data.YAW_ANGLE_RESET_POSITION  calculatethread.o
    0x200000b0   COMPRESSED   0x0000000c   Data   RW           94    .data.YAW_SPEED_AIMBOT_OPERATE  calculatethread.o
    0x200000bc   COMPRESSED   0x0000000c   Data   RW           90    .data.YAW_SPEED_MANUAL_OPERATE  calculatethread.o
    0x200000c8   COMPRESSED   0x0000000c   Data   RW           86    .data.YAW_SPEED_RESET_POSITION  calculatethread.o
    0x200000d4   COMPRESSED   0x00000009   Data   RW           25    .data.accel_dma_tx_buf  attitudethread.o
    0x200000dd   COMPRESSED   0x00000004   Data   RW           26    .data.accel_temp_dma_tx_buf  attitudethread.o
    0x200000e1   COMPRESSED   0x00000008   Data   RW           24    .data.gyro_dma_tx_buf  attitudethread.o
    0x200000e9   COMPRESSED   0x00000003   PAD
    0x200000ec   COMPRESSED   0x00000004   Data   RW           39    .data.n             attitudethread.o
    0x200000f0   COMPRESSED   0x00000004   Data   RW          104    .data.pitch_aimbot_filter_param  calculatethread.o
    0x200000f4   COMPRESSED   0x00000002   Data   RW         2372    .data.pulse         bsp_snail.o
    0x200000f6   COMPRESSED   0x00000002   PAD
    0x200000f8   COMPRESSED   0x00000004   Data   RW         2150    .data.twoKp         mahonyahrs.o
    0x200000fc   COMPRESSED   0x00000001   Data   RW          994    .data.uwTickFreq    stm32f4xx_hal.o
    0x200000fd   COMPRESSED   0x00000003   PAD
    0x20000100   COMPRESSED   0x00000004   Data   RW          993    .data.uwTickPrio    stm32f4xx_hal.o
    0x20000104   COMPRESSED   0x00000004   Data   RW         2103    .data.uxCriticalNesting  port.o
    0x20000108   COMPRESSED   0x00000012   Data   RW         2418    .data.write_BMI088_accel_reg_data_error  bmi088driver.o
    0x2000011a   COMPRESSED   0x00000012   Data   RW         2419    .data.write_BMI088_gyro_reg_data_error  bmi088driver.o
    0x2000012c   COMPRESSED   0x00000004   PAD
    0x20000130        -       0x00000060   Zero   RW         3016    .bss                c_w.l(libspace.o)
    0x20000190        -       0x00000001   Zero   RW          118    .bss.AUTO_FIRE_flag  calculatethread.o
    0x20000191   COMPRESSED   0x00000003   PAD
    0x20000194        -       0x00000010   Zero   RW          109    .bss.Aimbot         calculatethread.o
    0x200001a4        -       0x00000010   Zero   RW         2566    .bss.AimbotCommand  aimbotcan.o
    0x200001b4        -       0x00000014   Zero   RW         2485    .bss.AmmoLeftMotorMeasure  motor.o
    0x200001c8        -       0x00000014   Zero   RW         2486    .bss.AmmoRightMotorMeasure  motor.o
    0x200001dc        -       0x00000004   Zero   RW          333    .bss.AttudThreadHandler  freertos.o
    0x200001e0        -       0x0000000b   Zero   RW         2626    .bss.BulletLimit    refereebehaviour.o
    0x200001eb        -       0x0000000b   Zero   RW         2625    .bss.BulletSpeed    refereebehaviour.o
    0x200001f6        -       0x00000001   Zero   RW          121    .bss.CMlast         calculatethread.o
    0x200001f7        -       0x00000001   Zero   RW          120    .bss.CMthis         calculatethread.o
    0x200001f8        -       0x00000004   Zero   RW          335    .bss.CalcThreadHandler  freertos.o
    0x200001fc        -       0x00000014   Zero   RW         2483    .bss.DamiaoPitchMotorMeasure  motor.o
    0x20000210        -       0x0000000b   Zero   RW         2631    .bss.EnemyInformation  refereebehaviour.o
    0x2000021b        -       0x00000001   Zero   RW          123    .bss.FMlast         calculatethread.o
    0x2000021c        -       0x00000001   Zero   RW          122    .bss.FMthis         calculatethread.o
    0x2000021d        -       0x0000000b   Zero   RW         2633    .bss.GAMESTATUS     refereebehaviour.o
    0x20000228        -       0x000004ac   Zero   RW          106    .bss.Gimbal         calculatethread.o
    0x200006d4        -       0x00000004   Zero   RW          357    .bss.HAL_RCC_CAN1_CLK_ENABLED  can.o
    0x200006d8        -       0x0000000c   Zero   RW           33    .bss.INS_angle      attitudethread.o
    0x200006e4        -       0x0000000c   Zero   RW           34    .bss.INS_palstance  attitudethread.o
    0x200006f0        -       0x0000000c   Zero   RW          201    .bss.ImuPackageMini  interruptservice.o
    0x200006fc        -       0x00000002   Zero   RW         2547    .bss.KeyFormerChannal  remote.o
    0x200006fe        -       0x00000002   Zero   RW         2548    .bss.KeyJumpChannal  remote.o
    0x20000700        -       0x00000008   Zero   RW         2487    .bss.MotorBusPosition  motor.o
    0x20000708        -       0x00000010   Zero   RW         2475    .bss.MotorSendBuffer  motor.o
    0x20000718        -       0x00000011   Zero   RW          111    .bss.Offline        calculatethread.o
    0x20000729   COMPRESSED   0x00000003   PAD
    0x2000072c        -       0x00000044   Zero   RW          204    .bss.OfflineCounter  interruptservice.o
    0x20000770        -       0x00000011   Zero   RW          205    .bss.OfflineMonitor  interruptservice.o
    0x20000781   COMPRESSED   0x00000003   PAD
    0x20000784        -       0x0000000c   Zero   RW           85    .bss.PITCH_ANGLE_NO_FORCE  calculatethread.o
    0x20000790        -       0x0000000c   Zero   RW           96    .bss.PITCH_SPEED_AIMBOT_OPERATE  calculatethread.o
    0x2000079c        -       0x0000000c   Zero   RW           84    .bss.PITCH_SPEED_NO_FORCE  calculatethread.o
    0x200007a8        -       0x00000014   Zero   RW         2482    .bss.PitchMotorMeasure  motor.o
    0x200007bc        -       0x00000016   Zero   RW         2624    .bss.PowerHeatData  refereebehaviour.o
    0x200007d2   COMPRESSED   0x00000002   PAD
    0x200007d4        -       0x0000000c   Zero   RW          102    .bss.ROTOR_STOP     calculatethread.o
    0x200007e0        -       0x0000000c   Zero   RW          100    .bss.ROTOR_UNABLE   calculatethread.o
    0x200007ec        -       0x0000000d   Zero   RW          110    .bss.Referee        calculatethread.o
    0x200007f9   COMPRESSED   0x00000003   PAD
    0x200007fc        -       0x00000004   Zero   RW          339    .bss.RefereeHandle  freertos.o
    0x20000800        -       0x00000004   Zero   RW          195    .bss.RefereeInterpolationTimer  interruptservice.o
    0x20000804        -       0x00000016   Zero   RW          108    .bss.Remote         calculatethread.o
    0x2000081a        -       0x00000008   Zero   RW          203    .bss.RequestStatePacket  interruptservice.o
    0x20000822        -       0x0000000b   Zero   RW         2629    .bss.RobotInformation  refereebehaviour.o
    0x2000082d   COMPRESSED   0x00000003   PAD
    0x20000830        -       0x00000014   Zero   RW         2484    .bss.RotorMotorMeasure  motor.o
    0x20000844        -       0x00000422   Zero   RW         2620    .bss.SendBuffer     refereebehaviour.o
    0x20000c66        -       0x00000003   Zero   RW         2632    .bss.SendGameStatus  refereebehaviour.o
    0x20000c69   COMPRESSED   0x00000003   PAD
    0x20000c6c        -       0x00000004   Zero   RW          197    .bss.SystemTimer    interruptservice.o
    0x20000c70        -       0x00000004   Zero   RW          337    .bss.UIThreadHandler  freertos.o
    0x20000c74        -       0x00000002   Zero   RW         2551    .bss.USART3_IRQHandler.this_time_rx_len  remote.o
    0x20000c76        -       0x00000002   Zero   RW          280    .bss.USART6_IRQHandler.this_time_rx_len  refereethread.o
    0x20000c78        -       0x0000000c   Zero   RW           83    .bss.YAW_ANGLE_NO_FORCE  calculatethread.o
    0x20000c84        -       0x0000000c   Zero   RW           82    .bss.YAW_SPEED_NO_FORCE  calculatethread.o
    0x20000c90        -       0x00000014   Zero   RW         2481    .bss.YawMotorMeasure  motor.o
    0x20000ca4        -       0x00000009   Zero   RW           41    .bss.accel_dma_rx_buf  attitudethread.o
    0x20000cad        -       0x00000004   Zero   RW           42    .bss.accel_temp_dma_rx_buf  attitudethread.o
    0x20000cb1        -       0x00000001   Zero   RW           29    .bss.accel_temp_update_flag  attitudethread.o
    0x20000cb2        -       0x00000001   Zero   RW           28    .bss.accel_update_flag  attitudethread.o
    0x20000cb3   COMPRESSED   0x00000001   PAD
    0x20000cb4        -       0x00000024   Zero   RW           35    .bss.bmi088_real_data  attitudethread.o
    0x20000cd8        -       0x00000006   Zero   RW         2613    .bss.buff_musk_t    refereebehaviour.o
    0x20000cde        -       0x00000006   Zero   RW         2617    .bss.bullet_remaining_t  refereebehaviour.o
    0x20000ce4        -       0x00000018   Zero   RW         2336    .bss.can_tx_message  bsp_can.o
    0x20000cfc        -       0x00000018   Zero   RW         2476    .bss.can_tx_message  motor.o
    0x20000d14        -       0x00000004   Zero   RW          487    .bss.counter        stm32f4xx_it.o
    0x20000d18        -       0x00000008   Zero   RW         2478    .bss.damiao_data    motor.o
    0x20000d20        -       0x00000006   Zero   RW         2623    .bss.dart_client_cmd_t  refereebehaviour.o
    0x20000d26        -       0x00000003   Zero   RW         2622    .bss.dart_remaining_time_t  refereebehaviour.o
    0x20000d29   COMPRESSED   0x00000003   PAD
    0x20000d2c        -       0x00000004   Zero   RW          331    .bss.defaultTaskHandle  freertos.o
    0x20000d30        -       0x00000008   Zero   RW         2630    .bss.enemy_information  refereebehaviour.o
    0x20000d38        -       0x00000004   Zero   RW         2293    .bss.fac_ms         bsp_delay.o
    0x20000d3c        -       0x00000001   Zero   RW         2292    .bss.fac_us         bsp_delay.o
    0x20000d3d   COMPRESSED   0x00000003   PAD
    0x20000d40        -       0x00000004   Zero   RW         2607    .bss.field_event    refereebehaviour.o
    0x20000d44        -       0x00000001   Zero   RW           44    .bss.first_temperate  attitudethread.o
    0x20000d45        -       0x00000001   Zero   RW         2605    .bss.game_result    refereebehaviour.o
    0x20000d46        -       0x00000020   Zero   RW         2606    .bss.game_robot_HP_t  refereebehaviour.o
    0x20000d66   COMPRESSED   0x00000002   PAD
    0x20000d68        -       0x0000000c   Zero   RW         2612    .bss.game_robot_pos_t  refereebehaviour.o
    0x20000d74        -       0x0000000b   Zero   RW         2604    .bss.game_state     refereebehaviour.o
    0x20000d7f   COMPRESSED   0x00000001   PAD
    0x20000d80        -       0x00000004   Zero   RW          112    .bss.gimbal_init_countdown  calculatethread.o
    0x20000d84        -       0x00000008   Zero   RW           38    .bss.gyro_dma_rx_buf  attitudethread.o
    0x20000d8c        -       0x00000001   Zero   RW           27    .bss.gyro_update_flag  attitudethread.o
    0x20000d8d   COMPRESSED   0x00000003   PAD
    0x20000d90        -       0x00000028   Zero   RW          355    .bss.hcan1          can.o
    0x20000db8        -       0x00000028   Zero   RW          356    .bss.hcan2          can.o
    0x20000de0        -       0x00000060   Zero   RW          380    .bss.hdma_spi1_rx   spi.o
    0x20000e40        -       0x00000060   Zero   RW          381    .bss.hdma_spi1_tx   spi.o
    0x20000ea0        -       0x00000060   Zero   RW          440    .bss.hdma_usart1_rx  usart.o
    0x20000f00        -       0x00000060   Zero   RW          439    .bss.hdma_usart1_tx  usart.o
    0x20000f60        -       0x00000060   Zero   RW          441    .bss.hdma_usart3_rx  usart.o
    0x20000fc0        -       0x00000060   Zero   RW          442    .bss.hdma_usart6_rx  usart.o
    0x20001020        -       0x00000060   Zero   RW          443    .bss.hdma_usart6_tx  usart.o
    0x20001080        -       0x00000058   Zero   RW          379    .bss.hspi1          spi.o
    0x200010d8        -       0x00000048   Zero   RW          411    .bss.htim1          tim.o
    0x20001120        -       0x00000048   Zero   RW          418    .bss.htim10         tim.o
    0x20001168        -       0x00000048   Zero   RW          412    .bss.htim2          tim.o
    0x200011b0        -       0x00000048   Zero   RW          413    .bss.htim3          tim.o
    0x200011f8        -       0x00000048   Zero   RW          414    .bss.htim4          tim.o
    0x20001240        -       0x00000048   Zero   RW          415    .bss.htim5          tim.o
    0x20001288        -       0x00000048   Zero   RW          416    .bss.htim6          tim.o
    0x200012d0        -       0x00000048   Zero   RW          509    .bss.htim7          stm32f4xx_hal_timebase_tim.o
    0x20001318        -       0x00000048   Zero   RW          417    .bss.htim8          tim.o
    0x20001360        -       0x00000044   Zero   RW          436    .bss.huart1         usart.o
    0x200013a4        -       0x00000044   Zero   RW          437    .bss.huart3         usart.o
    0x200013e8        -       0x00000044   Zero   RW          438    .bss.huart6         usart.o
    0x2000142c        -       0x00000001   Zero   RW           31    .bss.imu_start_dma_flag  attitudethread.o
    0x2000142d        -       0x00000001   Zero   RW           43    .bss.imu_temp_control.temp_constant_time  attitudethread.o
    0x2000142e   COMPRESSED   0x00000002   PAD
    0x20001430        -       0x00000048   Zero   RW           36    .bss.imu_temp_pid   attitudethread.o
    0x20001478        -       0x00000004   Zero   RW         2152    .bss.integralFBx    mahonyahrs.o
    0x2000147c        -       0x00000004   Zero   RW         2153    .bss.integralFBy    mahonyahrs.o
    0x20001480        -       0x00000004   Zero   RW         2154    .bss.integralFBz    mahonyahrs.o
    0x20001484        -       0x00000004   Zero   RW         2479    .bss.p_int          motor.o
    0x20001488        -       0x00000010   Zero   RW          107    .bss.pitch_aimbot_filter  calculatethread.o
    0x20001498        -       0x00000010   Zero   RW         2611    .bss.power_heat_data_t  refereebehaviour.o
    0x200014a8        -       0x00000004   Zero   RW         1894    .bss.pxCurrentTCB   tasks.o
    0x200014ac        -       0x00000004   Zero   RW         1911    .bss.pxDelayedTaskList  tasks.o
    0x200014b0        -       0x00000004   Zero   RW         2060    .bss.pxEnd          heap_4.o
    0x200014b4        -       0x00000004   Zero   RW         1912    .bss.pxOverflowDelayedTaskList  tasks.o
    0x200014b8        -       0x0000008c   Zero   RW         1895    .bss.pxReadyTasksLists  tasks.o
    0x20001544        -       0x00000010   Zero   RW          202    .bss.quat           interruptservice.o
    0x20001554        -       0x00000016   Zero   RW         2552    .bss.rc_ctrl        remote.o
    0x2000156a   COMPRESSED   0x00000002   PAD
    0x2000156c        -       0x00000018   Zero   RW          275    .bss.referee_fifo   refereethread.o
    0x20001584        -       0x00000400   Zero   RW          276    .bss.referee_fifo_buf  refereethread.o
    0x20001984        -       0x00000005   Zero   RW         2602    .bss.referee_receive_header  refereebehaviour.o
    0x20001989        -       0x00000005   Zero   RW         2603    .bss.referee_send_header  refereebehaviour.o
    0x2000198e        -       0x00000089   Zero   RW          278    .bss.referee_unpack_obj  refereethread.o
    0x20001a17        -       0x00000003   Zero   RW         2609    .bss.referee_warning_t  refereebehaviour.o
    0x20001a1a   COMPRESSED   0x00000002   PAD
    0x20001a1c        -       0x00000004   Zero   RW         2618    .bss.rfid_status_t  refereebehaviour.o
    0x20001a20        -       0x00000002   Zero   RW         2614    .bss.robot_energy_t  refereebehaviour.o
    0x20001a22        -       0x00000001   Zero   RW         2615    .bss.robot_hurt_t   refereebehaviour.o
    0x20001a23   COMPRESSED   0x00000001   PAD
    0x20001a24        -       0x00000006   Zero   RW         2628    .bss.robot_information  refereebehaviour.o
    0x20001a2a        -       0x0000000d   Zero   RW         2610    .bss.robot_state    refereebehaviour.o
    0x20001a37        -       0x00000048   Zero   RW         2550    .bss.sbus_rx_buf    remote.o
    0x20001a7f   COMPRESSED   0x00000001   PAD
    0x20001a80        -       0x00000004   Zero   RW         2337    .bss.send_mail_box  bsp_can.o
    0x20001a84        -       0x00000004   Zero   RW         2477    .bss.send_mail_box  motor.o
    0x20001a88        -       0x00000007   Zero   RW         2616    .bss.shoot_data_t   refereebehaviour.o
    0x20001a8f   COMPRESSED   0x00000001   PAD
    0x20001a90        -       0x00000006   Zero   RW         2619    .bss.student_interactive_data_t  refereebehaviour.o
    0x20001a96        -       0x00000004   Zero   RW         2608    .bss.supply_projectile_action_t  refereebehaviour.o
    0x20001a9a        -       0x00000003   Zero   RW         2621    .bss.supply_projectile_booking_t  refereebehaviour.o
    0x20001a9d   COMPRESSED   0x00000003   PAD
    0x20001aa0        -       0x00000008   Zero   RW           40    .bss.temp_bias      attitudethread.o
    0x20001aa8        -       0x00000004   Zero   RW          196    .bss.time_stap      interruptservice.o
    0x20001aac        -       0x00000004   Zero   RW         2151    .bss.twoKi          mahonyahrs.o
    0x20001ab0        -       0x0000001e   Zero   RW          198    .bss.u1_buf         interruptservice.o
    0x20001ace        -       0x00003c00   Zero   RW         2067    .bss.ucHeap         heap_4.o
    0x200056ce        -       0x00000001   Zero   RW         2101    .bss.ucMaxSysCallPriority  port.o
    0x200056cf   COMPRESSED   0x00000001   PAD
    0x200056d0        -       0x00000004   Zero   RW         2102    .bss.ulMaxPRIGROUPValue  port.o
    0x200056d4        -       0x00000400   Zero   RW          277    .bss.usart6_buf     refereethread.o
    0x20005ad4        -       0x00000004   Zero   RW          995    .bss.uwTick         stm32f4xx_hal.o
    0x20005ad8        -       0x00000004   Zero   RW         1900    .bss.uxCurrentNumberOfTasks  tasks.o
    0x20005adc        -       0x00000004   Zero   RW         1899    .bss.uxDeletedTasksWaitingCleanUp  tasks.o
    0x20005ae0        -       0x00000004   Zero   RW         1902    .bss.uxSchedulerSuspended  tasks.o
    0x20005ae4        -       0x00000004   Zero   RW         1897    .bss.uxTaskNumber   tasks.o
    0x20005ae8        -       0x00000004   Zero   RW         1896    .bss.uxTopReadyPriority  tasks.o
    0x20005aec        -       0x00000004   Zero   RW         2480    .bss.v_int          motor.o
    0x20005af0        -       0x00000004   Zero   RW         2061    .bss.xBlockAllocatedBit  heap_4.o
    0x20005af4        -       0x00000014   Zero   RW         1914    .bss.xDelayedTaskList1  tasks.o
    0x20005b08        -       0x00000014   Zero   RW         1915    .bss.xDelayedTaskList2  tasks.o
    0x20005b1c        -       0x00000004   Zero   RW         2062    .bss.xFreeBytesRemaining  heap_4.o
    0x20005b20        -       0x00000200   Zero   RW          328    .bss.xIdleStack     freertos.o
    0x20005d20        -       0x00000004   Zero   RW         1906    .bss.xIdleTaskHandle  tasks.o
    0x20005d24        -       0x00000054   Zero   RW          327    .bss.xIdleTaskTCBBuffer  freertos.o
    0x20005d78        -       0x00000004   Zero   RW         2064    .bss.xMinimumEverFreeBytesRemaining  heap_4.o
    0x20005d7c        -       0x00000004   Zero   RW         1907    .bss.xNextTaskUnblockTime  tasks.o
    0x20005d80        -       0x00000004   Zero   RW         1913    .bss.xNumOfOverflows  tasks.o
    0x20005d84        -       0x00000004   Zero   RW         2065    .bss.xNumberOfSuccessfulAllocations  heap_4.o
    0x20005d88        -       0x00000004   Zero   RW         2066    .bss.xNumberOfSuccessfulFrees  heap_4.o
    0x20005d8c        -       0x00000004   Zero   RW         1910    .bss.xPendedTicks   tasks.o
    0x20005d90        -       0x00000014   Zero   RW         1904    .bss.xPendingReadyList  tasks.o
    0x20005da4        -       0x00000004   Zero   RW         1901    .bss.xSchedulerRunning  tasks.o
    0x20005da8        -       0x00000008   Zero   RW         2063    .bss.xStart         heap_4.o
    0x20005db0        -       0x00000014   Zero   RW         1903    .bss.xSuspendedTaskList  tasks.o
    0x20005dc4        -       0x00000014   Zero   RW         1898    .bss.xTasksWaitingTermination  tasks.o
    0x20005dd8        -       0x00000004   Zero   RW         1908    .bss.xTickCount     tasks.o
    0x20005ddc        -       0x00000004   Zero   RW         1909    .bss.xYieldPending  tasks.o
    0x20005de0        -       0x00000004   Zero   RW          124    .bss.yaw_zero_imu   calculatethread.o
    0x20005de4   COMPRESSED   0x00000004   PAD
    0x20005de8        -       0x00002000   Zero   RW          288    HEAP                startup_stm32f407xx.o
    0x20007de8        -       0x00002000   Zero   RW          287    STACK               startup_stm32f407xx.o


    Execution Region RW_IRAM2 (Exec base: 0x2001c000, Load base: 0x08016780, Size: 0x00000000, Max: 0x00004000, ABSOLUTE)

    **** No section assigned to this execution region ****


==============================================================================

Image component sizes


      Code (inc. data)   RO Data    RW Data    ZI Data      Debug   Object Name

       208          8          0          0         16       1412   aimbotcan.o
      6046         32         12         41        167       6745   attitudethread.o
      3156         12         18         44          0       6013   bmi088driver.o
       166          0          0          0          0       2059   bmi088middleware.o
       184          0          0          0         28       3305   bsp_can.o
       212          0          0          0          5       1577   bsp_delay.o
        26          0          0          0          0        527   bsp_imu_pwm.o
       112          0          0          2          0        717   bsp_snail.o
     21956          0          0          0          0       5638   bsp_spi.o
       560          0          0          0          0       2301   bsp_usart.o
      4004        108          0        185       1377       9798   calculatethread.o
       544          0          0          0         84       6475   can.o
       274          0          0          0          0      16257   cmsis_os.o
       376          0        768          2          0       2188   crc8_crc16.o
       206          0          0          0          0       3340   dma.o
       424          0          0          0          0       9430   fifo.o
       378          0        182          0        616       3222   freertos.o
       592          0          0          0          0       4237   gpio.o
      1084          0          0          0      15392       4421   heap_4.o
      1628          4          4          0        163       8898   interruptservice.o
       296          0          0          0          0       2224   list.o
       118          0          0          0          0       1342   loop_fifo.o
      3142         16          0          4         16       3679   mahonyahrs.o
       494          0          0          0          0       5964   main.o
      1528         20          0          0        188       6188   motor.o
       836          0          0          0          0       2718   pid.o
       996         16          0          4          5       3831   port.o
      2024          0          0          0       1302       9084   refereebehaviour.o
       848          6          0          0       2211       3234   refereethread.o
      1372         20          0          0        100       5314   remote.o
       486          0          0          0        280       5093   spi.o
        64         26        392          0      16384        836   startup_stm32f407xx.o
       158          0          0          5          4       7113   stm32f4xx_hal.o
      3088          0          0          0          0      11378   stm32f4xx_hal_can.o
       384          0          0          0          0       9462   stm32f4xx_hal_cortex.o
      1490          8          8          0          0       8505   stm32f4xx_hal_dma.o
      1052          0          0          0          0       5101   stm32f4xx_hal_gpio.o
        88          0          0          0          0       3361   stm32f4xx_hal_msp.o
      2730          0          0          0          0       7586   stm32f4xx_hal_rcc.o
      1588          0          0          0          0      19765   stm32f4xx_hal_spi.o
      4238         14          0          0          0      35945   stm32f4xx_hal_tim.o
       484          0          0          0          0      15338   stm32f4xx_hal_tim_ex.o
       240          0          0          0         72       7105   stm32f4xx_hal_timebase_tim.o
      1012          0          0          0          0      20233   stm32f4xx_hal_uart.o
       234          0          0          0          4       2132   stm32f4xx_it.o
        18          0         24          4          0       2529   system_stm32f4xx.o
      2946          0          5          0        300      20358   tasks.o
      2364          0          0          0        576      10853   tim.o
        16          0          0          0          0       2090   uithread.o
      1176          0          0          0        684       7839   usart.o
       406          0          0          0          0       3418   user_lib.o

    ----------------------------------------------------------------------
     78348        290       1448        300      40028     348178   Object Totals
         0          0         32          0          0          0   (incl. Generated)
       296          0          3          9         54          0   (incl. Padding)

    ----------------------------------------------------------------------

      Code (inc. data)   RO Data    RW Data    ZI Data      Debug   Library Member Name

        58          0          0          0          0          0   __dczerorl.o
         8          0          0          0          0         68   __main.o
       392          4         17          0          0         92   __printf_flags_ss_wp.o
        14          0          0          0          0         68   __printf_wp.o
         0          0          0          0          0          0   __rtentry.o
        12          0          0          0          0          0   __rtentry2.o
         6          0          0          0          0          0   __rtentry4.o
        94          8          0          0          0          0   __scatter.o
        28          0          0          0          0          0   __scatter_zi.o
        72          0          0          0          0         96   _c16rtomb.o
         6          0          0          0          0          0   _printf_a.o
         6          0          0          0          0          0   _printf_c.o
        44          0          0          0          0        108   _printf_char.o
        48          6          0          0          0         96   _printf_char_common.o
        40          0          0          0          0         68   _printf_charcount.o
         6          0          0          0          0          0   _printf_d.o
       120         16          0          0          0         92   _printf_dec.o
         6          0          0          0          0          0   _printf_e.o
         6          0          0          0          0          0   _printf_f.o
      1052          0          0          0          0        148   _printf_fp_dec.o
       764          8         38          0          0        100   _printf_fp_hex.o
       128         16          0          0          0         84   _printf_fp_infnan.o
         6          0          0          0          0          0   _printf_g.o
       148          4         40          0          0        160   _printf_hex_int_ll_ptr.o
         6          0          0          0          0          0   _printf_i.o
       178          0          0          0          0         88   _printf_intcommon.o
        10          0          0          0          0          0   _printf_l.o
         6          0          0          0          0          0   _printf_lc.o
        10          0          0          0          0          0   _printf_ll.o
         6          0          0          0          0          0   _printf_lld.o
         6          0          0          0          0          0   _printf_lli.o
         6          0          0          0          0          0   _printf_llo.o
         6          0          0          0          0          0   _printf_llu.o
         6          0          0          0          0          0   _printf_llx.o
       124         16          0          0          0         92   _printf_longlong_dec.o
         6          0          0          0          0          0   _printf_ls.o
         6          0          0          0          0          0   _printf_n.o
         6          0          0          0          0          0   _printf_o.o
       112          8          0          0          0        124   _printf_oct_int_ll.o
         6          0          0          0          0          0   _printf_p.o
        78          0          0          0          0        108   _printf_pad.o
         0          0          0          0          0          0   _printf_percent.o
         4          0          0          0          0          0   _printf_percent_end.o
         6          0          0          0          0          0   _printf_s.o
        82          0          0          0          0         80   _printf_str.o
        36          0          0          0          0         84   _printf_truncate.o
         6          0          0          0          0          0   _printf_u.o
        44          0          0          0          0        108   _printf_wchar.o
       188          6          8          0          0         92   _printf_wctomb.o
         6          0          0          0          0          0   _printf_x.o
        22          0          0          0          0        100   _rserrno.o
        10          0          0          0          0         68   _sputc.o
       228          4        148          0          0         96   bigflt0.o
      1936        128          0          0          0        668   btod.o
        18          0          0          0          0         80   exit.o
         6          0          0          0          0        152   heapauxi.o
         0          0          0          0          0          0   indicate_semi.o
        44         10        272          0          0         76   lc_ctype_c.o
        44         10         28          0          0         76   lc_numeric_c.o
         2          0          0          0          0          0   libinit.o
        34          0          0          0          0          0   libinit2.o
         2          0          0          0          0          0   libshutdown.o
         2          0          0          0          0          0   libshutdown2.o
         8          4          0          0         96         68   libspace.o
       138          0          0          0          0         80   lludiv10.o
       240          0          0          0          0        100   lludivv7m.o
        16          4          0          0          0         76   rt_ctype_table.o
         8          4          0          0          0         68   rt_errno_addr_intlibspace.o
         8          4          0          0          0         68   rt_locale_intlibspace.o
        78          0          0          0          0         80   rt_memclr_w.o
       138          0          0          0          0         68   rt_memcpy_v6.o
       100          0          0          0          0         80   rt_memcpy_w.o
         2          0          0          0          0          0   rtexit.o
        10          0          0          0          0          0   rtexit2.o
        44          6          0          0          0         84   sprintf.o
       124          0          0          0          0         88   strcmpv7em.o
        12          4          0          0          0         68   sys_exit.o
        74          0          0          0          0         80   sys_stackheap_outer.o
         2          0          0          0          0         68   use_no_semi.o
        98          4          0          0          0        140   d2f.o
       812         16          0          0          0        392   daddsub_clz.o
       692        140          0          0          0        264   ddiv.o
        46          0          0          0          0        116   dflt_clz.o
       340         12          0          0          0        152   dmul.o
       156          4          0          0          0        140   dnaninf.o
        12          0          0          0          0        116   dretinf.o
       408         56          0          0          0        168   dsqrt_umaal.o
        86          4          0          0          0        132   f2d.o
       140          4          0          0          0        132   fnaninf.o
        26          0          0          0          0        116   fpinit.o
        10          0          0          0          0        116   fretinf.o
         4          0          0          0          0        116   printf1.o
         4          0          0          0          0        116   printf2.o
         0          0          0          0          0          0   usenofp.o
       300         42          0          0          0        176   asinf.o
       684         90          0          0          0        208   atan2f.o
        48          0          0          0          0        124   fpclassify.o
        38          0          0          0          0        116   fpclassifyf.o
        44         12          0          0          0        464   funder.o
       122          0          0          0          0        148   sqrt.o
        62          0          0          0          0        136   sqrtf.o

    ----------------------------------------------------------------------
     11520        658        552          0         96       7936   Library Totals
        24          4          1          0          0          0   (incl. Padding)

    ----------------------------------------------------------------------

      Code (inc. data)   RO Data    RW Data    ZI Data      Debug   Library Name

      7364        270        551          0         96       4348   c_w.l
      2834        240          0          0          0       2216   fz_wm.l
      1298        144          0          0          0       1372   m_wm.l

    ----------------------------------------------------------------------
     11520        658        552          0         96       7936   Library Totals

    ----------------------------------------------------------------------

==============================================================================


      Code (inc. data)   RO Data    RW Data    ZI Data      Debug   

     89868        948       2000        300      40124     350562   Grand Totals
     89868        948       2000        160      40124     350562   ELF Image Totals (compressed)
     89868        948       2000        160          0          0   ROM Totals

==============================================================================

    Total RO  Size (Code + RO Data)                91868 (  89.71kB)
    Total RW  Size (RW Data + ZI Data)             40424 (  39.48kB)
    Total ROM Size (Code + RO Data + RW Data)      92028 (  89.87kB)

==============================================================================

