<html>
<body>
<pre>
<h1>µVision Build Log</h1>
<h2>Tool Versions:</h2>
IDE-Version: ¦ÌVision V5.39.0.0
Copyright (C) 2023 ARM Ltd and ARM Germany GmbH. All rights reserved.
License Information: aaa chaosxi, HP Inc., LIC=IK1BF-6KK3G-56NQ2-9RCY3-U1XVQ-BTP0J
 
Tool Versions:
Toolchain:       MDK-ARM Plus  Version: 5.39.0.0
Toolchain Path:  C:\Program Files (x86)\keil5\ARM\ARMCLANG\Bin
C Compiler:      ArmClang.exe V6.21
Assembler:       Armasm.exe V6.21
Linker/Locator:  ArmLink.exe V6.21
Library Manager: ArmAr.exe V6.21
Hex Converter:   FromElf.exe V6.21
CPU DLL:         SARMCM3.DLL V5.39.0.0
Dialog DLL:      DCM.DLL V1.17.5.0
Target DLL:      CMSIS_AGDI.dll V1.33.16.0
Dialog DLL:      TCM.DLL V1.56.4.0
 
<h2>Project:</h2>
C:\worker\Aerial\MDK-ARM\Template.uvprojx
Project File Date:  03/26/2024

<h2>Output:</h2>
*** Using Compiler 'V6.21', folder: 'C:\Program Files (x86)\keil5\ARM\ARMCLANG\Bin'
Rebuild target 'Template'
compiling main.c...
compiling UIThread.c...
compiling CalculateThread.c...
assembling startup_stm32f407xx.s...
compiling dma.c...
compiling can.c...
compiling gpio.c...
compiling RefereeThread.c...
compiling freertos.c...
compiling InterruptService.c...
compiling AttitudeThread.c...
compiling spi.c...
compiling tim.c...
compiling stm32f4xx_it.c...
compiling usart.c...
compiling stm32f4xx_hal_msp.c...
compiling stm32f4xx_hal_timebase_tim.c...
compiling stm32f4xx_hal_rcc_ex.c...
compiling stm32f4xx_hal_can.c...
compiling stm32f4xx_hal_rcc.c...
compiling stm32f4xx_hal_flash.c...
compiling stm32f4xx_hal_flash_ex.c...
compiling stm32f4xx_hal_flash_ramfunc.c...
compiling stm32f4xx_hal_gpio.c...
compiling stm32f4xx_hal_pwr.c...
compiling stm32f4xx_hal_pwr_ex.c...
compiling stm32f4xx_hal_dma.c...
compiling stm32f4xx_hal_dma_ex.c...
compiling stm32f4xx_hal_exti.c...
compiling stm32f4xx_hal_cortex.c...
compiling stm32f4xx_hal.c...
compiling croutine.c...
compiling list.c...
compiling system_stm32f4xx.c...
compiling event_groups.c...
compiling stm32f4xx_hal_spi.c...
compiling stm32f4xx_hal_tim_ex.c...
compiling stm32f4xx_hal_uart.c...
compiling stream_buffer.c...
compiling queue.c...
compiling timers.c...
compiling tasks.c...
compiling stm32f4xx_hal_tim.c...
compiling heap_4.c...
compiling port.c...
compiling MahonyAHRS.c...
compiling cmsis_os.c...
compiling user_lib.c...
compiling pid.c...
compiling loop_fifo.c...
compiling CRC8_CRC16.c...
compiling bsp_delay.c...
compiling fifo.c...
compiling bsp_imu_pwm.c...
compiling bsp_led.c...
compiling bsp_can.c...
compiling bsp_usart.c...
compiling bsp_snail.c...
compiling bsp_spi.c...
compiling BMI088Middleware.c...
compiling BMI088driver.c...
compiling Motor.c...
compiling Remote.c...
compiling AimbotCan.c...
compiling RefereeBehaviour.c...
compiling Client_UI.c...
linking...
Program Size: Code=90176 RO-data=2008 RW-data=300 ZI-data=40132  
FromELF: creating hex file...
"Template\Template.axf" - 0 Error(s), 0 Warning(s).

<h2>Software Packages used:</h2>

Package Vendor: ARM
                http://www.keil.com/pack/ARM.CMSIS.5.9.0.pack
                ARM::CMSIS@5.9.0
                CMSIS (Common Microcontroller Software Interface Standard)
   * Component: CORE Version: 5.6.0

Package Vendor: Keil
                https://www.keil.com/pack/Keil.STM32F4xx_DFP.2.17.1.pack
                Keil::STM32F4xx_DFP@2.17.1
                STMicroelectronics STM32F4 Series Device Support, Drivers and Examples

<h2>Collection of Component include folders:</h2>
  ./RTE/_Template
  C:/Users/chaos/AppData/Local/Arm/Packs/ARM/CMSIS/5.9.0/CMSIS/Core/Include
  C:/Users/chaos/AppData/Local/Arm/Packs/Keil/STM32F4xx_DFP/2.17.1/Drivers/CMSIS/Device/ST/STM32F4xx/Include

<h2>Collection of Component Files used:</h2>

   * Component: ARM::CMSIS:CORE@5.6.0
      Include file:  CMSIS/Core/Include/tz_context.h
Build Time Elapsed:  00:00:03
</pre>
</body>
</html>
