Component: Arm Compiler for Embedded 6.21 Tool: armlink [5ec1fa00]

==============================================================================

Section Cross References

    attitudethread.o(.text.AttitudeThread) refers to cmsis_os.o(.text.osDelay) for osDelay
    attitudethread.o(.text.AttitudeThread) refers to bmi088driver.o(.text.BMI088_init) for BMI088_init
    attitudethread.o(.text.AttitudeThread) refers to attitudethread.o(.bss.bmi088_real_data) for bmi088_real_data
    attitudethread.o(.text.AttitudeThread) refers to bmi088driver.o(.text.BMI088_read) for BMI088_read
    attitudethread.o(.text.AttitudeThread) refers to attitudethread.o(.bss.imu_temp_pid) for imu_temp_pid
    attitudethread.o(.text.AttitudeThread) refers to attitudethread.o(.rodata.imu_temp_PID) for imu_temp_PID
    attitudethread.o(.text.AttitudeThread) refers to pid.o(.text.PID_init) for PID_init
    attitudethread.o(.text.AttitudeThread) refers to spi.o(.bss.hspi1) for hspi1
    attitudethread.o(.text.AttitudeThread) refers to stm32f4xx_hal_spi.o(.text.HAL_SPI_Init) for HAL_SPI_Init
    attitudethread.o(.text.AttitudeThread) refers to main.o(.text.Error_Handler) for Error_Handler
    attitudethread.o(.text.AttitudeThread) refers to attitudethread.o(.data.gyro_dma_tx_buf) for gyro_dma_tx_buf
    attitudethread.o(.text.AttitudeThread) refers to attitudethread.o(.bss.gyro_dma_rx_buf) for gyro_dma_rx_buf
    attitudethread.o(.text.AttitudeThread) refers to bsp_spi.o(.text.SPI1_DMA_init) for SPI1_DMA_init
    attitudethread.o(.text.AttitudeThread) refers to attitudethread.o(.bss.imu_start_dma_flag) for imu_start_dma_flag
    attitudethread.o(.text.AttitudeThread) refers to attitudethread.o(.data.INS_quat) for INS_quat
    attitudethread.o(.text.AttitudeThread) refers to attitudethread.o(.text.AHRS_update) for AHRS_update
    attitudethread.o(.text.AttitudeThread) refers to attitudethread.o(.bss.INS_angle) for INS_angle
    attitudethread.o(.text.AttitudeThread) refers to attitudethread.o(.text.get_angle) for get_angle
    attitudethread.o(.ARM.exidx.text.AttitudeThread) refers to attitudethread.o(.text.AttitudeThread) for [Anonymous Symbol]
    attitudethread.o(.text.AHRS_update) refers to mahonyahrs.o(.text.MahonyAHRSupdate) for MahonyAHRSupdate
    attitudethread.o(.text.AHRS_update) refers to attitudethread.o(.bss.temp_bias) for temp_bias
    attitudethread.o(.text.AHRS_update) refers to attitudethread.o(.data.n) for n
    attitudethread.o(.text.AHRS_update) refers to dflt_clz.o(x$fpl$dflt) for __aeabi_i2d
    attitudethread.o(.text.AHRS_update) refers to f2d.o(x$fpl$f2d) for __aeabi_f2d
    attitudethread.o(.text.AHRS_update) refers to dmul.o(x$fpl$dmul) for __aeabi_dmul
    attitudethread.o(.text.AHRS_update) refers to daddsub_clz.o(x$fpl$dsub) for __aeabi_dsub
    attitudethread.o(.text.AHRS_update) refers to ddiv.o(x$fpl$ddiv) for __aeabi_ddiv
    attitudethread.o(.ARM.exidx.text.AHRS_update) refers to attitudethread.o(.text.AHRS_update) for [Anonymous Symbol]
    attitudethread.o(.text.get_angle) refers to atan2f.o(i.__hardfp_atan2f) for __hardfp_atan2f
    attitudethread.o(.text.get_angle) refers to asinf.o(i.__hardfp_asinf) for __hardfp_asinf
    attitudethread.o(.ARM.exidx.text.get_angle) refers to attitudethread.o(.text.get_angle) for [Anonymous Symbol]
    attitudethread.o(.text.get_gyro_data_point) refers to attitudethread.o(.bss.bmi088_real_data) for bmi088_real_data
    attitudethread.o(.ARM.exidx.text.get_gyro_data_point) refers to attitudethread.o(.text.get_gyro_data_point) for [Anonymous Symbol]
    attitudethread.o(.text.get_INS_angle_point) refers to attitudethread.o(.bss.INS_angle) for INS_angle
    attitudethread.o(.ARM.exidx.text.get_INS_angle_point) refers to attitudethread.o(.text.get_INS_angle_point) for [Anonymous Symbol]
    attitudethread.o(.text.GetCurrentQuaternion) refers to attitudethread.o(.data.INS_quat) for INS_quat
    attitudethread.o(.ARM.exidx.text.GetCurrentQuaternion) refers to attitudethread.o(.text.GetCurrentQuaternion) for [Anonymous Symbol]
    attitudethread.o(.text.GimbalEulerSystemMeasureUpdate) refers to attitudethread.o(.bss.INS_angle) for INS_angle
    attitudethread.o(.text.GimbalEulerSystemMeasureUpdate) refers to attitudethread.o(.bss.INS_palstance) for INS_palstance
    attitudethread.o(.ARM.exidx.text.GimbalEulerSystemMeasureUpdate) refers to attitudethread.o(.text.GimbalEulerSystemMeasureUpdate) for [Anonymous Symbol]
    attitudethread.o(.text.HAL_GPIO_EXTI_Callback) refers to attitudethread.o(.bss.accel_update_flag) for accel_update_flag
    attitudethread.o(.text.HAL_GPIO_EXTI_Callback) refers to attitudethread.o(.bss.accel_temp_update_flag) for accel_temp_update_flag
    attitudethread.o(.text.HAL_GPIO_EXTI_Callback) refers to attitudethread.o(.bss.imu_start_dma_flag) for imu_start_dma_flag
    attitudethread.o(.text.HAL_GPIO_EXTI_Callback) refers to attitudethread.o(.text.imu_cmd_spi_dma) for imu_cmd_spi_dma
[...]
    0x08002f3e   0x08002f3e   0x00000002   PAD
    0x08002f40   0x08002f40   0x00000044   Code   RO         2955    .text.Get_CRC8_Check_Sum_UI  client_ui.o
    0x08002f84   0x08002f84   0x0000005c   Code   RO         3067    .text.Get_SerialNum  usbd_desc.o
    0x08002fe0   0x08002fe0   0x00000470   Code   RO           72    .text.GimbalCommandUpdate  calculatethread.o
    0x08003450   0x08003450   0x000000f6   Code   RO           60    .text.GimbalControlModeUpdate  calculatethread.o
    0x08003546   0x08003546   0x00000002   PAD
    0x08003548   0x08003548   0x00000080   Code   RO           14    .text.GimbalEulerSystemMeasureUpdate  attitudethread.o
    0x080035c8   0x080035c8   0x00000088   Code   RO           62    .text.GimbalFireModeUpdate  calculatethread.o
    0x08003650   0x08003650   0x00000054   Code   RO          156    .text.GimbalImuUsbSend  interruptservice.o
    0x080036a4   0x080036a4   0x00000026   Code   RO           70    .text.GimbalMeasureUpdate  calculatethread.o
    0x080036ca   0x080036ca   0x00000002   PAD
    0x080036cc   0x080036cc   0x000000b0   Code   RO         2776    .text.GimbalMotorControl  motor.o
    0x0800377c   0x0800377c   0x000000b0   Code   RO         2794    .text.GimbalMotorMeasureUpdate  motor.o
    0x0800382c   0x0800382c   0x00000210   Code   RO           64    .text.GimbalPIDUpdate  calculatethread.o
    0x08003a3c   0x08003a3c   0x000001ec   Code   RO           58    .text.GimbalStateMachineUpdate  calculatethread.o
    0x08003c28   0x08003c28   0x00000052   Code   RO         1136    .text.HAL_CAN_ActivateNotification  stm32f4xx_hal_can.o
    0x08003c7a   0x08003c7a   0x00000002   PAD
    0x08003c7c   0x08003c7c   0x00000170   Code   RO         1122    .text.HAL_CAN_AddTxMessage  stm32f4xx_hal_can.o
    0x08003dec   0x08003dec   0x000001a4   Code   RO         1112    .text.HAL_CAN_ConfigFilter  stm32f4xx_hal_can.o
    0x08003f90   0x08003f90   0x00000008   Code   RO         1166    .text.HAL_CAN_ErrorCallback  stm32f4xx_hal_can.o
    0x08003f98   0x08003f98   0x000001f0   Code   RO         1132    .text.HAL_CAN_GetRxMessage  stm32f4xx_hal_can.o
    0x08004188   0x08004188   0x000003f2   Code   RO         1140    .text.HAL_CAN_IRQHandler  stm32f4xx_hal_can.o
    0x0800457a   0x0800457a   0x00000002   PAD
    0x0800457c   0x0800457c   0x000001de   Code   RO         1102    .text.HAL_CAN_Init  stm32f4xx_hal_can.o
    0x0800475a   0x0800475a   0x00000002   PAD
    0x0800475c   0x0800475c   0x00000184   Code   RO          285    .text.HAL_CAN_MspInit  can.o
    0x080048e0   0x080048e0   0x00000008   Code   RO         1154    .text.HAL_CAN_RxFifo0FullCallback  stm32f4xx_hal_can.o
    0x080048e8   0x080048e8   0x000000bc   Code   RO          134    .text.HAL_CAN_RxFifo0MsgPendingCallback  interruptservice.o
    0x080049a4   0x080049a4   0x00000008   Code   RO         1158    .text.HAL_CAN_RxFifo1FullCallback  stm32f4xx_hal_can.o
    0x080049ac   0x080049ac   0x00000008   Code   RO         1160    .text.HAL_CAN_RxFifo1MsgPendingCallback  stm32f4xx_hal_can.o
    0x080049b4   0x080049b4   0x00000008   Code   RO         1162    .text.HAL_CAN_SleepCallback  stm32f4xx_hal_can.o
    0x080049bc   0x080049bc   0x0000008a   Code   RO         1114    .text.HAL_CAN_Start  stm32f4xx_hal_can.o
    0x08004a46   0x08004a46   0x00000002   PAD
    0x08004a48   0x08004a48   0x00000008   Code   RO         1144    .text.HAL_CAN_TxMailbox0AbortCallback  stm32f4xx_hal_can.o
    0x08004a50   0x08004a50   0x00000008   Code   RO         1142    .text.HAL_CAN_TxMailbox0CompleteCallback  stm32f4xx_hal_can.o
    0x08004a58   0x08004a58   0x00000008   Code   RO         1148    .text.HAL_CAN_TxMailbox1AbortCallback  stm32f4xx_hal_can.o
    0x08004a60   0x08004a60   0x00000008   Code   RO         1146    .text.HAL_CAN_TxMailbox1CompleteCallback  stm32f4xx_hal_can.o
    0x08004a68   0x08004a68   0x00000008   Code   RO         1152    .text.HAL_CAN_TxMailbox2AbortCallback  stm32f4xx_hal_can.o
    0x08004a70   0x08004a70   0x00000008   Code   RO         1150    .text.HAL_CAN_TxMailbox2CompleteCallback  stm32f4xx_hal_can.o
    0x08004a78   0x08004a78   0x00000008   Code   RO         1164    .text.HAL_CAN_WakeUpFromRxMsgCallback  stm32f4xx_hal_can.o
    0x08004a80   0x08004a80   0x0000031e   Code   RO          864    .text.HAL_DMA_IRQHandler  stm32f4xx_hal_dma.o
    0x08004d9e   0x08004d9e   0x00000002   PAD
    0x08004da0   0x08004da0   0x0000016e   Code   RO          844    .text.HAL_DMA_Init  stm32f4xx_hal_dma.o
    0x08004f0e   0x08004f0e   0x00000002   PAD
    0x08004f10   0x08004f10   0x00000042   Code   RO         1033    .text.HAL_Delay     stm32f4xx_hal.o
    0x08004f52   0x08004f52   0x00000002   PAD
    0x08004f54   0x08004f54   0x0000007e   Code   RO           16    .text.HAL_GPIO_EXTI_Callback  attitudethread.o
    0x08004fd2   0x08004fd2   0x00000002   PAD
    0x08004fd4   0x08004fd4   0x00000038   Code   RO          818    .text.HAL_GPIO_EXTI_IRQHandler  stm32f4xx_hal_gpio.o
    0x0800500c   0x0800500c   0x000003b6   Code   RO          806    .text.HAL_GPIO_Init  stm32f4xx_hal_gpio.o
    0x080053c2   0x080053c2   0x00000002   PAD
    0x080053c4   0x080053c4   0x0000002e   Code   RO          812    .text.HAL_GPIO_WritePin  stm32f4xx_hal_gpio.o
    0x080053f2   0x080053f2   0x00000002   PAD
    0x080053f4   0x080053f4   0x0000000c   Code   RO         1025    .text.HAL_GetTick   stm32f4xx_hal.o
    0x08005400   0x08005400   0x000002a4   Code   RO         1181    .text.HAL_I2C_Init  stm32f4xx_hal_i2c.o
    0x080056a4   0x080056a4   0x0000008e   Code   RO          309    .text.HAL_I2C_MspInit  i2c.o
    0x08005732   0x08005732   0x00000002   PAD
    0x08005734   0x08005734   0x0000001a   Code   RO         1023    .text.HAL_IncTick   stm32f4xx_hal.o
    0x0800574e   0x0800574e   0x00000002   PAD
    0x08005750   0x08005750   0x00000036   Code   RO         1013    .text.HAL_Init      stm32f4xx_hal.o
    0x08005786   0x08005786   0x00000002   PAD
    0x08005788   0x08005788   0x000000f0   Code   RO          453    .text.HAL_InitTick  stm32f4xx_hal_timebase_tim.o
    0x08005878   0x08005878   0x00000058   Code   RO          445    .text.HAL_MspInit   stm32f4xx_hal_msp.o
    0x080058d0   0x080058d0   0x00000014   Code   RO          954    .text.HAL_NVIC_EnableIRQ  stm32f4xx_hal_cortex.o
    0x080058e4   0x080058e4   0x00000032   Code   RO          946    .text.HAL_NVIC_SetPriority  stm32f4xx_hal_cortex.o
    0x08005916   0x08005916   0x00000002   PAD
    0x08005918   0x08005918   0x00000010   Code   RO          942    .text.HAL_NVIC_SetPriorityGrouping  stm32f4xx_hal_cortex.o
    0x08005928   0x08005928   0x0000000c   Code   RO          554    .text.HAL_PCDEx_LPM_Callback  stm32f4xx_hal_pcd_ex.o
    0x08005934   0x08005934   0x00000018   Code   RO          552    .text.HAL_PCDEx_SetRxFiFo  stm32f4xx_hal_pcd_ex.o
    0x0800594c   0x0800594c   0x0000009c   Code   RO          550    .text.HAL_PCDEx_SetTxFiFo  stm32f4xx_hal_pcd_ex.o
    0x080059e8   0x080059e8   0x00000014   Code   RO         3128    .text.HAL_PCD_ConnectCallback  usbd_conf.o
    0x080059fc   0x080059fc   0x00000026   Code   RO         3114    .text.HAL_PCD_DataInStageCallback  usbd_conf.o
    0x08005a22   0x08005a22   0x00000002   PAD
    0x08005a24   0x08005a24   0x00000028   Code   RO         3112    .text.HAL_PCD_DataOutStageCallback  usbd_conf.o
    0x08005a4c   0x08005a4c   0x00000014   Code   RO         3130    .text.HAL_PCD_DisconnectCallback  usbd_conf.o
    0x08005a60   0x08005a60   0x0000005e   Code   RO          501    .text.HAL_PCD_EP_Abort  stm32f4xx_hal_pcd.o
    0x08005abe   0x08005abe   0x00000002   PAD
    0x08005ac0   0x08005ac0   0x000000a8   Code   RO          521    .text.HAL_PCD_EP_Close  stm32f4xx_hal_pcd.o
    0x08005b68   0x08005b68   0x000000c8   Code   RO          531    .text.HAL_PCD_EP_ClrStall  stm32f4xx_hal_pcd.o
    0x08005c30   0x08005c30   0x00000022   Code   RO          525    .text.HAL_PCD_EP_GetRxCount  stm32f4xx_hal_pcd.o
    0x08005c52   0x08005c52   0x00000002   PAD
    0x08005c54   0x08005c54   0x000000ea   Code   RO          519    .text.HAL_PCD_EP_Open  stm32f4xx_hal_pcd.o
    0x08005d3e   0x08005d3e   0x00000002   PAD
    0x08005d40   0x08005d40   0x00000086   Code   RO          523    .text.HAL_PCD_EP_Receive  stm32f4xx_hal_pcd.o
    0x08005dc6   0x08005dc6   0x00000002   PAD
    0x08005dc8   0x08005dc8   0x000000de   Code   RO          529    .text.HAL_PCD_EP_SetStall  stm32f4xx_hal_pcd.o
    0x08005ea6   0x08005ea6   0x00000002   PAD
    0x08005ea8   0x08005ea8   0x00000086   Code   RO          527    .text.HAL_PCD_EP_Transmit  stm32f4xx_hal_pcd.o
    0x08005f2e   0x08005f2e   0x00000002   PAD
    0x08005f30   0x08005f30   0x0000083c   Code   RO          479    .text.HAL_PCD_IRQHandler  stm32f4xx_hal_pcd.o
    0x0800676c   0x0800676c   0x0000001c   Code   RO         3126    .text.HAL_PCD_ISOINIncompleteCallback  usbd_conf.o
    0x08006788   0x08006788   0x0000001c   Code   RO         3124    .text.HAL_PCD_ISOOUTIncompleteCallback  usbd_conf.o
    0x080067a4   0x080067a4   0x000002b4   Code   RO          467    .text.HAL_PCD_Init  stm32f4xx_hal_pcd.o
    0x08006a58   0x08006a58   0x000000b0   Code   RO         3106    .text.HAL_PCD_MspInit  usbd_conf.o
    0x08006b08   0x08006b08   0x00000052   Code   RO         3118    .text.HAL_PCD_ResetCallback  usbd_conf.o
    0x08006b5a   0x08006b5a   0x00000002   PAD
    0x08006b5c   0x08006b5c   0x00000014   Code   RO         3122    .text.HAL_PCD_ResumeCallback  usbd_conf.o
    0x08006b70   0x08006b70   0x00000014   Code   RO         3116    .text.HAL_PCD_SOFCallback  usbd_conf.o
    0x08006b84   0x08006b84   0x0000005e   Code   RO          517    .text.HAL_PCD_SetAddress  stm32f4xx_hal_pcd.o
    0x08006be2   0x08006be2   0x00000002   PAD
    0x08006be4   0x08006be4   0x00000018   Code   RO         3110    .text.HAL_PCD_SetupStageCallback  usbd_conf.o
    0x08006bfc   0x08006bfc   0x0000007a   Code   RO          475    .text.HAL_PCD_Start  stm32f4xx_hal_pcd.o
    0x08006c76   0x08006c76   0x00000002   PAD
    0x08006c78   0x08006c78   0x0000003e   Code   RO         3120    .text.HAL_PCD_SuspendCallback  usbd_conf.o
    0x08006cb6   0x08006cb6   0x00000002   PAD
    0x08006cb8   0x08006cb8   0x00000262   Code   RO          674    .text.HAL_RCC_ClockConfig  stm32f4xx_hal_rcc.o
    0x08006f1a   0x08006f1a   0x00000002   PAD
    0x08006f1c   0x08006f1c   0x00000054   Code   RO          692    .text.HAL_RCC_GetClockConfig  stm32f4xx_hal_rcc.o
    0x08006f70   0x08006f70   0x0000000c   Code   RO          684    .text.HAL_RCC_GetHCLKFreq  stm32f4xx_hal_rcc.o
    0x08006f7c   0x08006f7c   0x00000022   Code   RO          686    .text.HAL_RCC_GetPCLK1Freq  stm32f4xx_hal_rcc.o
    0x08006f9e   0x08006f9e   0x00000002   PAD
    0x08006fa0   0x08006fa0   0x00000022   Code   RO          688    .text.HAL_RCC_GetPCLK2Freq  stm32f4xx_hal_rcc.o
    0x08006fc2   0x08006fc2   0x00000002   PAD
    0x08006fc4   0x08006fc4   0x000000e6   Code   RO          676    .text.HAL_RCC_GetSysClockFreq  stm32f4xx_hal_rcc.o
    0x080070aa   0x080070aa   0x00000002   PAD
    0x080070ac   0x080070ac   0x000006be   Code   RO          672    .text.HAL_RCC_OscConfig  stm32f4xx_hal_rcc.o
    0x0800776a   0x0800776a   0x00000002   PAD
    0x0800776c   0x0800776c   0x00000100   Code   RO         1351    .text.HAL_SPI_Init  stm32f4xx_hal_spi.o
    0x0800786c   0x0800786c   0x00000194   Code   RO          323    .text.HAL_SPI_MspInit  spi.o
    0x08007a00   0x08007a00   0x00000366   Code   RO         1365    .text.HAL_SPI_TransmitReceive  stm32f4xx_hal_spi.o
    0x08007d66   0x08007d66   0x00000002   PAD
    0x08007d68   0x08007d68   0x00000008   Code   RO         1791    .text.HAL_TIMEx_BreakCallback  stm32f4xx_hal_tim_ex.o
    0x08007d70   0x08007d70   0x00000008   Code   RO         1787    .text.HAL_TIMEx_CommutCallback  stm32f4xx_hal_tim_ex.o
    0x08007d78   0x08007d78   0x000000b2   Code   RO         1783    .text.HAL_TIMEx_ConfigBreakDeadTime  stm32f4xx_hal_tim_ex.o
    0x08007e2a   0x08007e2a   0x00000002   PAD
    0x08007e2c   0x08007e2c   0x00000122   Code   RO         1781    .text.HAL_TIMEx_MasterConfigSynchronization  stm32f4xx_hal_tim_ex.o
    0x08007f4e   0x08007f4e   0x00000002   PAD
    0x08007f50   0x08007f50   0x0000009c   Code   RO         1468    .text.HAL_TIM_Base_Init  stm32f4xx_hal_tim.o
    0x08007fec   0x08007fec   0x0000021a   Code   RO          355    .text.HAL_TIM_Base_MspInit  tim.o
    0x08008206   0x08008206   0x00000002   PAD
    0x08008208   0x08008208   0x000000f6   Code   RO         1482    .text.HAL_TIM_Base_Start_IT  stm32f4xx_hal_tim.o
    0x080082fe   0x080082fe   0x00000002   PAD
    0x08008300   0x08008300   0x00000184   Code   RO         1660    .text.HAL_TIM_ConfigClockSource  stm32f4xx_hal_tim.o
    0x08008484   0x08008484   0x00000008   Code   RO         1604    .text.HAL_TIM_IC_CaptureCallback  stm32f4xx_hal_tim.o
    0x0800848c   0x0800848c   0x0000027a   Code   RO         1602    .text.HAL_TIM_IRQHandler  stm32f4xx_hal_tim.o
    0x08008706   0x08008706   0x00000002   PAD
    0x08008708   0x08008708   0x0000016a   Code   RO          339    .text.HAL_TIM_MspPostInit  tim.o
    0x08008872   0x08008872   0x00000002   PAD
    0x08008874   0x08008874   0x00000008   Code   RO         1606    .text.HAL_TIM_OC_DelayElapsedCallback  stm32f4xx_hal_tim.o
    0x0800887c   0x0800887c   0x00000142   Code   RO         1634    .text.HAL_TIM_PWM_ConfigChannel  stm32f4xx_hal_tim.o
    0x080089be   0x080089be   0x00000002   PAD
    0x080089c0   0x080089c0   0x0000009c   Code   RO         1522    .text.HAL_TIM_PWM_Init  stm32f4xx_hal_tim.o
    0x08008a5c   0x08008a5c   0x00000008   Code   RO         1524    .text.HAL_TIM_PWM_MspInit  stm32f4xx_hal_tim.o
    0x08008a64   0x08008a64   0x00000008   Code   RO         1608    .text.HAL_TIM_PWM_PulseFinishedCallback  stm32f4xx_hal_tim.o
    0x08008a6c   0x08008a6c   0x000001ca   Code   RO         1530    .text.HAL_TIM_PWM_Start  stm32f4xx_hal_tim.o
    0x08008c36   0x08008c36   0x00000002   PAD
    0x08008c38   0x08008c38   0x00000022   Code   RO          237    .text.HAL_TIM_PeriodElapsedCallback  main.o
    0x08008c5a   0x08008c5a   0x00000002   PAD
    0x08008c5c   0x08008c5c   0x00000008   Code   RO         1612    .text.HAL_TIM_TriggerCallback  stm32f4xx_hal_tim.o
    0x08008c64   0x08008c64   0x0000009a   Code   RO         1804    .text.HAL_UART_Init  stm32f4xx_hal_uart.o
    0x08008cfe   0x08008cfe   0x00000002   PAD
    0x08008d00   0x08008d00   0x000003d0   Code   RO          380    .text.HAL_UART_MspInit  usart.o
    0x080090d0   0x080090d0   0x0000014e   Code   RO         1820    .text.HAL_UART_Transmit  stm32f4xx_hal_uart.o
    0x0800921e   0x0800921e   0x00000002   PAD
    0x08009220   0x08009220   0x00000004   Code   RO          401    .text.HardFault_Handler  stm32f4xx_it.o
    0x08009224   0x08009224   0x0000007a   Code   RO         3069    .text.IntToUnicode  usbd_desc.o
    0x0800929e   0x0800929e   0x00000002   PAD
    0x080092a0   0x080092a0   0x0000002a   Code   RO         2904    .text.IsFull        refereebehaviour.o
    0x080092ca   0x080092ca   0x00000002   PAD
    0x080092cc   0x080092cc   0x0000004e   Code   RO          281    .text.MX_CAN1_Init  can.o
    0x0800931a   0x0800931a   0x00000002   PAD
    0x0800931c   0x0800931c   0x0000004e   Code   RO          283    .text.MX_CAN2_Init  can.o
    0x0800936a   0x0800936a   0x00000002   PAD
    0x0800936c   0x0800936c   0x000000ce   Code   RO          299    .text.MX_DMA_Init   dma.o
    0x0800943a   0x0800943a   0x00000002   PAD
    0x0800943c   0x0800943c   0x00000140   Code   RO          257    .text.MX_FREERTOS_Init  freertos.o
    0x0800957c   0x0800957c   0x00000250   Code   RO          247    .text.MX_GPIO_Init  gpio.o
    0x080097cc   0x080097cc   0x00000048   Code   RO          307    .text.MX_I2C2_Init  i2c.o
    0x08009814   0x08009814   0x00000052   Code   RO          321    .text.MX_SPI1_Init  spi.o
    0x08009866   0x08009866   0x00000002   PAD
    0x08009868   0x08009868   0x0000008e   Code   RO          353    .text.MX_TIM10_Init  tim.o
    0x080098f6   0x080098f6   0x00000002   PAD
    0x080098f8   0x080098f8   0x00000170   Code   RO          337    .text.MX_TIM1_Init  tim.o
    0x08009a68   0x08009a68   0x0000007e   Code   RO          341    .text.MX_TIM2_Init  tim.o
    0x08009ae6   0x08009ae6   0x00000002   PAD
    0x08009ae8   0x08009ae8   0x00000084   Code   RO          343    .text.MX_TIM3_Init  tim.o
    0x08009b6c   0x08009b6c   0x00000084   Code   RO          345    .text.MX_TIM4_Init  tim.o
    0x08009bf0   0x08009bf0   0x00000084   Code   RO          347    .text.MX_TIM5_Init  tim.o
    0x08009c74   0x08009c74   0x0000005a   Code   RO          349    .text.MX_TIM6_Init  tim.o
    0x08009cce   0x08009cce   0x00000002   PAD
    0x08009cd0   0x08009cd0   0x00000156   Code   RO          351    .text.MX_TIM8_Init  tim.o
    0x08009e26   0x08009e26   0x00000002   PAD
    0x08009e28   0x08009e28   0x00000040   Code   RO          374    .text.MX_USART1_UART_Init  usart.o
    0x08009e68   0x08009e68   0x00000048   Code   RO          376    .text.MX_USART3_UART_Init  usart.o
    0x08009eb0   0x08009eb0   0x00000040   Code   RO          378    .text.MX_USART6_UART_Init  usart.o
    0x08009ef0   0x08009ef0   0x00000076   Code   RO         3044    .text.MX_USB_DEVICE_Init  usb_device.o
    0x08009f66   0x08009f66   0x00000002   PAD
    0x08009f68   0x08009f68   0x0000079c   Code   RO         2467    .text.MahonyAHRSupdate  mahonyahrs.o
    0x0800a704   0x0800a704   0x00000450   Code   RO         2469    .text.MahonyAHRSupdateIMU  mahonyahrs.o
    0x0800ab54   0x0800ab54   0x00000004   Code   RO          403    .text.MemManage_Handler  stm32f4xx_it.o
    0x0800ab58   0x0800ab58   0x000001bc   Code   RO         2788    .text.MotorProcess  motor.o
    0x0800ad14   0x0800ad14   0x00000024   Code   RO         2848    .text.MouseMoveX    remote.o
    0x0800ad38   0x0800ad38   0x00000024   Code   RO         2850    .text.MouseMoveY    remote.o
    0x0800ad5c   0x0800ad5c   0x0000000c   Code   RO         2852    .text.MousePressLeft  remote.o
    0x0800ad68   0x0800ad68   0x00000004   Code   RO          399    .text.NMI_Handler   stm32f4xx_it.o
    0x0800ad6c   0x0800ad6c   0x0000006c   Code   RO          952    .text.NVIC_EncodePriority  stm32f4xx_hal_cortex.o
    0x0800add8   0x0800add8   0x0000004a   Code   RO         2868    .text.NormalizedLimit  remote.o
    0x0800ae22   0x0800ae22   0x00000002   PAD
    0x0800ae24   0x0800ae24   0x00000010   Code   RO          431    .text.OTG_FS_IRQHandler  stm32f4xx_it.o
    0x0800ae34   0x0800ae34   0x0000008a   Code   RO          483    .text.PCD_EP_OutSetupPacket_int  stm32f4xx_hal_pcd.o
    0x0800aebe   0x0800aebe   0x00000002   PAD
    0x0800aec0   0x0800aec0   0x000001c8   Code   RO          481    .text.PCD_EP_OutXfrComplete_int  stm32f4xx_hal_pcd.o
    0x0800b088   0x0800b088   0x00000132   Code   RO          491    .text.PCD_WriteEmptyTxFifo  stm32f4xx_hal_pcd.o
    0x0800b1ba   0x0800b1ba   0x00000002   PAD
    0x0800b1bc   0x0800b1bc   0x0000024c   Code   RO         2489    .text.PID_calc      pid.o
    0x0800b408   0x0800b408   0x00000052   Code   RO         2485    .text.PID_init      pid.o
    0x0800b45a   0x0800b45a   0x00000006   PAD
    0x0800b460   0x0800b460   0x00000064   Code   RO         2418    .text.PendSV_Handler  port.o
    0x0800b4c4   0x0800b4c4   0x0000000e   Code   RO          138    .text.PitchMotorOfflineCounterUpdate  interruptservice.o
    0x0800b4d2   0x0800b4d2   0x00000002   PAD
    0x0800b4d4   0x0800b4d4   0x00000022   Code   RO           54    .text.RefereeInfUpdate  calculatethread.o
    0x0800b4f6   0x0800b4f6   0x00000002   PAD
    0x0800b4f8   0x0800b4f8   0x00000052   Code   RO          203    .text.RefereeTask   refereethread.o
    0x0800b54a   0x0800b54a   0x00000002   PAD
    0x0800b54c   0x0800b54c   0x00000084   Code   RO         2842    .text.RemoteChannalLeftX  remote.o
    0x0800b5d0   0x0800b5d0   0x00000084   Code   RO         2844    .text.RemoteChannalLeftY  remote.o
    0x0800b654   0x0800b654   0x00000084   Code   RO         2846    .text.RemoteDial    remote.o
    0x0800b6d8   0x0800b6d8   0x0000000e   Code   RO          170    .text.RemoteOfflineCounterUpdate  interruptservice.o
    0x0800b6e6   0x0800b6e6   0x00000002   PAD
    0x0800b6e8   0x0800b6e8   0x0000008a   Code   RO           74    .text.RotorCommandUpdate  calculatethread.o
    0x0800b772   0x0800b772   0x00000002   PAD
    0x0800b774   0x0800b774   0x0000000e   Code   RO          140    .text.RotorMotorOfflineCounterUpdate  interruptservice.o
    0x0800b782   0x0800b782   0x00000002   PAD
    0x0800b784   0x0800b784   0x000000a4   Code   RO           66    .text.RotorPIDUpdate  calculatethread.o
    0x0800b828   0x0800b828   0x0000539e   Code   RO         2646    .text.SPI1_DMA_enable  bsp_spi.o
    0x08010bc6   0x08010bc6   0x00000002   PAD
    0x08010bc8   0x08010bc8   0x00000226   Code   RO         2644    .text.SPI1_DMA_init  bsp_spi.o
    0x08010dee   0x08010dee   0x00000002   PAD
    0x08010df0   0x08010df0   0x000000a4   Code   RO         1361    .text.SPI_EndRxTxTransaction  stm32f4xx_hal_spi.o
    0x08010e94   0x08010e94   0x0000012a   Code   RO         1459    .text.SPI_WaitFlagStateUntilTimeout  stm32f4xx_hal_spi.o
    0x08010fbe   0x08010fbe   0x00000002   PAD
    0x08010fc0   0x08010fc0   0x00000024   Code   RO         2402    .text.SVC_Handler   port.o
    0x08010fe4   0x08010fe4   0x00000036   Code   RO         3256    .text.SWAPBYTE      usbd_ctlreq.o
    0x0801101a   0x0801101a   0x00000002   PAD
    0x0801101c   0x0801101c   0x00000056   Code   RO         2796    .text.ShootMotorMeasureUpdate  motor.o
    0x08011072   0x08011072   0x00000002   PAD
    0x08011074   0x08011074   0x00000014   Code   RO          259    .text.StartDefaultTask  freertos.o
    0x08011088   0x08011088   0x0000003c   Code   RO         2420    .text.SysTick_Handler  port.o
    0x080110c4   0x080110c4   0x000000bc   Code   RO          233    .text.SystemClock_Config  main.o
    0x08011180   0x08011180   0x00000012   Code   RO         1933    .text.SystemInit    system_stm32f4xx.o
    0x08011192   0x08011192   0x00000002   PAD
    0x08011194   0x08011194   0x00000030   Code   RO          419    .text.TIM2_IRQHandler  stm32f4xx_it.o
    0x080111c4   0x080111c4   0x00000014   Code   RO          160    .text.TIM3_IRQHandler  interruptservice.o
    0x080111d8   0x080111d8   0x00000014   Code   RO          162    .text.TIM4_IRQHandler  interruptservice.o
    0x080111ec   0x080111ec   0x00000014   Code   RO          164    .text.TIM6_DAC_IRQHandler  interruptservice.o
    0x08011200   0x08011200   0x00000010   Code   RO          421    .text.TIM7_IRQHandler  stm32f4xx_it.o
    0x08011210   0x08011210   0x0000019a   Code   RO         1472    .text.TIM_Base_SetConfig  stm32f4xx_hal_tim.o
    0x080113aa   0x080113aa   0x00000002   PAD
    0x080113ac   0x080113ac   0x00000036   Code   RO         1506    .text.TIM_CCxChannelCmd  stm32f4xx_hal_tim.o
    0x080113e2   0x080113e2   0x00000002   PAD
    0x080113e4   0x080113e4   0x00000034   Code   RO         1658    .text.TIM_ETR_SetConfig  stm32f4xx_hal_tim.o
    0x08011418   0x08011418   0x0000002a   Code   RO         1664    .text.TIM_ITRx_SetConfig  stm32f4xx_hal_tim.o
    0x08011442   0x08011442   0x00000002   PAD
    0x08011444   0x08011444   0x000000ea   Code   RO         1616    .text.TIM_OC1_SetConfig  stm32f4xx_hal_tim.o
    0x0801152e   0x0801152e   0x00000002   PAD
    0x08011530   0x08011530   0x000000f4   Code   RO         1618    .text.TIM_OC2_SetConfig  stm32f4xx_hal_tim.o
    0x08011624   0x08011624   0x000000f2   Code   RO         1620    .text.TIM_OC3_SetConfig  stm32f4xx_hal_tim.o
    0x08011716   0x08011716   0x00000002   PAD
    0x08011718   0x08011718   0x000000a4   Code   RO         1622    .text.TIM_OC4_SetConfig  stm32f4xx_hal_tim.o
    0x080117bc   0x080117bc   0x00000050   Code   RO         1662    .text.TIM_TI1_ConfigInputStage  stm32f4xx_hal_tim.o
    0x0801180c   0x0801180c   0x00000052   Code   RO         1666    .text.TIM_TI2_ConfigInputStage  stm32f4xx_hal_tim.o
    0x0801185e   0x0801185e   0x00000002   PAD
    0x08011860   0x08011860   0x0000001a   Code   RO          148    .text.TimerTaskLoop1000Hz  interruptservice.o
    0x0801187a   0x0801187a   0x00000002   PAD
    0x0801187c   0x0801187c   0x00000002   Code   RO          158    .text.TimerTaskLoop100Hz  interruptservice.o
    0x0801187e   0x0801187e   0x00000002   PAD
    0x08011880   0x08011880   0x00000008   Code   RO          154    .text.TimerTaskLoop500Hz  interruptservice.o
    0x08011888   0x08011888   0x0000013a   Code   RO         1808    .text.UART_SetConfig  stm32f4xx_hal_uart.o
    0x080119c2   0x080119c2   0x00000002   PAD
    0x080119c4   0x080119c4   0x000000d2   Code   RO         1822    .text.UART_WaitOnFlagUntilTimeout  stm32f4xx_hal_uart.o
    0x08011a96   0x08011a96   0x00000002   PAD
    0x08011a98   0x08011a98   0x0000063c   Code   RO          183    .text.UIThread      uithread.o
    0x080120d4   0x080120d4   0x00000334   Code   RO         2971    .text.UI_ReFresh    client_ui.o
    0x08012408   0x08012408   0x00000022   Code   RO         2951    .text.UI_SendByte   client_ui.o
    0x0801242a   0x0801242a   0x00000002   PAD
    0x0801242c   0x0801242c   0x00000132   Code   RO         2820    .text.USART3_IRQHandler  remote.o
    0x0801255e   0x0801255e   0x00000002   PAD
    0x08012560   0x08012560   0x0000011a   Code   RO          207    .text.USART6_IRQHandler  refereethread.o
    0x0801267a   0x0801267a   0x00000002   PAD
    0x0801267c   0x0801267c   0x000000f4   Code   RO         3299    .text.USBD_CDC_DataIn  usbd_cdc.o
    0x08012770   0x08012770   0x00000070   Code   RO         3301    .text.USBD_CDC_DataOut  usbd_cdc.o
    0x080127e0   0x080127e0   0x000000ec   Code   RO         3293    .text.USBD_CDC_DeInit  usbd_cdc.o
    0x080128cc   0x080128cc   0x00000078   Code   RO         3297    .text.USBD_CDC_EP0_RxReady  usbd_cdc.o
    0x08012944   0x08012944   0x00000016   Code   RO         3309    .text.USBD_CDC_GetDeviceQualifierDescriptor  usbd_cdc.o
    0x0801295a   0x0801295a   0x00000002   PAD
    0x0801295c   0x0801295c   0x0000006c   Code   RO         3305    .text.USBD_CDC_GetFSCfgDesc  usbd_cdc.o
    0x080129c8   0x080129c8   0x00000070   Code   RO         3303    .text.USBD_CDC_GetHSCfgDesc  usbd_cdc.o
    0x08012a38   0x08012a38   0x0000006c   Code   RO         3307    .text.USBD_CDC_GetOtherSpeedCfgDesc  usbd_cdc.o
    0x08012aa4   0x08012aa4   0x0000021c   Code   RO         3291    .text.USBD_CDC_Init  usbd_cdc.o
    0x08012cc0   0x08012cc0   0x0000007e   Code   RO         3319    .text.USBD_CDC_ReceivePacket  usbd_cdc.o
    0x08012d3e   0x08012d3e   0x00000002   PAD
    0x08012d40   0x08012d40   0x00000034   Code   RO         3311    .text.USBD_CDC_RegisterInterface  usbd_cdc.o
    0x08012d74   0x08012d74   0x0000003c   Code   RO         3315    .text.USBD_CDC_SetRxBuffer  usbd_cdc.o
    0x08012db0   0x08012db0   0x00000046   Code   RO         3313    .text.USBD_CDC_SetTxBuffer  usbd_cdc.o
    0x08012df6   0x08012df6   0x00000002   PAD
    0x08012df8   0x08012df8   0x000001cc   Code   RO         3295    .text.USBD_CDC_Setup  usbd_cdc.o
    0x08012fc4   0x08012fc4   0x00000094   Code   RO         3317    .text.USBD_CDC_TransmitPacket  usbd_cdc.o
    0x08013058   0x08013058   0x00000032   Code   RO         3191    .text.USBD_ClrClassConfig  usbd_core.o
    0x0801308a   0x0801308a   0x00000002   PAD
    0x0801308c   0x0801308c   0x00000040   Code   RO         3246    .text.USBD_ClrFeature  usbd_ctlreq.o
    0x080130cc   0x080130cc   0x0000000e   Code   RO         3199    .text.USBD_CoreFindEP  usbd_core.o
    0x080130da   0x080130da   0x00000002   PAD
    0x080130dc   0x080130dc   0x0000000e   Code   RO         3197    .text.USBD_CoreFindIF  usbd_core.o
    0x080130ea   0x080130ea   0x00000002   PAD
    0x080130ec   0x080130ec   0x0000001e   Code   RO         3276    .text.USBD_CtlContinueRx  usbd_ioreq.o
    0x0801310a   0x0801310a   0x00000002   PAD
    0x0801310c   0x0801310c   0x0000001e   Code   RO         3272    .text.USBD_CtlContinueSendData  usbd_ioreq.o
    0x0801312a   0x0801312a   0x00000002   PAD
    0x0801312c   0x0801312c   0x0000001c   Code   RO         3248    .text.USBD_CtlError  usbd_ctlreq.o
    0x08013148   0x08013148   0x00000036   Code   RO         3274    .text.USBD_CtlPrepareRx  usbd_ioreq.o
    0x0801317e   0x0801317e   0x00000002   PAD
    0x08013180   0x08013180   0x00000022   Code   RO         3280    .text.USBD_CtlReceiveStatus  usbd_ioreq.o
    0x080131a2   0x080131a2   0x00000002   PAD
    0x080131a4   0x080131a4   0x00000032   Code   RO         3270    .text.USBD_CtlSendData  usbd_ioreq.o
    0x080131d6   0x080131d6   0x00000002   PAD
    0x080131d8   0x080131d8   0x00000022   Code   RO         3278    .text.USBD_CtlSendStatus  usbd_ioreq.o
    0x080131fa   0x080131fa   0x00000002   PAD
    0x080131fc   0x080131fc   0x0000004e   Code   RO         3063    .text.USBD_FS_ConfigStrDescriptor  usbd_desc.o
    0x0801324a   0x0801324a   0x00000002   PAD
    0x0801324c   0x0801324c   0x0000001a   Code   RO         3053    .text.USBD_FS_DeviceDescriptor  usbd_desc.o
    0x08013266   0x08013266   0x00000002   PAD
    0x08013268   0x08013268   0x0000004e   Code   RO         3065    .text.USBD_FS_InterfaceStrDescriptor  usbd_desc.o
    0x080132b6   0x080132b6   0x00000002   PAD
    0x080132b8   0x080132b8   0x0000001a   Code   RO         3055    .text.USBD_FS_LangIDStrDescriptor  usbd_desc.o
    0x080132d2   0x080132d2   0x00000002   PAD
    0x080132d4   0x080132d4   0x00000028   Code   RO         3057    .text.USBD_FS_ManufacturerStrDescriptor  usbd_desc.o
    0x080132fc   0x080132fc   0x0000004e   Code   RO         3059    .text.USBD_FS_ProductStrDescriptor  usbd_desc.o
    0x0801334a   0x0801334a   0x00000002   PAD
    0x0801334c   0x0801334c   0x00000020   Code   RO         3061    .text.USBD_FS_SerialStrDescriptor  usbd_desc.o
    0x0801336c   0x0801336c   0x00000064   Code   RO         3240    .text.USBD_GetConfig  usbd_ctlreq.o
    0x080133d0   0x080133d0   0x000002d8   Code   RO         3234    .text.USBD_GetDescriptor  usbd_ctlreq.o
    0x080136a8   0x080136a8   0x00000076   Code   RO         3221    .text.USBD_GetEpDesc  usbd_core.o
    0x0801371e   0x0801371e   0x00000002   PAD
    0x08013720   0x08013720   0x00000032   Code   RO         3260    .text.USBD_GetLen   usbd_ctlreq.o
    0x08013752   0x08013752   0x00000002   PAD
    0x08013754   0x08013754   0x00000026   Code   RO         3223    .text.USBD_GetNextDesc  usbd_core.o
    0x0801377a   0x0801377a   0x00000002   PAD
    0x0801377c   0x0801377c   0x00000062   Code   RO         3242    .text.USBD_GetStatus  usbd_ctlreq.o
    0x080137de   0x080137de   0x00000002   PAD
    0x080137e0   0x080137e0   0x00000098   Code   RO         3258    .text.USBD_GetString  usbd_ctlreq.o
    0x08013878   0x08013878   0x00000052   Code   RO         3136    .text.USBD_Get_USB_Status  usbd_conf.o
    0x080138ca   0x080138ca   0x00000002   PAD
    0x080138cc   0x080138cc   0x0000006a   Code   RO         3177    .text.USBD_Init     usbd_core.o
    0x08013936   0x08013936   0x00000002   PAD
    0x08013938   0x08013938   0x0000003a   Code   RO         3150    .text.USBD_LL_ClearStallEP  usbd_conf.o
    0x08013972   0x08013972   0x00000002   PAD
    0x08013974   0x08013974   0x0000003a   Code   RO         3144    .text.USBD_LL_CloseEP  usbd_conf.o
    0x080139ae   0x080139ae   0x00000002   PAD
    0x080139b0   0x080139b0   0x00000192   Code   RO         3201    .text.USBD_LL_DataInStage  usbd_core.o
    0x08013b42   0x08013b42   0x00000002   PAD
    0x08013b44   0x08013b44   0x000001b4   Code   RO         3195    .text.USBD_LL_DataOutStage  usbd_core.o
    0x08013cf8   0x08013cf8   0x0000000a   Code   RO         3217    .text.USBD_LL_DevConnected  usbd_core.o
    0x08013d02   0x08013d02   0x00000002   PAD
    0x08013d04   0x08013d04   0x00000040   Code   RO         3219    .text.USBD_LL_DevDisconnected  usbd_core.o
    0x08013d44   0x08013d44   0x0000001c   Code   RO         3160    .text.USBD_LL_GetRxDataSize  usbd_conf.o
    0x08013d60   0x08013d60   0x0000007e   Code   RO         3132    .text.USBD_LL_Init  usbd_conf.o
    0x08013dde   0x08013dde   0x00000002   PAD
    0x08013de0   0x08013de0   0x0000005c   Code   RO         3152    .text.USBD_LL_IsStallEP  usbd_conf.o
    0x08013e3c   0x08013e3c   0x0000006e   Code   RO         3213    .text.USBD_LL_IsoINIncomplete  usbd_core.o
    0x08013eaa   0x08013eaa   0x00000002   PAD
    0x08013eac   0x08013eac   0x0000006e   Code   RO         3215    .text.USBD_LL_IsoOUTIncomplete  usbd_core.o
    0x08013f1a   0x08013f1a   0x00000002   PAD
    0x08013f1c   0x08013f1c   0x0000004a   Code   RO         3142    .text.USBD_LL_OpenEP  usbd_conf.o
    0x08013f66   0x08013f66   0x00000002   PAD
    0x08013f68   0x08013f68   0x00000042   Code   RO         3158    .text.USBD_LL_PrepareReceive  usbd_conf.o
    0x08013faa   0x08013faa   0x00000002   PAD
    0x08013fac   0x08013fac   0x0000009c   Code   RO         3203    .text.USBD_LL_Reset  usbd_core.o
    0x08014048   0x08014048   0x00000024   Code   RO         3209    .text.USBD_LL_Resume  usbd_core.o
    0x0801406c   0x0801406c   0x0000003e   Code   RO         3211    .text.USBD_LL_SOF   usbd_core.o
    0x080140aa   0x080140aa   0x00000002   PAD
    0x080140ac   0x080140ac   0x00000016   Code   RO         3205    .text.USBD_LL_SetSpeed  usbd_core.o
    0x080140c2   0x080140c2   0x00000002   PAD
    0x080140c4   0x080140c4   0x0000003a   Code   RO         3154    .text.USBD_LL_SetUSBAddress  usbd_conf.o
    0x080140fe   0x080140fe   0x00000002   PAD
    0x08014100   0x08014100   0x00000094   Code   RO         3193    .text.USBD_LL_SetupStage  usbd_core.o
    0x08014194   0x08014194   0x0000003a   Code   RO         3148    .text.USBD_LL_StallEP  usbd_conf.o
    0x080141ce   0x080141ce   0x00000002   PAD
    0x080141d0   0x080141d0   0x00000032   Code   RO         3138    .text.USBD_LL_Start  usbd_conf.o
    0x08014202   0x08014202   0x00000002   PAD
    0x08014204   0x08014204   0x0000001e   Code   RO         3207    .text.USBD_LL_Suspend  usbd_core.o
    0x08014222   0x08014222   0x00000002   PAD
    0x08014224   0x08014224   0x00000042   Code   RO         3156    .text.USBD_LL_Transmit  usbd_conf.o
    0x08014266   0x08014266   0x00000002   PAD
    0x08014268   0x08014268   0x00000062   Code   RO         3254    .text.USBD_ParseSetupRequest  usbd_ctlreq.o
    0x080142ca   0x080142ca   0x00000002   PAD
    0x080142cc   0x080142cc   0x00000072   Code   RO         3181    .text.USBD_RegisterClass  usbd_core.o
    0x0801433e   0x0801433e   0x00000002   PAD
    0x08014340   0x08014340   0x0000000a   Code   RO         3187    .text.USBD_RunTestMode  usbd_core.o
    0x0801434a   0x0801434a   0x00000002   PAD
    0x0801434c   0x0801434c   0x0000008c   Code   RO         3236    .text.USBD_SetAddress  usbd_ctlreq.o
    0x080143d8   0x080143d8   0x00000036   Code   RO         3189    .text.USBD_SetClassConfig  usbd_core.o
    0x0801440e   0x0801440e   0x00000002   PAD
    0x08014410   0x08014410   0x0000017e   Code   RO         3238    .text.USBD_SetConfig  usbd_ctlreq.o
    0x0801458e   0x0801458e   0x00000002   PAD
    0x08014590   0x08014590   0x0000004e   Code   RO         3244    .text.USBD_SetFeature  usbd_ctlreq.o
    0x080145de   0x080145de   0x00000002   PAD
    0x080145e0   0x080145e0   0x00000010   Code   RO         3183    .text.USBD_Start    usbd_core.o
    0x080145f0   0x080145f0   0x000000cc   Code   RO         3232    .text.USBD_StdDevReq  usbd_ctlreq.o
    0x080146bc   0x080146bc   0x000003ac   Code   RO         3252    .text.USBD_StdEPReq  usbd_ctlreq.o
    0x08014a68   0x08014a68   0x000000f4   Code   RO         3250    .text.USBD_StdItfReq  usbd_ctlreq.o
    0x08014b5c   0x08014b5c   0x00000008   Code   RO         3164    .text.USBD_static_free  usbd_conf.o
    0x08014b64   0x08014b64   0x00000010   Code   RO         3162    .text.USBD_static_malloc  usbd_conf.o
    0x08014b74   0x08014b74   0x000000de   Code   RO          589    .text.USB_ActivateEndpoint  stm32f4xx_ll_usb.o
    0x08014c52   0x08014c52   0x00000002   PAD
    0x08014c54   0x08014c54   0x0000002c   Code   RO          631    .text.USB_ActivateSetup  stm32f4xx_ll_usb.o
    0x08014c80   0x08014c80   0x000000fc   Code   RO          565    .text.USB_CoreInit  stm32f4xx_ll_usb.o
    0x08014d7c   0x08014d7c   0x00000082   Code   RO          567    .text.USB_CoreReset  stm32f4xx_ll_usb.o
    0x08014dfe   0x08014dfe   0x00000002   PAD
    0x08014e00   0x08014e00   0x00000138   Code   RO          593    .text.USB_DeactivateEndpoint  stm32f4xx_ll_usb.o
    0x08014f38   0x08014f38   0x0000002a   Code   RO          615    .text.USB_DevConnect  stm32f4xx_ll_usb.o
    0x08014f62   0x08014f62   0x00000002   PAD
    0x08014f64   0x08014f64   0x0000002a   Code   RO          617    .text.USB_DevDisconnect  stm32f4xx_ll_usb.o
    0x08014f8e   0x08014f8e   0x00000002   PAD
    0x08014f90   0x08014f90   0x000002c2   Code   RO          579    .text.USB_DevInit   stm32f4xx_ll_usb.o
    0x08015252   0x08015252   0x00000002   PAD
    0x08015254   0x08015254   0x00000014   Code   RO          573    .text.USB_DisableGlobalInt  stm32f4xx_ll_usb.o
    0x08015268   0x08015268   0x000001f6   Code   RO          601    .text.USB_EP0StartXfer  stm32f4xx_ll_usb.o
    0x0801545e   0x0801545e   0x00000002   PAD
    0x08015460   0x08015460   0x0000009e   Code   RO          633    .text.USB_EP0_OutStart  stm32f4xx_ll_usb.o
    0x080154fe   0x080154fe   0x00000002   PAD
    0x08015500   0x08015500   0x000000a0   Code   RO          609    .text.USB_EPClearStall  stm32f4xx_ll_usb.o
    0x080155a0   0x080155a0   0x000000a8   Code   RO          607    .text.USB_EPSetStall  stm32f4xx_ll_usb.o
    0x08015648   0x08015648   0x00000368   Code   RO          597    .text.USB_EPStartXfer  stm32f4xx_ll_usb.o
    0x080159b0   0x080159b0   0x0000011c   Code   RO          603    .text.USB_EPStopXfer  stm32f4xx_ll_usb.o
    0x08015acc   0x08015acc   0x00000014   Code   RO          571    .text.USB_EnableGlobalInt  stm32f4xx_ll_usb.o
    0x08015ae0   0x08015ae0   0x00000080   Code   RO          585    .text.USB_FlushRxFifo  stm32f4xx_ll_usb.o
    0x08015b60   0x08015b60   0x00000086   Code   RO          583    .text.USB_FlushTxFifo  stm32f4xx_ll_usb.o
    0x08015be6   0x08015be6   0x00000002   PAD
    0x08015be8   0x08015be8   0x0000004c   Code   RO          587    .text.USB_GetDevSpeed  stm32f4xx_ll_usb.o
    0x08015c34   0x08015c34   0x00000010   Code   RO          577    .text.USB_GetMode   stm32f4xx_ll_usb.o
    0x08015c44   0x08015c44   0x00000024   Code   RO          623    .text.USB_ReadDevAllInEpInterrupt  stm32f4xx_ll_usb.o
    0x08015c68   0x08015c68   0x00000024   Code   RO          621    .text.USB_ReadDevAllOutEpInterrupt  stm32f4xx_ll_usb.o
    0x08015c8c   0x08015c8c   0x0000004e   Code   RO          627    .text.USB_ReadDevInEPInterrupt  stm32f4xx_ll_usb.o
    0x08015cda   0x08015cda   0x00000002   PAD
    0x08015cdc   0x08015cdc   0x0000002e   Code   RO          625    .text.USB_ReadDevOutEPInterrupt  stm32f4xx_ll_usb.o
    0x08015d0a   0x08015d0a   0x00000002   PAD
    0x08015d0c   0x08015d0c   0x0000001a   Code   RO          619    .text.USB_ReadInterrupts  stm32f4xx_ll_usb.o
    0x08015d26   0x08015d26   0x00000002   PAD
    0x08015d28   0x08015d28   0x000000b4   Code   RO          605    .text.USB_ReadPacket  stm32f4xx_ll_usb.o
    0x08015ddc   0x08015ddc   0x000000de   Code   RO          575    .text.USB_SetCurrentMode  stm32f4xx_ll_usb.o
    0x08015eba   0x08015eba   0x00000002   PAD
    0x08015ebc   0x08015ebc   0x00000036   Code   RO          613    .text.USB_SetDevAddress  stm32f4xx_ll_usb.o
    0x08015ef2   0x08015ef2   0x00000002   PAD
    0x08015ef4   0x08015ef4   0x00000022   Code   RO          581    .text.USB_SetDevSpeed  stm32f4xx_ll_usb.o
    0x08015f16   0x08015f16   0x00000002   PAD
    0x08015f18   0x08015f18   0x000001ba   Code   RO          569    .text.USB_SetTurnaroundTime  stm32f4xx_ll_usb.o
    0x080160d2   0x080160d2   0x00000002   PAD
    0x080160d4   0x080160d4   0x00000082   Code   RO          599    .text.USB_WritePacket  stm32f4xx_ll_usb.o
    0x08016156   0x08016156   0x00000002   PAD
    0x08016158   0x08016158   0x00000004   Code   RO          407    .text.UsageFault_Handler  stm32f4xx_it.o
    0x0801615c   0x0801615c   0x00000050   Code   RO         3029    .text.UsbReceive    usb.o
    0x080161ac   0x080161ac   0x00000038   Code   RO         3031    .text.UsbSendMessage  usb.o
    0x080161e4   0x080161e4   0x0000000e   Code   RO          136    .text.YawMotorOfflineCounterUpdate  interruptservice.o
    0x080161f2   0x080161f2   0x00000002   PAD
    0x080161f4   0x080161f4   0x00000030   Code   RO          956    .text.__NVIC_EnableIRQ  stm32f4xx_hal_cortex.o
    0x08016224   0x08016224   0x00000010   Code   RO          948    .text.__NVIC_GetPriorityGrouping  stm32f4xx_hal_cortex.o
    0x08016234   0x08016234   0x00000042   Code   RO          950    .text.__NVIC_SetPriority  stm32f4xx_hal_cortex.o
    0x08016276   0x08016276   0x00000002   PAD
    0x08016278   0x08016278   0x0000003c   Code   RO          944    .text.__NVIC_SetPriorityGrouping  stm32f4xx_hal_cortex.o
    0x080162b4   0x080162b4   0x0000018e   Code   RO         2707    .text.bmi088_accel_init  bmi088driver.o
    0x08016442   0x08016442   0x00000002   PAD
    0x08016444   0x08016444   0x000003b2   Code   RO         2705    .text.bmi088_accel_self_test  bmi088driver.o
    0x080167f6   0x080167f6   0x00000002   PAD
    0x080167f8   0x080167f8   0x00000146   Code   RO         2711    .text.bmi088_gyro_init  bmi088driver.o
    0x0801693e   0x0801693e   0x00000002   PAD
    0x08016940   0x08016940   0x00000122   Code   RO         2709    .text.bmi088_gyro_self_test  bmi088driver.o
    0x08016a62   0x08016a62   0x00000002   PAD
    0x08016a64   0x08016a64   0x00000064   Code   RO         2655    .text.can_filter_init  bsp_can.o
    0x08016ac8   0x08016ac8   0x00000060   Code   RO         2491    .text.cascade_PID_calc  pid.o
    0x08016b28   0x08016b28   0x00000046   Code   RO         2487    .text.cascade_PID_init  pid.o
    0x08016b6e   0x08016b6e   0x00000002   PAD
    0x08016b70   0x08016b70   0x00000064   Code   RO         2786    .text.damiao_receive_data_process  motor.o
    0x08016bd4   0x08016bd4   0x000000ec   Code   RO         2780    .text.damiao_send_data_process  motor.o
    0x08016cc0   0x08016cc0   0x0000003e   Code   RO         2609    .text.delay_init    bsp_delay.o
    0x08016cfe   0x08016cfe   0x00000002   PAD
    0x08016d00   0x08016d00   0x00000096   Code   RO         2611    .text.delay_us      bsp_delay.o
    0x08016d96   0x08016d96   0x00000002   PAD
    0x08016d98   0x08016d98   0x00000058   Code   RO           56    .text.dm4310_circle_enable  calculatethread.o
    0x08016df0   0x08016df0   0x0000003e   Code   RO         2790    .text.dm4310_enable  motor.o
    0x08016e2e   0x08016e2e   0x00000002   PAD
    0x08016e30   0x08016e30   0x00000064   Code   RO         2554    .text.fifo_s_get    fifo.o
    0x08016e94   0x08016e94   0x00000036   Code   RO         2544    .text.fifo_s_init   fifo.o
    0x08016eca   0x08016eca   0x00000002   PAD
    0x08016ecc   0x08016ecc   0x00000102   Code   RO         2550    .text.fifo_s_puts   fifo.o
    0x08016fce   0x08016fce   0x00000002   PAD
    0x08016fd0   0x08016fd0   0x0000000c   Code   RO         2568    .text.fifo_s_used   fifo.o
    0x08016fdc   0x08016fdc   0x00000058   Code   RO         2782    .text.float_to_uint  motor.o
    0x08017034   0x08017034   0x00000050   Code   RO         2450    .text.fp32_constrain  user_lib.o
    0x08017084   0x08017084   0x00000066   Code   RO         2525    .text.get_CRC16_check_sum  crc8_crc16.o
    0x080170ea   0x080170ea   0x00000002   PAD
    0x080170ec   0x080170ec   0x00000044   Code   RO         2519    .text.get_CRC8_check_sum  crc8_crc16.o
    0x08017130   0x08017130   0x000000c8   Code   RO            6    .text.get_angle     attitudethread.o
    0x080171f8   0x080171f8   0x0000000a   Code   RO         2824    .text.get_remote_control_point  remote.o
    0x08017202   0x08017202   0x00000002   PAD
    0x08017204   0x08017204   0x0000000a   Code   RO         3033    .text.get_usb_aimbot_command_point  usb.o
    0x0801720e   0x0801720e   0x00000002   PAD
    0x08017210   0x08017210   0x0000022a   Code   RO           18    .text.imu_cmd_spi_dma  attitudethread.o
    0x0801743a   0x0801743a   0x00000002   PAD
    0x0801743c   0x0801743c   0x0000001a   Code   RO         2624    .text.imu_pwm_set   bsp_imu_pwm.o
    0x08017456   0x08017456   0x00000002   PAD
    0x08017458   0x08017458   0x000000d4   Code   RO           22    .text.imu_temp_control  attitudethread.o
    0x0801752c   0x0801752c   0x000000ee   Code   RO         2884    .text.init_referee_struct_data  refereebehaviour.o
    0x0801761a   0x0801761a   0x00000002   PAD
    0x0801761c   0x0801761c   0x0000005a   Code   RO         2471    .text.invSqrt       mahonyahrs.o
    0x08017676   0x08017676   0x00000002   PAD
    0x08017678   0x08017678   0x000000d4   Code   RO         2454    .text.loop_fp32_constrain  user_lib.o
    0x0801774c   0x0801774c   0x00000106   Code   RO          231    .text.main          main.o
    0x08017852   0x08017852   0x00000002   PAD
    0x08017854   0x08017854   0x00000028   Code   RO         2257    .text.makeFreeRtosPriority  cmsis_os.o
    0x0801787c   0x0801787c   0x00000028   Code   RO         2271    .text.osDelay       cmsis_os.o
    0x080178a4   0x080178a4   0x0000000c   Code   RO         2337    .text.osDelayUntil  cmsis_os.o
    0x080178b0   0x080178b0   0x0000000a   Code   RO         2247    .text.osKernelStart  cmsis_os.o
    0x080178ba   0x080178ba   0x00000002   PAD
    0x080178bc   0x080178bc   0x000000ac   Code   RO         2255    .text.osThreadCreate  cmsis_os.o
    0x08017968   0x08017968   0x000000f4   Code   RO         2131    .text.prvAddCurrentTaskToDelayedList  tasks.o
    0x08017a5c   0x08017a5c   0x00000110   Code   RO         2117    .text.prvAddNewTaskToReadyList  tasks.o
    0x08017b6c   0x08017b6c   0x0000005a   Code   RO         2215    .text.prvCheckTasksWaitingTermination  tasks.o
    0x08017bc6   0x08017bc6   0x00000002   PAD
    0x08017bc8   0x08017bc8   0x0000005e   Code   RO         2123    .text.prvDeleteTCB  tasks.o
    0x08017c26   0x08017c26   0x00000002   PAD
    0x08017c28   0x08017c28   0x000000bc   Code   RO         2369    .text.prvHeapInit   heap_4.o
    0x08017ce4   0x08017ce4   0x00000038   Code   RO         2153    .text.prvIdleTask   tasks.o
    0x08017d1c   0x08017d1c   0x00000114   Code   RO         2115    .text.prvInitialiseNewTask  tasks.o
    0x08017e30   0x08017e30   0x0000008e   Code   RO         2213    .text.prvInitialiseTaskLists  tasks.o
    0x08017ebe   0x08017ebe   0x00000002   PAD
    0x08017ec0   0x08017ec0   0x000000c6   Code   RO         2371    .text.prvInsertBlockIntoFreeList  heap_4.o
    0x08017f86   0x08017f86   0x00000002   PAD
    0x08017f88   0x08017f88   0x00000028   Code   RO         2410    .text.prvPortStartFirstTask  port.o
    0x08017fb0   0x08017fb0   0x00000046   Code   RO         2125    .text.prvResetNextTaskUnblockTime  tasks.o
    0x08017ff6   0x08017ff6   0x00000002   PAD
    0x08017ff8   0x08017ff8   0x0000004c   Code   RO         2400    .text.prvTaskExitError  port.o
    0x08018044   0x08018044   0x000001ec   Code   RO         2367    .text.pvPortMalloc  heap_4.o
    0x08018230   0x08018230   0x0000005e   Code   RO         2398    .text.pxPortInitialiseStack  port.o
    0x0801828e   0x0801828e   0x00000002   PAD
    0x08018290   0x08018290   0x000003ac   Code   RO         2886    .text.referee_data_solve  refereebehaviour.o
    0x0801863c   0x0801863c   0x000001e4   Code   RO          205    .text.referee_unpack_fifo_data  refereethread.o
    0x08018820   0x08018820   0x00000016   Code   RO         2818    .text.remote_control_init  remote.o
    0x08018836   0x08018836   0x00000002   PAD
    0x08018838   0x08018838   0x000001ae   Code   RO         2822    .text.sbus_to_rc    remote.o
    0x080189e6   0x080189e6   0x00000002   PAD
    0x080189e8   0x080189e8   0x00000030   Code   RO         2894    .text.send_bullet_limit  refereebehaviour.o
    0x08018a18   0x08018a18   0x000000b6   Code   RO         2900    .text.send_bullet_speed  refereebehaviour.o
    0x08018ace   0x08018ace   0x00000002   PAD
    0x08018ad0   0x08018ad0   0x0000007e   Code   RO         2892    .text.send_enemy_information  refereebehaviour.o
    0x08018b4e   0x08018b4e   0x00000002   PAD
    0x08018b50   0x08018b50   0x00000052   Code   RO         2890    .text.send_game_status  refereebehaviour.o
    0x08018ba2   0x08018ba2   0x00000002   PAD
    0x08018ba4   0x08018ba4   0x00000088   Code   RO         2898    .text.send_power_heat_data  refereebehaviour.o
    0x08018c2c   0x08018c2c   0x0000005a   Code   RO         2896    .text.send_robot_information  refereebehaviour.o
    0x08018c86   0x08018c86   0x00000002   PAD
    0x08018c88   0x08018c88   0x00000052   Code   RO         2784    .text.uint_to_float  motor.o
    0x08018cda   0x08018cda   0x00000002   PAD
    0x08018cdc   0x08018cdc   0x000000a0   Code   RO         2668    .text.usart3_rx_dma_init  bsp_usart.o
    0x08018d7c   0x08018d7c   0x00000190   Code   RO         2678    .text.usart6_init   bsp_usart.o
    0x08018f0c   0x08018f0c   0x00000048   Code   RO         1985    .text.uxListRemove  list.o
    0x08018f54   0x08018f54   0x0000002a   Code   RO          255    .text.vApplicationGetIdleTaskMemory  freertos.o
    0x08018f7e   0x08018f7e   0x00000002   PAD
    0x08018f80   0x08018f80   0x0000002e   Code   RO         1977    .text.vListInitialise  list.o
    0x08018fae   0x08018fae   0x00000002   PAD
    0x08018fb0   0x08018fb0   0x0000000e   Code   RO         1979    .text.vListInitialiseItem  list.o
    0x08018fbe   0x08018fbe   0x00000002   PAD
    0x08018fc0   0x08018fc0   0x0000006a   Code   RO         1983    .text.vListInsert   list.o
    0x0801902a   0x0801902a   0x00000002   PAD
    0x0801902c   0x0801902c   0x0000003a   Code   RO         1981    .text.vListInsertEnd  list.o
    0x08019066   0x08019066   0x00000002   PAD
    0x08019068   0x08019068   0x00000014   Code   RO         2408    .text.vPortEnableVFP  port.o
    0x0801907c   0x0801907c   0x00000056   Code   RO         2414    .text.vPortEnterCritical  port.o
    0x080190d2   0x080190d2   0x00000002   PAD
    0x080190d4   0x080190d4   0x0000004a   Code   RO         2416    .text.vPortExitCritical  port.o
    0x0801911e   0x0801911e   0x00000002   PAD
    0x08019120   0x08019120   0x000000ce   Code   RO         2373    .text.vPortFree     heap_4.o
    0x080191ee   0x080191ee   0x00000002   PAD
    0x080191f0   0x080191f0   0x00000044   Code   RO         2406    .text.vPortSetupTimerInterrupt  port.o
    0x08019234   0x08019234   0x0000006e   Code   RO         2127    .text.vTaskDelay    tasks.o
    0x080192a2   0x080192a2   0x00000002   PAD
    0x080192a4   0x080192a4   0x000000ce   Code   RO         2151    .text.vTaskStartScheduler  tasks.o
    0x08019372   0x08019372   0x00000002   PAD
    0x08019374   0x08019374   0x00000010   Code   RO         2129    .text.vTaskSuspendAll  tasks.o
    0x08019384   0x08019384   0x000000be   Code   RO         2143    .text.vTaskSwitchContext  tasks.o
    0x08019442   0x08019442   0x00000002   PAD
    0x08019444   0x08019444   0x0000007c   Code   RO         2527    .text.verify_CRC16_check_sum  crc8_crc16.o
    0x080194c0   0x080194c0   0x00000052   Code   RO         2521    .text.verify_CRC8_check_sum  crc8_crc16.o
    0x08019512   0x08019512   0x00000002   PAD
    0x08019514   0x08019514   0x00000156   Code   RO         2404    .text.xPortStartScheduler  port.o
    0x0801966a   0x0801966a   0x00000002   PAD
    0x0801966c   0x0801966c   0x0000009e   Code   RO         2119    .text.xTaskCreate   tasks.o
    0x0801970a   0x0801970a   0x00000002   PAD
    0x0801970c   0x0801970c   0x000000ce   Code   RO         2113    .text.xTaskCreateStatic  tasks.o
    0x080197da   0x080197da   0x00000002   PAD
    0x080197dc   0x080197dc   0x000001b8   Code   RO         2157    .text.xTaskIncrementTick  tasks.o
    0x08019994   0x08019994   0x00000178   Code   RO         2133    .text.xTaskResumeAll  tasks.o
    0x08019b0c   0x08019b0c   0x00000026   Code   RO         3646    i.__ARM_fpclassifyf  m_wm.l(fpclassifyf.o)
    0x08019b32   0x08019b32   0x00000002   PAD
    0x08019b34   0x08019b34   0x0000012c   Code   RO         3433    i.__hardfp_asinf    m_wm.l(asinf.o)
    0x08019c60   0x08019c60   0x000002ac   Code   RO         3439    i.__hardfp_atan2f   m_wm.l(atan2f.o)
    0x08019f0c   0x08019f0c   0x0000007a   Code   RO         3445    i.__hardfp_sqrt     m_wm.l(sqrt.o)
    0x08019f86   0x08019f86   0x00000006   Code   RO         3649    i.__mathlib_flt_infnan  m_wm.l(funder.o)
    0x08019f8c   0x08019f8c   0x00000006   Code   RO         3650    i.__mathlib_flt_infnan2  m_wm.l(funder.o)
    0x08019f92   0x08019f92   0x00000002   PAD
    0x08019f94   0x08019f94   0x00000010   Code   RO         3651    i.__mathlib_flt_invalid  m_wm.l(funder.o)
    0x08019fa4   0x08019fa4   0x00000010   Code   RO         3654    i.__mathlib_flt_underflow  m_wm.l(funder.o)
    0x08019fb4   0x08019fb4   0x0000003e   Code   RO         3664    i.sqrtf             m_wm.l(sqrtf.o)
    0x08019ff2   0x08019ff2   0x00000002   PAD
    0x08019ff4   0x08019ff4   0x00000062   Code   RO         3411    x$fpl$d2f           fz_wm.l(d2f.o)
    0x0801a056   0x0801a056   0x00000002   PAD
    0x0801a058   0x0801a058   0x00000150   Code   RO         3413    x$fpl$dadd          fz_wm.l(daddsub_clz.o)
    0x0801a1a8   0x0801a1a8   0x000002b4   Code   RO         3420    x$fpl$ddiv          fz_wm.l(ddiv.o)
    0x0801a45c   0x0801a45c   0x0000002e   Code   RO         3424    x$fpl$dflt          fz_wm.l(dflt_clz.o)
    0x0801a48a   0x0801a48a   0x00000002   PAD
    0x0801a48c   0x0801a48c   0x00000154   Code   RO         3429    x$fpl$dmul          fz_wm.l(dmul.o)
    0x0801a5e0   0x0801a5e0   0x0000009c   Code   RO         3627    x$fpl$dnaninf       fz_wm.l(dnaninf.o)
    0x0801a67c   0x0801a67c   0x0000000c   Code   RO         3629    x$fpl$dretinf       fz_wm.l(dretinf.o)
    0x0801a688   0x0801a688   0x00000198   Code   RO         3631    x$fpl$dsqrt         fz_wm.l(dsqrt_umaal.o)
    0x0801a820   0x0801a820   0x000001dc   Code   RO         3415    x$fpl$dsub          fz_wm.l(daddsub_clz.o)
    0x0801a9fc   0x0801a9fc   0x00000056   Code   RO         3431    x$fpl$f2d           fz_wm.l(f2d.o)
    0x0801aa52   0x0801aa52   0x0000008c   Code   RO         3633    x$fpl$fnaninf       fz_wm.l(fnaninf.o)
    0x0801aade   0x0801aade   0x0000001a   Code   RO         3734    x$fpl$fpinit        fz_wm.l(fpinit.o)
    0x0801aaf8   0x0801aaf8   0x0000000a   Code   RO         3635    x$fpl$fretinf       fz_wm.l(fretinf.o)
    0x0801ab02   0x0801ab02   0x00000000   Code   RO         3645    x$fpl$usenofp       fz_wm.l(usenofp.o)
    0x0801ab02   0x0801ab02   0x00000002   PAD
    0x0801ab04   0x0801ab04   0x0000001c   Data   RO          266    .rodata..L__const.MX_FREERTOS_Init.os_thread_def_Attitude  freertos.o
    0x0801ab20   0x0801ab20   0x0000001c   Data   RO          268    .rodata..L__const.MX_FREERTOS_Init.os_thread_def_Calculate  freertos.o
    0x0801ab3c   0x0801ab3c   0x0000001c   Data   RO          272    .rodata..L__const.MX_FREERTOS_Init.os_thread_def_Referee  freertos.o
    0x0801ab58   0x0801ab58   0x0000001c   Data   RO          270    .rodata..L__const.MX_FREERTOS_Init.os_thread_def_UI  freertos.o
    0x0801ab74   0x0801ab74   0x0000001c   Data   RO          264    .rodata..L__const.MX_FREERTOS_Init.os_thread_def_defaultTask  freertos.o
    0x0801ab90   0x0801ab90   0x00000010   Data   RO         1938    .rodata.AHBPrescTable  system_stm32f4xx.o
    0x0801aba0   0x0801aba0   0x00000008   Data   RO         1939    .rodata.APBPrescTable  system_stm32f4xx.o
    0x0801aba8   0x0801aba8   0x00000100   Data   RO         2977    .rodata.CRC8_TAB_UI  client_ui.o
    0x0801aca8   0x0801aca8   0x00000100   Data   RO         2532    .rodata.CRC8_table  crc8_crc16.o
    0x0801ada8   0x0801ada8   0x00000008   Data   RO          874    .rodata.DMA_CalcBaseAndBitshift.flagBitshiftOffset  stm32f4xx_hal_dma.o
    0x0801adb0   0x0801adb0   0x00000012   Data   RO         2743    .rodata.bmi088_accel_self_test.write_BMI088_ACCEL_self_test_Reg_Data_Error  bmi088driver.o
    0x0801adc2   0x0801adc2   0x00000002   PAD
    0x0801adc4   0x0801adc4   0x0000000c   Data   RO           37    .rodata.imu_temp_PID  attitudethread.o
    0x0801add0   0x0801add0   0x00000027   Data   RO          191    .rodata.str1.1      uithread.o
    0x0801adf7   0x0801adf7   0x0000002a   Data   RO          263    .rodata.str1.1      freertos.o
    0x0801ae21   0x0801ae21   0x00000005   Data   RO         2228    .rodata.str1.1      tasks.o
    0x0801ae26   0x0801ae26   0x00000042   Data   RO         3075    .rodata.str1.1      usbd_desc.o
    0x0801ae68   0x0801ae68   0x00000200   Data   RO         2979    .rodata.wCRC_Table_UI  client_ui.o
    0x0801b068   0x0801b068   0x00000200   Data   RO         2534    .rodata.wCRC_table  crc8_crc16.o
    0x0801b268   0x0801b268   0x00000020   Data   RO         3880    Region$$Table       anon$$obj.o


    Execution Region RW_IRAM1 (Exec base: 0x20000000, Load base: 0x0801b288, Size: 0x0000bb78, Max: 0x0001c000, ABSOLUTE, COMPRESSED[0x00000168])

    Exec Addr    Load Addr    Size         Type   Attr      Idx    E Section Name        Object

    0x20000000   COMPRESSED   0x0000000c   Data   RW          100    .data.AMMO_LEFT_SPEED_30MS  calculatethread.o
    0x2000000c   COMPRESSED   0x0000000c   Data   RW          101    .data.AMMO_RIGHT_SPEED_30MS  calculatethread.o
    0x20000018   COMPRESSED   0x00000004   Data   RW          120    .data.AMMO_SPEEDSET_30MS_LEFT  calculatethread.o
    0x2000001c   COMPRESSED   0x00000004   Data   RW          121    .data.AMMO_SPEEDSET_30MS_RIGHT  calculatethread.o
    0x20000020   COMPRESSED   0x00000004   Data   RW         2739    .data.BMI088_ACCEL_SEN  bmi088driver.o
    0x20000024   COMPRESSED   0x00000004   Data   RW         2740    .data.BMI088_GYRO_SEN  bmi088driver.o
    0x20000028   COMPRESSED   0x00000001   Data   RW         3325    .data.CDCCmdEpAdd   usbd_cdc.o
    0x20000029   COMPRESSED   0x00000001   Data   RW         3323    .data.CDCInEpAdd    usbd_cdc.o
    0x2000002a   COMPRESSED   0x00000001   Data   RW         3324    .data.CDCOutEpAdd   usbd_cdc.o
    0x2000002b   COMPRESSED   0x00000001   PAD
    0x2000002c   COMPRESSED   0x00000002   Data   RW         2533    .data.CRC16_INIT    crc8_crc16.o
    0x2000002e   COMPRESSED   0x00000002   PAD
    0x20000030   COMPRESSED   0x0000001c   Data   RW         3071    .data.FS_Desc       usbd_desc.o
    0x2000004c   COMPRESSED   0x00000010   Data   RW           32    .data.INS_quat      attitudethread.o
    0x2000005c   COMPRESSED   0x0000000c   Data   RW           99    .data.PITCH_ANGLE_AIMBOT_OPERATE  calculatethread.o
    0x20000068   COMPRESSED   0x0000000c   Data   RW           95    .data.PITCH_ANGLE_MANUAL_OPERATE  calculatethread.o
    0x20000074   COMPRESSED   0x0000000c   Data   RW           91    .data.PITCH_ANGLE_RESET_POSITION  calculatethread.o
    0x20000080   COMPRESSED   0x0000000c   Data   RW           98    .data.PITCH_SPEED_AIMBOT_OPERATE  calculatethread.o
    0x2000008c   COMPRESSED   0x0000000c   Data   RW           94    .data.PITCH_SPEED_MANUAL_OPERATE  calculatethread.o
    0x20000098   COMPRESSED   0x0000000c   Data   RW           90    .data.PITCH_SPEED_RESET_POSITION  calculatethread.o
    0x200000a4   COMPRESSED   0x0000000c   Data   RW          103    .data.ROTOR_FORWARD  calculatethread.o
    0x200000b0   COMPRESSED   0x00000004   Data   RW         1937    .data.SystemCoreClock  system_stm32f4xx.o
    0x200000b4   COMPRESSED   0x00000038   Data   RW         3321    .data.USBD_CDC      usbd_cdc.o
    0x200000ec   COMPRESSED   0x00000043   Data   RW         3326    .data.USBD_CDC_CfgDesc  usbd_cdc.o
    0x2000012f   COMPRESSED   0x00000001   PAD
    0x20000130   COMPRESSED   0x0000000a   Data   RW         3322    .data.USBD_CDC_DeviceQualifierDesc  usbd_cdc.o
    0x2000013a   COMPRESSED   0x00000002   PAD
    0x2000013c   COMPRESSED   0x00000012   Data   RW         3072    .data.USBD_FS_DeviceDesc  usbd_desc.o
    0x2000014e   COMPRESSED   0x00000002   PAD
    0x20000150   COMPRESSED   0x00000014   Data   RW         3096    .data.USBD_Interface_fops_FS  usbd_cdc_if.o
    0x20000164   COMPRESSED   0x00000004   Data   RW         3073    .data.USBD_LangIDDesc  usbd_desc.o
    0x20000168   COMPRESSED   0x0000001a   Data   RW         3074    .data.USBD_StringSerial  usbd_desc.o
    0x20000182   COMPRESSED   0x00000002   PAD
    0x20000184   COMPRESSED   0x0000000c   Data   RW           97    .data.YAW_ANGLE_AIMBOT_OPERATE  calculatethread.o
    0x20000190   COMPRESSED   0x0000000c   Data   RW           93    .data.YAW_ANGLE_MANUAL_OPERATE  calculatethread.o
    0x2000019c   COMPRESSED   0x0000000c   Data   RW           89    .data.YAW_ANGLE_RESET_POSITION  calculatethread.o
    0x200001a8   COMPRESSED   0x0000000c   Data   RW           96    .data.YAW_SPEED_AIMBOT_OPERATE  calculatethread.o
    0x200001b4   COMPRESSED   0x0000000c   Data   RW           92    .data.YAW_SPEED_MANUAL_OPERATE  calculatethread.o
    0x200001c0   COMPRESSED   0x0000000c   Data   RW           88    .data.YAW_SPEED_RESET_POSITION  calculatethread.o
    0x200001cc   COMPRESSED   0x00000009   Data   RW           25    .data.accel_dma_tx_buf  attitudethread.o
    0x200001d5   COMPRESSED   0x00000004   Data   RW           26    .data.accel_temp_dma_tx_buf  attitudethread.o
    0x200001d9   COMPRESSED   0x00000003   PAD
    0x200001dc   COMPRESSED   0x00000004   Data   RW          122    .data.ammo_speed_limit_k  calculatethread.o
    0x200001e0   COMPRESSED   0x00000008   Data   RW           24    .data.gyro_dma_tx_buf  attitudethread.o
    0x200001e8   COMPRESSED   0x00000004   Data   RW           39    .data.n             attitudethread.o
    0x200001ec   COMPRESSED   0x00000004   Data   RW         2473    .data.twoKp         mahonyahrs.o
    0x200001f0   COMPRESSED   0x00000001   Data   RW         1068    .data.uwTickFreq    stm32f4xx_hal.o
    0x200001f1   COMPRESSED   0x00000003   PAD
    0x200001f4   COMPRESSED   0x00000004   Data   RW         1067    .data.uwTickPrio    stm32f4xx_hal.o
    0x200001f8   COMPRESSED   0x00000004   Data   RW         2426    .data.uxCriticalNesting  port.o
    0x200001fc   COMPRESSED   0x00000012   Data   RW         2741    .data.write_BMI088_accel_reg_data_error  bmi088driver.o
    0x2000020e   COMPRESSED   0x00000012   Data   RW         2742    .data.write_BMI088_gyro_reg_data_error  bmi088driver.o
    0x20000220        -       0x00000060   Zero   RW         3673    .bss                c_w.l(libspace.o)
    0x20000280        -       0x00000019   Zero   RW         3035    .bss.Aimbot         usb.o
    0x20000299        -       0x00000019   Zero   RW          106    .bss.Aimbot_G       calculatethread.o
    0x200002b2   COMPRESSED   0x00000002   PAD
    0x200002b4        -       0x00000014   Zero   RW         2808    .bss.AmmoLeftMotorMeasure  motor.o
    0x200002c8        -       0x00000014   Zero   RW         2809    .bss.AmmoRightMotorMeasure  motor.o
    0x200002dc        -       0x00000004   Zero   RW          124    .bss.AmmoSpeedLimit.last_speed_error  calculatethread.o
    0x200002e0        -       0x00000004   Zero   RW          123    .bss.AmmoSpeedLimit.speed_error  calculatethread.o
    0x200002e4        -       0x00000004   Zero   RW          125    .bss.AmmoSpeedLimit.speed_error_number  calculatethread.o
    0x200002e8        -       0x00000004   Zero   RW          267    .bss.AttudThreadHandler  freertos.o
    0x200002ec        -       0x0000000b   Zero   RW         2936    .bss.BulletLimit    refereebehaviour.o
    0x200002f7        -       0x0000000b   Zero   RW         2935    .bss.BulletSpeed    refereebehaviour.o
    0x20000302        -       0x00000001   Zero   RW          116    .bss.CMlast         calculatethread.o
    0x20000303        -       0x00000001   Zero   RW          115    .bss.CMthis         calculatethread.o
    0x20000304        -       0x00000004   Zero   RW          269    .bss.CalcThreadHandler  freertos.o
    0x20000308        -       0x00000014   Zero   RW         2806    .bss.DamiaoPitchMotorMeasure  motor.o
    0x2000031c        -       0x0000000b   Zero   RW         2941    .bss.EnemyInformation  refereebehaviour.o
    0x20000327        -       0x00000001   Zero   RW          118    .bss.FMlast         calculatethread.o
    0x20000328        -       0x00000001   Zero   RW          117    .bss.FMthis         calculatethread.o
    0x20000329        -       0x0000000b   Zero   RW         2943    .bss.GAMESTATUS     refereebehaviour.o
    0x20000334        -       0x00000019   Zero   RW         3036    .bss.GimabalImu     usb.o
    0x2000034d   COMPRESSED   0x00000003   PAD
    0x20000350        -       0x000004ac   Zero   RW          104    .bss.Gimbal         calculatethread.o
    0x200007fc        -       0x00000004   Zero   RW          291    .bss.HAL_RCC_CAN1_CLK_ENABLED  can.o
    0x20000800        -       0x0000000c   Zero   RW           33    .bss.INS_angle      attitudethread.o
    0x2000080c        -       0x0000000c   Zero   RW           34    .bss.INS_palstance  attitudethread.o
    0x20000818        -       0x00000002   Zero   RW         2870    .bss.KeyFormerChannal  remote.o
    0x2000081a        -       0x00000002   Zero   RW         2871    .bss.KeyJumpChannal  remote.o
    0x2000081c        -       0x00000008   Zero   RW         2810    .bss.MotorBusPosition  motor.o
    0x20000824        -       0x00000010   Zero   RW         2798    .bss.MotorSendBuffer  motor.o
    0x20000834        -       0x00000007   Zero   RW          108    .bss.Offline        calculatethread.o
    0x2000083b   COMPRESSED   0x00000001   PAD
    0x2000083c        -       0x0000001c   Zero   RW          173    .bss.OfflineCounter  interruptservice.o
    0x20000858        -       0x00000007   Zero   RW          174    .bss.OfflineMonitor  interruptservice.o
    0x2000085f   COMPRESSED   0x00000001   PAD
    0x20000860        -       0x0000000c   Zero   RW           87    .bss.PITCH_ANGLE_NO_FORCE  calculatethread.o
    0x2000086c        -       0x0000000c   Zero   RW           86    .bss.PITCH_SPEED_NO_FORCE  calculatethread.o
    0x20000878        -       0x00000014   Zero   RW         2805    .bss.PitchMotorMeasure  motor.o
    0x2000088c        -       0x00000016   Zero   RW         2934    .bss.PowerHeatData  refereebehaviour.o
    0x200008a2   COMPRESSED   0x00000002   PAD
    0x200008a4        -       0x0000000c   Zero   RW          102    .bss.ROTOR_UNABLE   calculatethread.o
    0x200008b0        -       0x0000000d   Zero   RW          107    .bss.Referee        calculatethread.o
    0x200008bd   COMPRESSED   0x00000003   PAD
    0x200008c0        -       0x00000004   Zero   RW          273    .bss.RefereeHandle  freertos.o
    0x200008c4        -       0x00000016   Zero   RW          105    .bss.Remote         calculatethread.o
    0x200008da        -       0x0000000b   Zero   RW         2939    .bss.RobotInformation  refereebehaviour.o
    0x200008e5   COMPRESSED   0x00000003   PAD
    0x200008e8        -       0x00000014   Zero   RW         2807    .bss.RotorMotorMeasure  motor.o
    0x200008fc        -       0x00000422   Zero   RW         2930    .bss.SendBuffer     refereebehaviour.o
    0x20000d1e        -       0x00000003   Zero   RW         2942    .bss.SendGameStatus  refereebehaviour.o
    0x20000d21   COMPRESSED   0x00000003   PAD
    0x20000d24        -       0x00000004   Zero   RW          172    .bss.SystemTimer    interruptservice.o
    0x20000d28        -       0x00000004   Zero   RW          271    .bss.UIThreadHandler  freertos.o
    0x20000d2c        -       0x00000001   Zero   RW         2975    .bss.UI_Seq         client_ui.o
    0x20000d2d   COMPRESSED   0x00000001   PAD
    0x20000d2e        -       0x00000002   Zero   RW         2874    .bss.USART3_IRQHandler.this_time_rx_len  remote.o
    0x20000d30        -       0x00000002   Zero   RW          214    .bss.USART6_IRQHandler.this_time_rx_len  refereethread.o
    0x20000d32        -       0x00000001   Zero   RW         3262    .bss.USBD_SetConfig.cfgidx  usbd_ctlreq.o
    0x20000d33   COMPRESSED   0x00000001   PAD
    0x20000d34        -       0x00000200   Zero   RW         3076    .bss.USBD_StrDesc   usbd_desc.o
    0x20000f34        -       0x00000220   Zero   RW         3169    .bss.USBD_static_malloc.mem  usbd_conf.o
    0x20001154        -       0x00000800   Zero   RW         3097    .bss.UserRxBufferFS  usbd_cdc_if.o
    0x20001954        -       0x00000800   Zero   RW         3098    .bss.UserTxBufferFS  usbd_cdc_if.o
    0x20002154        -       0x0000000f   Zero   RW          194    .bss.Vulnerability_data_change  uithread.o
    0x20002163        -       0x00000001   Zero   RW          185    .bss.Vulnerability_flag  uithread.o
    0x20002164        -       0x0000002d   Zero   RW          190    .bss.Vulnerability_text_fixed  uithread.o
    0x20002191   COMPRESSED   0x00000003   PAD
    0x20002194        -       0x0000000c   Zero   RW           85    .bss.YAW_ANGLE_NO_FORCE  calculatethread.o
    0x200021a0        -       0x0000000c   Zero   RW           84    .bss.YAW_SPEED_NO_FORCE  calculatethread.o
    0x200021ac        -       0x00000014   Zero   RW         2804    .bss.YawMotorMeasure  motor.o
    0x200021c0        -       0x00000009   Zero   RW           41    .bss.accel_dma_rx_buf  attitudethread.o
    0x200021c9        -       0x00000004   Zero   RW           42    .bss.accel_temp_dma_rx_buf  attitudethread.o
    0x200021cd        -       0x00000001   Zero   RW           29    .bss.accel_temp_update_flag  attitudethread.o
    0x200021ce        -       0x00000001   Zero   RW           28    .bss.accel_update_flag  attitudethread.o
    0x200021cf   COMPRESSED   0x00000001   PAD
    0x200021d0        -       0x00000024   Zero   RW           35    .bss.bmi088_real_data  attitudethread.o
    0x200021f4        -       0x00000006   Zero   RW         2923    .bss.buff_musk_t    refereebehaviour.o
    0x200021fa        -       0x00000006   Zero   RW         2927    .bss.bullet_remaining_t  refereebehaviour.o
    0x20002200        -       0x00000018   Zero   RW         2659    .bss.can_tx_message  bsp_can.o
    0x20002218        -       0x00000018   Zero   RW         2799    .bss.can_tx_message  motor.o
    0x20002230        -       0x00000004   Zero   RW          437    .bss.counter        stm32f4xx_it.o
    0x20002234        -       0x00000008   Zero   RW         2801    .bss.damiao_data    motor.o
    0x2000223c        -       0x00000006   Zero   RW         2933    .bss.dart_client_cmd_t  refereebehaviour.o
    0x20002242        -       0x00000003   Zero   RW         2932    .bss.dart_remaining_time_t  refereebehaviour.o
    0x20002245        -       0x00000001   Zero   RW          188    .bss.debug_flag     uithread.o
    0x20002246   COMPRESSED   0x00000002   PAD
    0x20002248        -       0x00000004   Zero   RW          265    .bss.defaultTaskHandle  freertos.o
    0x2000224c        -       0x0000000f   Zero   RW          196    .bss.dog_data_change  uithread.o
    0x2000225b        -       0x0000002d   Zero   RW          193    .bss.dog_text_fixed  uithread.o
    0x20002288        -       0x00000008   Zero   RW         2940    .bss.enemy_information  refereebehaviour.o
    0x20002290        -       0x00000004   Zero   RW         2616    .bss.fac_ms         bsp_delay.o
    0x20002294        -       0x00000001   Zero   RW         2615    .bss.fac_us         bsp_delay.o
    0x20002295   COMPRESSED   0x00000003   PAD
    0x20002298        -       0x00000004   Zero   RW         2917    .bss.field_event    refereebehaviour.o
    0x2000229c        -       0x00000001   Zero   RW           44    .bss.first_temperate  attitudethread.o
    0x2000229d        -       0x00000001   Zero   RW          109    .bss.flag_damiao_enable  calculatethread.o
    0x2000229e        -       0x0000000f   Zero   RW          195    .bss.fly_data_change  uithread.o
    0x200022ad        -       0x0000002d   Zero   RW          192    .bss.fly_text_fixed  uithread.o
    0x200022da        -       0x00000001   Zero   RW         2915    .bss.game_result    refereebehaviour.o
    0x200022db   COMPRESSED   0x00000001   PAD
    0x200022dc        -       0x00000020   Zero   RW         2916    .bss.game_robot_HP_t  refereebehaviour.o
    0x200022fc        -       0x0000000c   Zero   RW         2922    .bss.game_robot_pos_t  refereebehaviour.o
    0x20002308        -       0x0000000b   Zero   RW         2914    .bss.game_state     refereebehaviour.o
    0x20002313   COMPRESSED   0x00000001   PAD
    0x20002314        -       0x00000004   Zero   RW          110    .bss.gimbal_init_countdown  calculatethread.o
    0x20002318        -       0x00000008   Zero   RW           38    .bss.gyro_dma_rx_buf  attitudethread.o
    0x20002320        -       0x00000001   Zero   RW           27    .bss.gyro_update_flag  attitudethread.o
    0x20002321   COMPRESSED   0x00000003   PAD
    0x20002324        -       0x000002dc   Zero   RW         3046    .bss.hUsbDeviceFS   usb_device.o
    0x20002600        -       0x00000028   Zero   RW          289    .bss.hcan1          can.o
    0x20002628        -       0x00000028   Zero   RW          290    .bss.hcan2          can.o
    0x20002650        -       0x00000060   Zero   RW          328    .bss.hdma_spi1_rx   spi.o
    0x200026b0        -       0x00000060   Zero   RW          329    .bss.hdma_spi1_tx   spi.o
    0x20002710        -       0x00000060   Zero   RW          388    .bss.hdma_usart1_rx  usart.o
    0x20002770        -       0x00000060   Zero   RW          387    .bss.hdma_usart1_tx  usart.o
    0x200027d0        -       0x00000060   Zero   RW          389    .bss.hdma_usart3_rx  usart.o
    0x20002830        -       0x00000060   Zero   RW          390    .bss.hdma_usart6_rx  usart.o
    0x20002890        -       0x00000060   Zero   RW          391    .bss.hdma_usart6_tx  usart.o
    0x200028f0        -       0x00000054   Zero   RW          313    .bss.hi2c2          i2c.o
    0x20002944        -       0x0000050c   Zero   RW         3168    .bss.hpcd_USB_OTG_FS  usbd_conf.o
    0x20002e50        -       0x00000058   Zero   RW          327    .bss.hspi1          spi.o
    0x20002ea8        -       0x00000048   Zero   RW          359    .bss.htim1          tim.o
    0x20002ef0        -       0x00000048   Zero   RW          366    .bss.htim10         tim.o
    0x20002f38        -       0x00000048   Zero   RW          360    .bss.htim2          tim.o
    0x20002f80        -       0x00000048   Zero   RW          361    .bss.htim3          tim.o
    0x20002fc8        -       0x00000048   Zero   RW          362    .bss.htim4          tim.o
    0x20003010        -       0x00000048   Zero   RW          363    .bss.htim5          tim.o
    0x20003058        -       0x00000048   Zero   RW          364    .bss.htim6          tim.o
    0x200030a0        -       0x00000048   Zero   RW          459    .bss.htim7          stm32f4xx_hal_timebase_tim.o
    0x200030e8        -       0x00000048   Zero   RW          365    .bss.htim8          tim.o
    0x20003130        -       0x00000044   Zero   RW          384    .bss.huart1         usart.o
    0x20003174        -       0x00000044   Zero   RW          385    .bss.huart3         usart.o
    0x200031b8        -       0x00000044   Zero   RW          386    .bss.huart6         usart.o
    0x200031fc        -       0x00000001   Zero   RW           31    .bss.imu_start_dma_flag  attitudethread.o
    0x200031fd        -       0x00000001   Zero   RW           43    .bss.imu_temp_control.temp_constant_time  attitudethread.o
    0x200031fe   COMPRESSED   0x00000002   PAD
    0x20003200        -       0x00000048   Zero   RW           36    .bss.imu_temp_pid   attitudethread.o
    0x20003248        -       0x00000004   Zero   RW         2475    .bss.integralFBx    mahonyahrs.o
    0x2000324c        -       0x00000004   Zero   RW         2476    .bss.integralFBy    mahonyahrs.o
    0x20003250        -       0x00000004   Zero   RW         2477    .bss.integralFBz    mahonyahrs.o
    0x20003254        -       0x00000004   Zero   RW         2802    .bss.p_int          motor.o
    0x20003258        -       0x00000010   Zero   RW         2921    .bss.power_heat_data_t  refereebehaviour.o
    0x20003268        -       0x00000004   Zero   RW         2217    .bss.pxCurrentTCB   tasks.o
    0x2000326c        -       0x00000004   Zero   RW         2234    .bss.pxDelayedTaskList  tasks.o
    0x20003270        -       0x00000004   Zero   RW         2383    .bss.pxEnd          heap_4.o
    0x20003274        -       0x00000004   Zero   RW         2235    .bss.pxOverflowDelayedTaskList  tasks.o
    0x20003278        -       0x0000008c   Zero   RW         2218    .bss.pxReadyTasksLists  tasks.o
    0x20003304        -       0x00000016   Zero   RW         2875    .bss.rc_ctrl        remote.o
    0x2000331a   COMPRESSED   0x00000002   PAD
    0x2000331c        -       0x00000018   Zero   RW          209    .bss.referee_fifo   refereethread.o
    0x20003334        -       0x00000400   Zero   RW          210    .bss.referee_fifo_buf  refereethread.o
    0x20003734        -       0x00000005   Zero   RW         2912    .bss.referee_receive_header  refereebehaviour.o
    0x20003739        -       0x00000005   Zero   RW         2913    .bss.referee_send_header  refereebehaviour.o
    0x2000373e        -       0x00000089   Zero   RW          212    .bss.referee_unpack_obj  refereethread.o
    0x200037c7        -       0x00000003   Zero   RW         2919    .bss.referee_warning_t  refereebehaviour.o
    0x200037ca   COMPRESSED   0x00000002   PAD
    0x200037cc        -       0x00000004   Zero   RW         2928    .bss.rfid_status_t  refereebehaviour.o
    0x200037d0        -       0x00000002   Zero   RW         2924    .bss.robot_energy_t  refereebehaviour.o
    0x200037d2        -       0x00000001   Zero   RW         2925    .bss.robot_hurt_t   refereebehaviour.o
    0x200037d3   COMPRESSED   0x00000001   PAD
    0x200037d4        -       0x00000006   Zero   RW         2938    .bss.robot_information  refereebehaviour.o
    0x200037da        -       0x0000000d   Zero   RW         2920    .bss.robot_state    refereebehaviour.o
    0x200037e7        -       0x00000048   Zero   RW         2873    .bss.sbus_rx_buf    remote.o
    0x2000382f   COMPRESSED   0x00000001   PAD
    0x20003830        -       0x00000004   Zero   RW         2660    .bss.send_mail_box  bsp_can.o
    0x20003834        -       0x00000004   Zero   RW         2800    .bss.send_mail_box  motor.o
    0x20003838        -       0x00000007   Zero   RW         2926    .bss.shoot_data_t   refereebehaviour.o
    0x2000383f        -       0x00000007   Zero   RW         2929    .bss.student_interactive_data_t  refereebehaviour.o
    0x20003846        -       0x00000004   Zero   RW         2918    .bss.supply_projectile_action_t  refereebehaviour.o
    0x2000384a        -       0x00000003   Zero   RW         2931    .bss.supply_projectile_booking_t  refereebehaviour.o
    0x2000384d   COMPRESSED   0x00000003   PAD
    0x20003850        -       0x00000008   Zero   RW           40    .bss.temp_bias      attitudethread.o
    0x20003858        -       0x00000004   Zero   RW         2474    .bss.twoKi          mahonyahrs.o
    0x2000385c        -       0x00003c00   Zero   RW         2390    .bss.ucHeap         heap_4.o
    0x2000745c        -       0x00000001   Zero   RW         2424    .bss.ucMaxSysCallPriority  port.o
    0x2000745d   COMPRESSED   0x00000003   PAD
    0x20007460        -       0x00000004   Zero   RW         2425    .bss.ulMaxPRIGROUPValue  port.o
    0x20007464        -       0x00000400   Zero   RW          211    .bss.usart6_buf     refereethread.o
    0x20007864        -       0x00000004   Zero   RW         1069    .bss.uwTick         stm32f4xx_hal.o
    0x20007868        -       0x00000004   Zero   RW         2223    .bss.uxCurrentNumberOfTasks  tasks.o
    0x2000786c        -       0x00000004   Zero   RW         2222    .bss.uxDeletedTasksWaitingCleanUp  tasks.o
    0x20007870        -       0x00000004   Zero   RW         2225    .bss.uxSchedulerSuspended  tasks.o
    0x20007874        -       0x00000004   Zero   RW         2220    .bss.uxTaskNumber   tasks.o
    0x20007878        -       0x00000004   Zero   RW         2219    .bss.uxTopReadyPriority  tasks.o
    0x2000787c        -       0x00000004   Zero   RW         2803    .bss.v_int          motor.o
    0x20007880        -       0x00000004   Zero   RW         2384    .bss.xBlockAllocatedBit  heap_4.o
    0x20007884        -       0x00000014   Zero   RW         2237    .bss.xDelayedTaskList1  tasks.o
    0x20007898        -       0x00000014   Zero   RW         2238    .bss.xDelayedTaskList2  tasks.o
    0x200078ac        -       0x00000004   Zero   RW         2385    .bss.xFreeBytesRemaining  heap_4.o
    0x200078b0        -       0x00000200   Zero   RW          262    .bss.xIdleStack     freertos.o
    0x20007ab0        -       0x00000004   Zero   RW         2229    .bss.xIdleTaskHandle  tasks.o
    0x20007ab4        -       0x00000054   Zero   RW          261    .bss.xIdleTaskTCBBuffer  freertos.o
    0x20007b08        -       0x00000004   Zero   RW         2387    .bss.xMinimumEverFreeBytesRemaining  heap_4.o
    0x20007b0c        -       0x00000004   Zero   RW         2230    .bss.xNextTaskUnblockTime  tasks.o
    0x20007b10        -       0x00000004   Zero   RW         2236    .bss.xNumOfOverflows  tasks.o
    0x20007b14        -       0x00000004   Zero   RW         2388    .bss.xNumberOfSuccessfulAllocations  heap_4.o
    0x20007b18        -       0x00000004   Zero   RW         2389    .bss.xNumberOfSuccessfulFrees  heap_4.o
    0x20007b1c        -       0x00000004   Zero   RW         2233    .bss.xPendedTicks   tasks.o
    0x20007b20        -       0x00000014   Zero   RW         2227    .bss.xPendingReadyList  tasks.o
    0x20007b34        -       0x00000004   Zero   RW         2224    .bss.xSchedulerRunning  tasks.o
    0x20007b38        -       0x00000008   Zero   RW         2386    .bss.xStart         heap_4.o
    0x20007b40        -       0x00000014   Zero   RW         2226    .bss.xSuspendedTaskList  tasks.o
    0x20007b54        -       0x00000014   Zero   RW         2221    .bss.xTasksWaitingTermination  tasks.o
    0x20007b68        -       0x00000004   Zero   RW         2231    .bss.xTickCount     tasks.o
    0x20007b6c        -       0x00000004   Zero   RW         2232    .bss.xYieldPending  tasks.o
    0x20007b70        -       0x00000004   Zero   RW          119    .bss.yaw_zero_imu   calculatethread.o
    0x20007b74   COMPRESSED   0x00000004   PAD
    0x20007b78        -       0x00002000   Zero   RW          222    HEAP                startup_stm32f407xx.o
    0x20009b78        -       0x00002000   Zero   RW          221    STACK               startup_stm32f407xx.o


    Execution Region RW_IRAM2 (Exec base: 0x2001c000, Load base: 0x0801b3f0, Size: 0x00000000, Max: 0x00004000, ABSOLUTE)

    **** No section assigned to this execution region ****


==============================================================================

Image component sizes


      Code (inc. data)   RO Data    RW Data    ZI Data      Debug   Object Name

      6046         32         12         41        167       6745   attitudethread.o
      3156         12         18         44          0       6013   bmi088driver.o
       166          0          0          0          0       2059   bmi088middleware.o
       184          0          0          0         28       3305   bsp_can.o
       212          0          0          0          5       1577   bsp_delay.o
        26          0          0          0          0        527   bsp_imu_pwm.o
     21956          0          0          0          0       5638   bsp_spi.o
       560          0          0          0          0       2301   bsp_usart.o
      4176         92          0        192       1348       9194   calculatethread.o
       544          0          0          0         84       6475   can.o
      2660          8        768          0          1       8015   client_ui.o
       274          0          0          0          0      16257   cmsis_os.o
       376          0        768          2          0       2188   crc8_crc16.o
       206          0          0          0          0       3340   dma.o
       424          0          0          0          0       9430   fifo.o
       382          0        182          0        616       3223   freertos.o
       592          0          0          0          0       4237   gpio.o
      1084          0          0          0      15392       4421   heap_4.o
       214          0          0          0         84       5064   i2c.o
       858          0          0          0         39       5581   interruptservice.o
       296          0          0          0          0       2224   list.o
      3142         16          0          4         16       3679   mahonyahrs.o
       498          0          0          0          0       5965   main.o
      1528         20          0          0        188       6188   motor.o
       836          0          0          0          0       2718   pid.o
       996         16          0          4          5       3831   port.o
      2030          0          0          0       1303       9119   refereebehaviour.o
       848          6          0          0       2211       3234   refereethread.o
      1322         20          0          0        100       5314   remote.o
       486          0          0          0        280       5093   spi.o
        64         26        392          0      16384        836   startup_stm32f407xx.o
       158          0          0          5          4       7113   stm32f4xx_hal.o
      3088          0          0          0          0      11378   stm32f4xx_hal_can.o
       384          0          0          0          0       9462   stm32f4xx_hal_cortex.o
      1490          8          8          0          0       8505   stm32f4xx_hal_dma.o
      1052          0          0          0          0       5101   stm32f4xx_hal_gpio.o
       676          0          0          0          0      37393   stm32f4xx_hal_i2c.o
        88          0          0          0          0       3362   stm32f4xx_hal_msp.o
      5136          0          0          0          0      14396   stm32f4xx_hal_pcd.o
       192          0          0          0          0       4180   stm32f4xx_hal_pcd_ex.o
      2730          0          0          0          0       7586   stm32f4xx_hal_rcc.o
      1588          0          0          0          0      19765   stm32f4xx_hal_spi.o
      4004         14          0          0          0      35945   stm32f4xx_hal_tim.o
       484          0          0          0          0      15338   stm32f4xx_hal_tim_ex.o
       240          0          0          0         72       7105   stm32f4xx_hal_timebase_tim.o
      1012          0          0          0          0      20233   stm32f4xx_hal_uart.o
       250          0          0          0          4       2224   stm32f4xx_it.o
      5572          0          0          0          0      19141   stm32f4xx_ll_usb.o
        18          0         24          4          0       2529   system_stm32f4xx.o
      2946          0          5          0        300      20358   tasks.o
      2364          0          0          0        576      10853   tim.o
      1596          8         39          0        182       1978   uithread.o
      1176          0          0          0        684       7839   usart.o
       146          0          0          0         50       1581   usb.o
       118          0          0          0        732       3117   usb_device.o
      2518         12          0        136          0      10789   usbd_cdc.o
       312         36          0         20       4096       2706   usbd_cdc_if.o
      1398          4          0          0       1836      14393   usbd_conf.o
      2120          0          0          0          0       8967   usbd_core.o
      3360         30          0          0          1       8536   usbd_ctlreq.o
       572          0         66         76        512       3239   usbd_desc.o
       232          0          0          0          0       4180   usbd_ioreq.o
       292          0          0          0          0       3418   user_lib.o

    ----------------------------------------------------------------------
    103892        360       2316        544      47352     486501   Object Totals
         0          0         32          0          0          0   (incl. Generated)
       438          0          2         16         52          0   (incl. Padding)

    ----------------------------------------------------------------------

      Code (inc. data)   RO Data    RW Data    ZI Data      Debug   Library Member Name

        58          0          0          0          0          0   __dczerorl.o
         8          0          0          0          0         68   __main.o
         0          0          0          0          0          0   __rtentry.o
        12          0          0          0          0          0   __rtentry2.o
         6          0          0          0          0          0   __rtentry4.o
        94          8          0          0          0          0   __scatter.o
        28          0          0          0          0          0   __scatter_zi.o
        22          0          0          0          0        100   _rserrno.o
        18          0          0          0          0         80   exit.o
         6          0          0          0          0        152   heapauxi.o
         0          0          0          0          0          0   indicate_semi.o
         2          0          0          0          0          0   libinit.o
         6          0          0          0          0          0   libinit2.o
         2          0          0          0          0          0   libshutdown.o
         2          0          0          0          0          0   libshutdown2.o
         8          4          0          0         96         68   libspace.o
       240          0          0          0          0        100   lludivv7m.o
         8          4          0          0          0         68   rt_errno_addr_intlibspace.o
        78          0          0          0          0         80   rt_memclr_w.o
       138          0          0          0          0         68   rt_memcpy_v6.o
       100          0          0          0          0         80   rt_memcpy_w.o
         2          0          0          0          0          0   rtexit.o
        10          0          0          0          0          0   rtexit2.o
        12          4          0          0          0         68   sys_exit.o
        74          0          0          0          0         80   sys_stackheap_outer.o
         2          0          0          0          0         68   use_no_semi.o
        98          4          0          0          0        140   d2f.o
       812         16          0          0          0        392   daddsub_clz.o
       692        140          0          0          0        264   ddiv.o
        46          0          0          0          0        116   dflt_clz.o
       340         12          0          0          0        152   dmul.o
       156          4          0          0          0        140   dnaninf.o
        12          0          0          0          0        116   dretinf.o
       408         56          0          0          0        168   dsqrt_umaal.o
        86          4          0          0          0        132   f2d.o
       140          4          0          0          0        132   fnaninf.o
        26          0          0          0          0        116   fpinit.o
        10          0          0          0          0        116   fretinf.o
         0          0          0          0          0          0   usenofp.o
       300         42          0          0          0        176   asinf.o
       684         90          0          0          0        208   atan2f.o
        38          0          0          0          0        116   fpclassifyf.o
        44         12          0          0          0        464   funder.o
       122          0          0          0          0        148   sqrt.o
        62          0          0          0          0        136   sqrtf.o

    ----------------------------------------------------------------------
      5032        404          0          0         96       4312   Library Totals
        20          0          0          0          0          0   (incl. Padding)

    ----------------------------------------------------------------------

      Code (inc. data)   RO Data    RW Data    ZI Data      Debug   Library Name

       936         20          0          0         96       1080   c_w.l
      2826        240          0          0          0       1984   fz_wm.l
      1250        144          0          0          0       1248   m_wm.l

    ----------------------------------------------------------------------
      5032        404          0          0         96       4312   Library Totals

    ----------------------------------------------------------------------

==============================================================================


      Code (inc. data)   RO Data    RW Data    ZI Data      Debug   

    108924        764       2316        544      47448     487193   Grand Totals
    108924        764       2316        360      47448     487193   ELF Image Totals (compressed)
    108924        764       2316        360          0          0   ROM Totals

==============================================================================

    Total RO  Size (Code + RO Data)               111240 ( 108.63kB)
    Total RW  Size (RW Data + ZI Data)             47992 (  46.87kB)
    Total ROM Size (Code + RO Data + RW Data)     111600 ( 108.98kB)

==============================================================================

